###############################################################################
#                                                                             #
# IAR ELF Linker V6.50.3.4676/W32 for ARM               09/Jun/2025  14:34:57 #
# Copyright 2007-2013 IAR Systems AB.                                         #
#                                                                             #
#    Output file  =  I:\Íâ°ü\2¡¢²»Í£µç»»µç±íÖ÷³ÌÐò¿ª·¢2025.05.20\35¡¢VM1-220- #
#                    66(241008·ÂÕæµç±í)\VM1-220-66-241008£¨¹úÍø698·ÂÕæµç±í£©Ó #
#                    ¦ÓÃ³ÌÐò-Ô´Âë\VM1-20-66(241008)698·ÂÕæµç±íÔ´Âë\IAR\Debug\ #
#                    Exe\MB9BF218S.out                                        #
#    Map file     =  I:\Íâ°ü\2¡¢²»Í£µç»»µç±íÖ÷³ÌÐò¿ª·¢2025.05.20\35¡¢VM1-220- #
#                    66(241008·ÂÕæµç±í)\VM1-220-66-241008£¨¹úÍø698·ÂÕæµç±í£©Ó #
#                    ¦ÓÃ³ÌÐò-Ô´Âë\VM1-20-66(241008)698·ÂÕæµç±íÔ´Âë\IAR\Debug\ #
#                    List\MB9BF218S.map                                       #
#    Command line =  "I:\Íâ°ü\2¡¢²»Í£µç»»µç±íÖ÷³ÌÐò¿ª·¢2025.05.20\35¡¢VM1-220 #
#                    -66(241008·ÂÕæµç±í)\VM1-220-66-241008£¨¹úÍø698·ÂÕæµç±í£© #
#                    Ó¦ÓÃ³ÌÐò-Ô´Âë\VM1-20-66(241008)698·ÂÕæµç±íÔ´Âë\IAR\Debug #
#                    \Obj\ATT7022.o" "I:\Íâ°ü\2¡¢²»Í£µç»»µç±íÖ÷³ÌÐò¿ª·¢2025.0 #
#                    5.20\35¡¢VM1-220-66(241008·ÂÕæµç±í)\VM1-220-66-241008£¨¹ #
#                    úÍø698·ÂÕæµç±í£©Ó¦ÓÃ³ÌÐò-Ô´Âë\VM1-20-66(241008)698·ÂÕæµç #
#                    ±íÔ´Âë\IAR\Debug\Obj\Ac7022.o"                           #
#                    "I:\Íâ°ü\2¡¢²»Í£µç»»µç±íÖ÷³ÌÐò¿ª·¢2025.05.20\35¡¢VM1-220 #
#                    -66(241008·ÂÕæµç±í)\VM1-220-66-241008£¨¹úÍø698·ÂÕæµç±í£© #
#                    Ó¦ÓÃ³ÌÐò-Ô´Âë\VM1-20-66(241008)698·ÂÕæµç±íÔ´Âë\IAR\Debug #
#                    \Obj\AppCfg.o" "I:\Íâ°ü\2¡¢²»Í£µç»»µç±íÖ÷³ÌÐò¿ª·¢2025.05 #
#                    .20\35¡¢VM1-220-66(241008·ÂÕæµç±í)\VM1-220-66-241008£¨¹ú #
#                    Íø698·ÂÕæµç±í£©Ó¦ÓÃ³ÌÐò-Ô´Âë\VM1-20-66(241008)698·ÂÕæµç± #
#                    íÔ´Âë\IAR\Debug\Obj\AppDog.o"                            #
#                    "I:\Íâ°ü\2¡¢²»Í£µç»»µç±íÖ÷³ÌÐò¿ª·¢2025.05.20\35¡¢VM1-220 #
#                    -66(241008·ÂÕæµç±í)\VM1-220-66-241008£¨¹úÍø698·ÂÕæµç±í£© #
#                    Ó¦ÓÃ³ÌÐò-Ô´Âë\VM1-20-66(241008)698·ÂÕæµç±íÔ´Âë\IAR\Debug #
#                    \Obj\AssitProt.o" "I:\Íâ°ü\2¡¢²»Í£µç»»µç±íÖ÷³ÌÐò¿ª·¢2025 #
#                    .05.20\35¡¢VM1-220-66(241008·ÂÕæµç±í)\VM1-220-66-241008£ #
#                    ¨¹úÍø698·ÂÕæµç±í£©Ó¦ÓÃ³ÌÐò-Ô´Âë\VM1-20-66(241008)698·ÂÕæ #
#                    µç±íÔ´Âë\IAR\Debug\Obj\AutoTest.o"                       #
#                    "I:\Íâ°ü\2¡¢²»Í£µç»»µç±íÖ÷³ÌÐò¿ª·¢2025.05.20\35¡¢VM1-220 #
#                    -66(241008·ÂÕæµç±í)\VM1-220-66-241008£¨¹úÍø698·ÂÕæµç±í£© #
#                    Ó¦ÓÃ³ÌÐò-Ô´Âë\VM1-20-66(241008)698·ÂÕæµç±íÔ´Âë\IAR\Debug #
#                    \Obj\BSP.o" "I:\Íâ°ü\2¡¢²»Í£µç»»µç±íÖ÷³ÌÐò¿ª·¢2025.05.20 #
#                    \35¡¢VM1-220-66(241008·ÂÕæµç±í)\VM1-220-66-241008£¨¹úÍø6 #
#                    98·ÂÕæµç±í£©Ó¦ÓÃ³ÌÐò-Ô´Âë\VM1-20-66(241008)698·ÂÕæµç±íÔ´ #
#                    Âë\IAR\Debug\Obj\BU97950FUV.o"                           #
#                    "I:\Íâ°ü\2¡¢²»Í£µç»»µç±íÖ÷³ÌÐò¿ª·¢2025.05.20\35¡¢VM1-220 #
#                    -66(241008·ÂÕæµç±í)\VM1-220-66-241008£¨¹úÍø698·ÂÕæµç±í£© #
#                    Ó¦ÓÃ³ÌÐò-Ô´Âë\VM1-20-66(241008)698·ÂÕæµç±íÔ´Âë\IAR\Debug #
#                    \Obj\Base.o" "I:\Íâ°ü\2¡¢²»Í£µç»»µç±íÖ÷³ÌÐò¿ª·¢2025.05.2 #
#                    0\35¡¢VM1-220-66(241008·ÂÕæµç±í)\VM1-220-66-241008£¨¹úÍø #
#                    698·ÂÕæµç±í£©Ó¦ÓÃ³ÌÐò-Ô´Âë\VM1-20-66(241008)698·ÂÕæµç±íÔ #
#                    ´Âë\IAR\Debug\Obj\COMM.o" "I:\Íâ°ü\2¡¢²»Í£µç»»µç±íÖ÷³ÌÐò #
#                    ¿ª·¢2025.05.20\35¡¢VM1-220-66(241008·ÂÕæµç±í)\VM1-220-66 #
#                    -241008£¨¹úÍø698·ÂÕæµç±í£©Ó¦ÓÃ³ÌÐò-Ô´Âë\VM1-20-66(241008 #
#                    )698·ÂÕæµç±íÔ´Âë\IAR\Debug\Obj\CarrCol.o"                #
#                    "I:\Íâ°ü\2¡¢²»Í£µç»»µç±íÖ÷³ÌÐò¿ª·¢2025.05.20\35¡¢VM1-220 #
#                    -66(241008·ÂÕæµç±í)\VM1-220-66-241008£¨¹úÍø698·ÂÕæµç±í£© #
#                    Ó¦ÓÃ³ÌÐò-Ô´Âë\VM1-20-66(241008)698·ÂÕæµç±íÔ´Âë\IAR\Debug #
#                    \Obj\ChkCrc.o" "I:\Íâ°ü\2¡¢²»Í£µç»»µç±íÖ÷³ÌÐò¿ª·¢2025.05 #
#                    .20\35¡¢VM1-220-66(241008·ÂÕæµç±í)\VM1-220-66-241008£¨¹ú #
#                    Íø698·ÂÕæµç±í£©Ó¦ÓÃ³ÌÐò-Ô´Âë\VM1-20-66(241008)698·ÂÕæµç± #
#                    íÔ´Âë\IAR\Debug\Obj\DataItem.o"                          #
#                    "I:\Íâ°ü\2¡¢²»Í£µç»»µç±íÖ÷³ÌÐò¿ª·¢2025.05.20\35¡¢VM1-220 #
#                    -66(241008·ÂÕæµç±í)\VM1-220-66-241008£¨¹úÍø698·ÂÕæµç±í£© #
#                    Ó¦ÓÃ³ÌÐò-Ô´Âë\VM1-20-66(241008)698·ÂÕæµç±íÔ´Âë\IAR\Debug #
#                    \Obj\Dingxin.o" "I:\Íâ°ü\2¡¢²»Í£µç»»µç±íÖ÷³ÌÐò¿ª·¢2025.0 #
#                    5.20\35¡¢VM1-220-66(241008·ÂÕæµç±í)\VM1-220-66-241008£¨¹ #
#                    úÍø698·ÂÕæµç±í£©Ó¦ÓÃ³ÌÐò-Ô´Âë\VM1-20-66(241008)698·ÂÕæµç #
#                    ±íÔ´Âë\main\Disp\Disp.a" "I:\Íâ°ü\2¡¢²»Í£µç»»µç±íÖ÷³ÌÐò¿ #
#                    ª·¢2025.05.20\35¡¢VM1-220-66(241008·ÂÕæµç±í)\VM1-220-66- #
#                    241008£¨¹úÍø698·ÂÕæµç±í£©Ó¦ÓÃ³ÌÐò-Ô´Âë\VM1-20-66(241008) #
#                    698·ÂÕæµç±íÔ´Âë\IAR\Debug\Obj\Dwin.o"                    #
#                    "I:\Íâ°ü\2¡¢²»Í£µç»»µç±íÖ÷³ÌÐò¿ª·¢2025.05.20\35¡¢VM1-220 #
#                    -66(241008·ÂÕæµç±í)\VM1-220-66-241008£¨¹úÍø698·ÂÕæµç±í£© #
#                    Ó¦ÓÃ³ÌÐò-Ô´Âë\VM1-20-66(241008)698·ÂÕæµç±íÔ´Âë\IAR\Debug #
#                    \Obj\FM24CL16.o" "I:\Íâ°ü\2¡¢²»Í£µç»»µç±íÖ÷³ÌÐò¿ª·¢2025. #
#                    05.20\35¡¢VM1-220-66(241008·ÂÕæµç±í)\VM1-220-66-241008£¨ #
#                    ¹úÍø698·ÂÕæµç±í£©Ó¦ÓÃ³ÌÐò-Ô´Âë\VM1-20-66(241008)698·ÂÕæµ #
#                    ç±íÔ´Âë\IAR\Debug\Obj\FileTrans.o"                       #
#                    "I:\Íâ°ü\2¡¢²»Í£µç»»µç±íÖ÷³ÌÐò¿ª·¢2025.05.20\35¡¢VM1-220 #
#                    -66(241008·ÂÕæµç±í)\VM1-220-66-241008£¨¹úÍø698·ÂÕæµç±í£© #
#                    Ó¦ÓÃ³ÌÐò-Ô´Âë\VM1-20-66(241008)698·ÂÕæµç±íÔ´Âë\IAR\Debug #
#                    \Obj\FlashFile.o" "I:\Íâ°ü\2¡¢²»Í£µç»»µç±íÖ÷³ÌÐò¿ª·¢2025 #
#                    .05.20\35¡¢VM1-220-66(241008·ÂÕæµç±í)\VM1-220-66-241008£ #
#                    ¨¹úÍø698·ÂÕæµç±í£©Ó¦ÓÃ³ÌÐò-Ô´Âë\VM1-20-66(241008)698·ÂÕæ #
#                    µç±íÔ´Âë\IAR\Debug\Obj\FlashFileExt.o"                   #
#                    "I:\Íâ°ü\2¡¢²»Í£µç»»µç±íÖ÷³ÌÐò¿ª·¢2025.05.20\35¡¢VM1-220 #
#                    -66(241008·ÂÕæµç±í)\VM1-220-66-241008£¨¹úÍø698·ÂÕæµç±í£© #
#                    Ó¦ÓÃ³ÌÐò-Ô´Âë\VM1-20-66(241008)698·ÂÕæµç±íÔ´Âë\IAR\Debug #
#                    \Obj\Fun.o" "I:\Íâ°ü\2¡¢²»Í£µç»»µç±íÖ÷³ÌÐò¿ª·¢2025.05.20 #
#                    \35¡¢VM1-220-66(241008·ÂÕæµç±í)\VM1-220-66-241008£¨¹úÍø6 #
#                    98·ÂÕæµç±í£©Ó¦ÓÃ³ÌÐò-Ô´Âë\VM1-20-66(241008)698·ÂÕæµç±íÔ´ #
#                    Âë\IAR\Debug\Obj\GB3761CtrlCmd.o"                        #
#                    "I:\Íâ°ü\2¡¢²»Í£µç»»µç±íÖ÷³ÌÐò¿ª·¢2025.05.20\35¡¢VM1-220 #
#                    -66(241008·ÂÕæµç±í)\VM1-220-66-241008£¨¹úÍø698·ÂÕæµç±í£© #
#                    Ó¦ÓÃ³ÌÐò-Ô´Âë\VM1-20-66(241008)698·ÂÕæµç±íÔ´Âë\IAR\Debug #
#                    \Obj\GB3761GetClassI.o" "I:\Íâ°ü\2¡¢²»Í£µç»»µç±íÖ÷³ÌÐò¿ª #
#                    ·¢2025.05.20\35¡¢VM1-220-66(241008·ÂÕæµç±í)\VM1-220-66-2 #
#                    41008£¨¹úÍø698·ÂÕæµç±í£©Ó¦ÓÃ³ÌÐò-Ô´Âë\VM1-20-66(241008)6 #
#                    98·ÂÕæµç±íÔ´Âë\IAR\Debug\Obj\GB3761GetClassII.o"         #
#                    "I:\Íâ°ü\2¡¢²»Í£µç»»µç±íÖ÷³ÌÐò¿ª·¢2025.05.20\35¡¢VM1-220 #
#                    -66(241008·ÂÕæµç±í)\VM1-220-66-241008£¨¹úÍø698·ÂÕæµç±í£© #
#                    Ó¦ÓÃ³ÌÐò-Ô´Âë\VM1-20-66(241008)698·ÂÕæµç±íÔ´Âë\IAR\Debug #
#                    \Obj\GB3761GetPrm.o" "I:\Íâ°ü\2¡¢²»Í£µç»»µç±íÖ÷³ÌÐò¿ª·¢2 #
#                    025.05.20\35¡¢VM1-220-66(241008·ÂÕæµç±í)\VM1-220-66-2410 #
#                    08£¨¹úÍø698·ÂÕæµç±í£©Ó¦ÓÃ³ÌÐò-Ô´Âë\VM1-20-66(241008)698· #
#                    ÂÕæµç±íÔ´Âë\IAR\Debug\Obj\GB3761GetPrmExt.o"             #
#                    "I:\Íâ°ü\2¡¢²»Í£µç»»µç±íÖ÷³ÌÐò¿ª·¢2025.05.20\35¡¢VM1-220 #
#                    -66(241008·ÂÕæµç±í)\VM1-220-66-241008£¨¹úÍø698·ÂÕæµç±í£© #
#                    Ó¦ÓÃ³ÌÐò-Ô´Âë\VM1-20-66(241008)698·ÂÕæµç±íÔ´Âë\IAR\Debug #
#                    \Obj\GB3761SetPrm.o" "I:\Íâ°ü\2¡¢²»Í£µç»»µç±íÖ÷³ÌÐò¿ª·¢2 #
#                    025.05.20\35¡¢VM1-220-66(241008·ÂÕæµç±í)\VM1-220-66-2410 #
#                    08£¨¹úÍø698·ÂÕæµç±í£©Ó¦ÓÃ³ÌÐò-Ô´Âë\VM1-20-66(241008)698· #
#                    ÂÕæµç±íÔ´Âë\IAR\Debug\Obj\GB3761SetPrmExt.o"             #
#                    "I:\Íâ°ü\2¡¢²»Í£µç»»µç±íÖ÷³ÌÐò¿ª·¢2025.05.20\35¡¢VM1-220 #
#                    -66(241008·ÂÕæµç±í)\VM1-220-66-241008£¨¹úÍø698·ÂÕæµç±í£© #
#                    Ó¦ÓÃ³ÌÐò-Ô´Âë\VM1-20-66(241008)698·ÂÕæµç±íÔ´Âë\IAR\Debug #
#                    \Obj\GB3761Trans.o" "I:\Íâ°ü\2¡¢²»Í£µç»»µç±íÖ÷³ÌÐò¿ª·¢20 #
#                    25.05.20\35¡¢VM1-220-66(241008·ÂÕæµç±í)\VM1-220-66-24100 #
#                    8£¨¹úÍø698·ÂÕæµç±í£©Ó¦ÓÃ³ÌÐò-Ô´Âë\VM1-20-66(241008)698·Â #
#                    Õæµç±íÔ´Âë\IAR\Debug\Obj\GB698ActionRequest.o"           #
#                    "I:\Íâ°ü\2¡¢²»Í£µç»»µç±íÖ÷³ÌÐò¿ª·¢2025.05.20\35¡¢VM1-220 #
#                    -66(241008·ÂÕæµç±í)\VM1-220-66-241008£¨¹úÍø698·ÂÕæµç±í£© #
#                    Ó¦ÓÃ³ÌÐò-Ô´Âë\VM1-20-66(241008)698·ÂÕæµç±íÔ´Âë\IAR\Debug #
#                    \Obj\GB698GetRequest.o" "I:\Íâ°ü\2¡¢²»Í£µç»»µç±íÖ÷³ÌÐò¿ª #
#                    ·¢2025.05.20\35¡¢VM1-220-66(241008·ÂÕæµç±í)\VM1-220-66-2 #
#                    41008£¨¹úÍø698·ÂÕæµç±í£©Ó¦ÓÃ³ÌÐò-Ô´Âë\VM1-20-66(241008)6 #
#                    98·ÂÕæµç±íÔ´Âë\IAR\Debug\Obj\GB698ProxyRequest.o"        #
#                    "I:\Íâ°ü\2¡¢²»Í£µç»»µç±íÖ÷³ÌÐò¿ª·¢2025.05.20\35¡¢VM1-220 #
#                    -66(241008·ÂÕæµç±í)\VM1-220-66-241008£¨¹úÍø698·ÂÕæµç±í£© #
#                    Ó¦ÓÃ³ÌÐò-Ô´Âë\VM1-20-66(241008)698·ÂÕæµç±íÔ´Âë\IAR\Debug #
#                    \Obj\GB698ReportRequest.o" "I:\Íâ°ü\2¡¢²»Í£µç»»µç±íÖ÷³ÌÐ #
#                    ò¿ª·¢2025.05.20\35¡¢VM1-220-66(241008·ÂÕæµç±í)\VM1-220-6 #
#                    6-241008£¨¹úÍø698·ÂÕæµç±í£©Ó¦ÓÃ³ÌÐò-Ô´Âë\VM1-20-66(24100 #
#                    8)698·ÂÕæµç±íÔ´Âë\IAR\Debug\Obj\GB698SecurityTrans.o"    #
#                    "I:\Íâ°ü\2¡¢²»Í£µç»»µç±íÖ÷³ÌÐò¿ª·¢2025.05.20\35¡¢VM1-220 #
#                    -66(241008·ÂÕæµç±í)\VM1-220-66-241008£¨¹úÍø698·ÂÕæµç±í£© #
#                    Ó¦ÓÃ³ÌÐò-Ô´Âë\VM1-20-66(241008)698·ÂÕæµç±íÔ´Âë\IAR\Debug #
#                    \Obj\GB698SetRequest.o" "I:\Íâ°ü\2¡¢²»Í£µç»»µç±íÖ÷³ÌÐò¿ª #
#                    ·¢2025.05.20\35¡¢VM1-220-66(241008·ÂÕæµç±í)\VM1-220-66-2 #
#                    41008£¨¹úÍø698·ÂÕæµç±í£©Ó¦ÓÃ³ÌÐò-Ô´Âë\VM1-20-66(241008)6 #
#                    98·ÂÕæµç±íÔ´Âë\IAR\Debug\Obj\GPRS.o"                     #
#                    "I:\Íâ°ü\2¡¢²»Í£µç»»µç±íÖ÷³ÌÐò¿ª·¢2025.05.20\35¡¢VM1-220 #
#                    -66(241008·ÂÕæµç±í)\VM1-220-66-241008£¨¹úÍø698·ÂÕæµç±í£© #
#                    Ó¦ÓÃ³ÌÐò-Ô´Âë\VM1-20-66(241008)698·ÂÕæµç±íÔ´Âë\IAR\Debug #
#                    \Obj\Gb07.o" "I:\Íâ°ü\2¡¢²»Í£µç»»µç±íÖ÷³ÌÐò¿ª·¢2025.05.2 #
#                    0\35¡¢VM1-220-66(241008·ÂÕæµç±í)\VM1-220-66-241008£¨¹úÍø #
#                    698·ÂÕæµç±í£©Ó¦ÓÃ³ÌÐò-Ô´Âë\VM1-20-66(241008)698·ÂÕæµç±íÔ #
#                    ´Âë\IAR\Debug\Obj\Gb97.o" "I:\Íâ°ü\2¡¢²»Í£µç»»µç±íÖ÷³ÌÐò #
#                    ¿ª·¢2025.05.20\35¡¢VM1-220-66(241008·ÂÕæµç±í)\VM1-220-66 #
#                    -241008£¨¹úÍø698·ÂÕæµç±í£©Ó¦ÓÃ³ÌÐò-Ô´Âë\VM1-20-66(241008 #
#                    )698·ÂÕæµç±íÔ´Âë\IAR\Debug\Obj\Global.o"                 #
#                    "I:\Íâ°ü\2¡¢²»Í£µç»»µç±íÖ÷³ÌÐò¿ª·¢2025.05.20\35¡¢VM1-220 #
#                    -66(241008·ÂÕæµç±í)\VM1-220-66-241008£¨¹úÍø698·ÂÕæµç±í£© #
#                    Ó¦ÓÃ³ÌÐò-Ô´Âë\VM1-20-66(241008)698·ÂÕæµç±íÔ´Âë\IAR\Debug #
#                    \Obj\Guimenu.o" "I:\Íâ°ü\2¡¢²»Í£µç»»µç±íÖ÷³ÌÐò¿ª·¢2025.0 #
#                    5.20\35¡¢VM1-220-66(241008·ÂÕæµç±í)\VM1-220-66-241008£¨¹ #
#                    úÍø698·ÂÕæµç±í£©Ó¦ÓÃ³ÌÐò-Ô´Âë\VM1-20-66(241008)698·ÂÕæµç #
#                    ±íÔ´Âë\IAR\Debug\Obj\GuiwinCfg.o"                        #
#                    "I:\Íâ°ü\2¡¢²»Í£µç»»µç±íÖ÷³ÌÐò¿ª·¢2025.05.20\35¡¢VM1-220 #
#                    -66(241008·ÂÕæµç±í)\VM1-220-66-241008£¨¹úÍø698·ÂÕæµç±í£© #
#                    Ó¦ÓÃ³ÌÐò-Ô´Âë\VM1-20-66(241008)698·ÂÕæµç±íÔ´Âë\IAR\Debug #
#                    \Obj\Gw3761.o" "I:\Íâ°ü\2¡¢²»Í£µç»»µç±íÖ÷³ÌÐò¿ª·¢2025.05 #
#                    .20\35¡¢VM1-220-66(241008·ÂÕæµç±í)\VM1-220-66-241008£¨¹ú #
#                    Íø698·ÂÕæµç±í£©Ó¦ÓÃ³ÌÐò-Ô´Âë\VM1-20-66(241008)698·ÂÕæµç± #
#                    íÔ´Âë\IAR\Debug\Obj\Gw3762.o"                            #
#                    "I:\Íâ°ü\2¡¢²»Í£µç»»µç±íÖ÷³ÌÐò¿ª·¢2025.05.20\35¡¢VM1-220 #
#                    -66(241008·ÂÕæµç±í)\VM1-220-66-241008£¨¹úÍø698·ÂÕæµç±í£© #
#                    Ó¦ÓÃ³ÌÐò-Ô´Âë\VM1-20-66(241008)698·ÂÕæµç±íÔ´Âë\IAR\Debug #
#                    \Obj\Gw698.o" "I:\Íâ°ü\2¡¢²»Í£µç»»µç±íÖ÷³ÌÐò¿ª·¢2025.05. #
#                    20\35¡¢VM1-220-66(241008·ÂÕæµç±í)\VM1-220-66-241008£¨¹úÍ #
#                    ø698·ÂÕæµç±í£©Ó¦ÓÃ³ÌÐò-Ô´Âë\VM1-20-66(241008)698·ÂÕæµç±í #
#                    Ô´Âë\IAR\Debug\Obj\IdleTask.o"                           #
#                    "I:\Íâ°ü\2¡¢²»Í£µç»»µç±íÖ÷³ÌÐò¿ª·¢2025.05.20\35¡¢VM1-220 #
#                    -66(241008·ÂÕæµç±í)\VM1-220-66-241008£¨¹úÍø698·ÂÕæµç±í£© #
#                    Ó¦ÓÃ³ÌÐò-Ô´Âë\VM1-20-66(241008)698·ÂÕæµç±íÔ´Âë\IAR\Debug #
#                    \Obj\IntProc.o" "I:\Íâ°ü\2¡¢²»Í£µç»»µç±íÖ÷³ÌÐò¿ª·¢2025.0 #
#                    5.20\35¡¢VM1-220-66(241008·ÂÕæµç±í)\VM1-220-66-241008£¨¹ #
#                    úÍø698·ÂÕæµç±í£©Ó¦ÓÃ³ÌÐò-Ô´Âë\VM1-20-66(241008)698·ÂÕæµç #
#                    ±íÔ´Âë\IAR\Debug\Obj\Key.o"                              #
#                    "I:\Íâ°ü\2¡¢²»Í£µç»»µç±íÖ÷³ÌÐò¿ª·¢2025.05.20\35¡¢VM1-220 #
#                    -66(241008·ÂÕæµç±í)\VM1-220-66-241008£¨¹úÍø698·ÂÕæµç±í£© #
#                    Ó¦ÓÃ³ÌÐò-Ô´Âë\VM1-20-66(241008)698·ÂÕæµç±íÔ´Âë\IAR\Debug #
#                    \Obj\Lcd.o" "I:\Íâ°ü\2¡¢²»Í£µç»»µç±íÖ÷³ÌÐò¿ª·¢2025.05.20 #
#                    \35¡¢VM1-220-66(241008·ÂÕæµç±í)\VM1-220-66-241008£¨¹úÍø6 #
#                    98·ÂÕæµç±í£©Ó¦ÓÃ³ÌÐò-Ô´Âë\VM1-20-66(241008)698·ÂÕæµç±íÔ´ #
#                    Âë\main\comm\LinkCom.a" "I:\Íâ°ü\2¡¢²»Í£µç»»µç±íÖ÷³ÌÐò¿ª #
#                    ·¢2025.05.20\35¡¢VM1-220-66(241008·ÂÕæµç±í)\VM1-220-66-2 #
#                    41008£¨¹úÍø698·ÂÕæµç±í£©Ó¦ÓÃ³ÌÐò-Ô´Âë\VM1-20-66(241008)6 #
#                    98·ÂÕæµç±íÔ´Âë\IAR\Debug\Obj\Login.o"                    #
#                    "I:\Íâ°ü\2¡¢²»Í£µç»»µç±íÖ÷³ÌÐò¿ª·¢2025.05.20\35¡¢VM1-220 #
#                    -66(241008·ÂÕæµç±í)\VM1-220-66-241008£¨¹úÍø698·ÂÕæµç±í£© #
#                    Ó¦ÓÃ³ÌÐò-Ô´Âë\VM1-20-66(241008)698·ÂÕæµç±íÔ´Âë\IAR\Debug #
#                    \Obj\MSecTask.o" "I:\Íâ°ü\2¡¢²»Í£µç»»µç±íÖ÷³ÌÐò¿ª·¢2025. #
#                    05.20\35¡¢VM1-220-66(241008·ÂÕæµç±í)\VM1-220-66-241008£¨ #
#                    ¹úÍø698·ÂÕæµç±í£©Ó¦ÓÃ³ÌÐò-Ô´Âë\VM1-20-66(241008)698·ÂÕæµ #
#                    ç±íÔ´Âë\IAR\Debug\Obj\MemData.o"                         #
#                    "I:\Íâ°ü\2¡¢²»Í£µç»»µç±íÖ÷³ÌÐò¿ª·¢2025.05.20\35¡¢VM1-220 #
#                    -66(241008·ÂÕæµç±í)\VM1-220-66-241008£¨¹úÍø698·ÂÕæµç±í£© #
#                    Ó¦ÓÃ³ÌÐò-Ô´Âë\VM1-20-66(241008)698·ÂÕæµç±íÔ´Âë\IAR\Debug #
#                    \Obj\MemDrv.o" "I:\Íâ°ü\2¡¢²»Í£µç»»µç±íÖ÷³ÌÐò¿ª·¢2025.05 #
#                    .20\35¡¢VM1-220-66(241008·ÂÕæµç±í)\VM1-220-66-241008£¨¹ú #
#                    Íø698·ÂÕæµç±í£©Ó¦ÓÃ³ÌÐò-Ô´Âë\VM1-20-66(241008)698·ÂÕæµç± #
#                    íÔ´Âë\IAR\Debug\Obj\MemDrvExt.o"                         #
#                    "I:\Íâ°ü\2¡¢²»Í£µç»»µç±íÖ÷³ÌÐò¿ª·¢2025.05.20\35¡¢VM1-220 #
#                    -66(241008·ÂÕæµç±í)\VM1-220-66-241008£¨¹úÍø698·ÂÕæµç±í£© #
#                    Ó¦ÓÃ³ÌÐò-Ô´Âë\VM1-20-66(241008)698·ÂÕæµç±íÔ´Âë\IAR\Debug #
#                    \Obj\MemPrm.o" "I:\Íâ°ü\2¡¢²»Í£µç»»µç±íÖ÷³ÌÐò¿ª·¢2025.05 #
#                    .20\35¡¢VM1-220-66(241008·ÂÕæµç±í)\VM1-220-66-241008£¨¹ú #
#                    Íø698·ÂÕæµç±í£©Ó¦ÓÃ³ÌÐò-Ô´Âë\VM1-20-66(241008)698·ÂÕæµç± #
#                    íÔ´Âë\IAR\Debug\Obj\MemTbl.o"                            #
#                    "I:\Íâ°ü\2¡¢²»Í£µç»»µç±íÖ÷³ÌÐò¿ª·¢2025.05.20\35¡¢VM1-220 #
#                    -66(241008·ÂÕæµç±í)\VM1-220-66-241008£¨¹úÍø698·ÂÕæµç±í£© #
#                    Ó¦ÓÃ³ÌÐò-Ô´Âë\VM1-20-66(241008)698·ÂÕæµç±íÔ´Âë\IAR\Debug #
#                    \Obj\PCA9555.o" "I:\Íâ°ü\2¡¢²»Í£µç»»µç±íÖ÷³ÌÐò¿ª·¢2025.0 #
#                    5.20\35¡¢VM1-220-66(241008·ÂÕæµç±í)\VM1-220-66-241008£¨¹ #
#                    úÍø698·ÂÕæµç±í£©Ó¦ÓÃ³ÌÐò-Ô´Âë\VM1-20-66(241008)698·ÂÕæµç #
#                    ±íÔ´Âë\IAR\Debug\Obj\PowerOn.o"                          #
#                    "I:\Íâ°ü\2¡¢²»Í£µç»»µç±íÖ÷³ÌÐò¿ª·¢2025.05.20\35¡¢VM1-220 #
#                    -66(241008·ÂÕæµç±í)\VM1-220-66-241008£¨¹úÍø698·ÂÕæµç±í£© #
#                    Ó¦ÓÃ³ÌÐò-Ô´Âë\VM1-20-66(241008)698·ÂÕæµç±íÔ´Âë\IAR\Debug #
#                    \Obj\PulseCol.o" "I:\Íâ°ü\2¡¢²»Í£µç»»µç±íÖ÷³ÌÐò¿ª·¢2025. #
#                    05.20\35¡¢VM1-220-66(241008·ÂÕæµç±í)\VM1-220-66-241008£¨ #
#                    ¹úÍø698·ÂÕæµç±í£©Ó¦ÓÃ³ÌÐò-Ô´Âë\VM1-20-66(241008)698·ÂÕæµ #
#                    ç±íÔ´Âë\IAR\Debug\Obj\RX8025T.o"                         #
#                    "I:\Íâ°ü\2¡¢²»Í£µç»»µç±íÖ÷³ÌÐò¿ª·¢2025.05.20\35¡¢VM1-220 #
#                    -66(241008·ÂÕæµç±í)\VM1-220-66-241008£¨¹úÍø698·ÂÕæµç±í£© #
#                    Ó¦ÓÃ³ÌÐò-Ô´Âë\VM1-20-66(241008)698·ÂÕæµç±íÔ´Âë\IAR\Debug #
#                    \Obj\RemotCtrl.o" "I:\Íâ°ü\2¡¢²»Í£µç»»µç±íÖ÷³ÌÐò¿ª·¢2025 #
#                    .05.20\35¡¢VM1-220-66(241008·ÂÕæµç±í)\VM1-220-66-241008£ #
#                    ¨¹úÍø698·ÂÕæµç±í£©Ó¦ÓÃ³ÌÐò-Ô´Âë\VM1-20-66(241008)698·ÂÕæ #
#                    µç±íÔ´Âë\IAR\Debug\Obj\Reset.o"                          #
#                    "I:\Íâ°ü\2¡¢²»Í£µç»»µç±íÖ÷³ÌÐò¿ª·¢2025.05.20\35¡¢VM1-220 #
#                    -66(241008·ÂÕæµç±í)\VM1-220-66-241008£¨¹úÍø698·ÂÕæµç±í£© #
#                    Ó¦ÓÃ³ÌÐò-Ô´Âë\VM1-20-66(241008)698·ÂÕæµç±íÔ´Âë\IAR\Debug #
#                    \Obj\Rs485Col.o" "I:\Íâ°ü\2¡¢²»Í£µç»»µç±íÖ÷³ÌÐò¿ª·¢2025. #
#                    05.20\35¡¢VM1-220-66(241008·ÂÕæµç±í)\VM1-220-66-241008£¨ #
#                    ¹úÍø698·ÂÕæµç±í£©Ó¦ÓÃ³ÌÐò-Ô´Âë\VM1-20-66(241008)698·ÂÕæµ #
#                    ç±íÔ´Âë\IAR\Debug\Obj\SST25F032.o"                       #
#                    "I:\Íâ°ü\2¡¢²»Í£µç»»µç±íÖ÷³ÌÐò¿ª·¢2025.05.20\35¡¢VM1-220 #
#                    -66(241008·ÂÕæµç±í)\VM1-220-66-241008£¨¹úÍø698·ÂÕæµç±í£© #
#                    Ó¦ÓÃ³ÌÐò-Ô´Âë\VM1-20-66(241008)698·ÂÕæµç±íÔ´Âë\IAR\Debug #
#                    \Obj\SecTask.o" "I:\Íâ°ü\2¡¢²»Í£µç»»µç±íÖ÷³ÌÐò¿ª·¢2025.0 #
#                    5.20\35¡¢VM1-220-66(241008·ÂÕæµç±í)\VM1-220-66-241008£¨¹ #
#                    úÍø698·ÂÕæµç±í£©Ó¦ÓÃ³ÌÐò-Ô´Âë\VM1-20-66(241008)698·ÂÕæµç #
#                    ±íÔ´Âë\IAR\Debug\Obj\SoftTimer.o"                        #
#                    "I:\Íâ°ü\2¡¢²»Í£µç»»µç±íÖ÷³ÌÐò¿ª·¢2025.05.20\35¡¢VM1-220 #
#                    -66(241008·ÂÕæµç±í)\VM1-220-66-241008£¨¹úÍø698·ÂÕæµç±í£© #
#                    Ó¦ÓÃ³ÌÐò-Ô´Âë\VM1-20-66(241008)698·ÂÕæµç±íÔ´Âë\IAR\Debug #
#                    \Obj\StorageApi.o" "I:\Íâ°ü\2¡¢²»Í£µç»»µç±íÖ÷³ÌÐò¿ª·¢202 #
#                    5.05.20\35¡¢VM1-220-66(241008·ÂÕæµç±í)\VM1-220-66-241008 #
#                    £¨¹úÍø698·ÂÕæµç±í£©Ó¦ÓÃ³ÌÐò-Ô´Âë\VM1-20-66(241008)698·ÂÕ #
#                    æµç±íÔ´Âë\IAR\Debug\Obj\SysRes.o"                        #
#                    "I:\Íâ°ü\2¡¢²»Í£µç»»µç±íÖ÷³ÌÐò¿ª·¢2025.05.20\35¡¢VM1-220 #
#                    -66(241008·ÂÕæµç±í)\VM1-220-66-241008£¨¹úÍø698·ÂÕæµç±í£© #
#                    Ó¦ÓÃ³ÌÐò-Ô´Âë\VM1-20-66(241008)698·ÂÕæµç±íÔ´Âë\IAR\Debug #
#                    \Obj\Telit.o" "I:\Íâ°ü\2¡¢²»Í£µç»»µç±íÖ÷³ÌÐò¿ª·¢2025.05. #
#                    20\35¡¢VM1-220-66(241008·ÂÕæµç±í)\VM1-220-66-241008£¨¹úÍ #
#                    ø698·ÂÕæµç±í£©Ó¦ÓÃ³ÌÐò-Ô´Âë\VM1-20-66(241008)698·ÂÕæµç±í #
#                    Ô´Âë\IAR\Debug\Obj\TimerCount.o"                         #
#                    "I:\Íâ°ü\2¡¢²»Í£µç»»µç±íÖ÷³ÌÐò¿ª·¢2025.05.20\35¡¢VM1-220 #
#                    -66(241008·ÂÕæµç±í)\VM1-220-66-241008£¨¹úÍø698·ÂÕæµç±í£© #
#                    Ó¦ÓÃ³ÌÐò-Ô´Âë\VM1-20-66(241008)698·ÂÕæµç±íÔ´Âë\IAR\Debug #
#                    \Obj\UART.o" "I:\Íâ°ü\2¡¢²»Í£µç»»µç±íÖ÷³ÌÐò¿ª·¢2025.05.2 #
#                    0\35¡¢VM1-220-66(241008·ÂÕæµç±í)\VM1-220-66-241008£¨¹úÍø #
#                    698·ÂÕæµç±í£©Ó¦ÓÃ³ÌÐò-Ô´Âë\VM1-20-66(241008)698·ÂÕæµç±íÔ #
#                    ´Âë\IAR\Debug\Obj\USBApi.o"                              #
#                    "I:\Íâ°ü\2¡¢²»Í£µç»»µç±íÖ÷³ÌÐò¿ª·¢2025.05.20\35¡¢VM1-220 #
#                    -66(241008·ÂÕæµç±í)\VM1-220-66-241008£¨¹úÍø698·ÂÕæµç±í£© #
#                    Ó¦ÓÃ³ÌÐò-Ô´Âë\VM1-20-66(241008)698·ÂÕæµç±íÔ´Âë\IAR\Debug #
#                    \Obj\UsbClass.o" "I:\Íâ°ü\2¡¢²»Í£µç»»µç±íÖ÷³ÌÐò¿ª·¢2025. #
#                    05.20\35¡¢VM1-220-66(241008·ÂÕæµç±í)\VM1-220-66-241008£¨ #
#                    ¹úÍø698·ÂÕæµç±í£©Ó¦ÓÃ³ÌÐò-Ô´Âë\VM1-20-66(241008)698·ÂÕæµ #
#                    ç±íÔ´Âë\IAR\Debug\Obj\UsbClassSupervisor.o"              #
#                    "I:\Íâ°ü\2¡¢²»Í£µç»»µç±íÖ÷³ÌÐò¿ª·¢2025.05.20\35¡¢VM1-220 #
#                    -66(241008·ÂÕæµç±í)\VM1-220-66-241008£¨¹úÍø698·ÂÕæµç±í£© #
#                    Ó¦ÓÃ³ÌÐò-Ô´Âë\VM1-20-66(241008)698·ÂÕæµç±íÔ´Âë\IAR\Debug #
#                    \Obj\UsbDma.o" "I:\Íâ°ü\2¡¢²»Í£µç»»µç±íÖ÷³ÌÐò¿ª·¢2025.05 #
#                    .20\35¡¢VM1-220-66(241008·ÂÕæµç±í)\VM1-220-66-241008£¨¹ú #
#                    Íø698·ÂÕæµç±í£©Ó¦ÓÃ³ÌÐò-Ô´Âë\VM1-20-66(241008)698·ÂÕæµç± #
#                    íÔ´Âë\IAR\Debug\Obj\UsbFunction.o"                       #
#                    "I:\Íâ°ü\2¡¢²»Í£µç»»µç±íÖ÷³ÌÐò¿ª·¢2025.05.20\35¡¢VM1-220 #
#                    -66(241008·ÂÕæµç±í)\VM1-220-66-241008£¨¹úÍø698·ÂÕæµç±í£© #
#                    Ó¦ÓÃ³ÌÐò-Ô´Âë\VM1-20-66(241008)698·ÂÕæµç±íÔ´Âë\IAR\Debug #
#                    \Obj\UsbHost.o" "I:\Íâ°ü\2¡¢²»Í£µç»»µç±íÖ÷³ÌÐò¿ª·¢2025.0 #
#                    5.20\35¡¢VM1-220-66(241008·ÂÕæµç±í)\VM1-220-66-241008£¨¹ #
#                    úÍø698·ÂÕæµç±í£©Ó¦ÓÃ³ÌÐò-Ô´Âë\VM1-20-66(241008)698·ÂÕæµç #
#                    ±íÔ´Âë\IAR\Debug\Obj\UsbInit.o"                          #
#                    "I:\Íâ°ü\2¡¢²»Í£µç»»µç±íÖ÷³ÌÐò¿ª·¢2025.05.20\35¡¢VM1-220 #
#                    -66(241008·ÂÕæµç±í)\VM1-220-66-241008£¨¹úÍø698·ÂÕæµç±í£© #
#                    Ó¦ÓÃ³ÌÐò-Ô´Âë\VM1-20-66(241008)698·ÂÕæµç±íÔ´Âë\IAR\Debug #
#                    \Obj\UsbMassStorage.o" "I:\Íâ°ü\2¡¢²»Í£µç»»µç±íÖ÷³ÌÐò¿ª· #
#                    ¢2025.05.20\35¡¢VM1-220-66(241008·ÂÕæµç±í)\VM1-220-66-24 #
#                    1008£¨¹úÍø698·ÂÕæµç±í£©Ó¦ÓÃ³ÌÐò-Ô´Âë\VM1-20-66(241008)69 #
#                    8·ÂÕæµç±íÔ´Âë\IAR\Debug\Obj\UsbSofTimeout.o"             #
#                    "I:\Íâ°ü\2¡¢²»Í£µç»»µç±íÖ÷³ÌÐò¿ª·¢2025.05.20\35¡¢VM1-220 #
#                    -66(241008·ÂÕæµç±í)\VM1-220-66-241008£¨¹úÍø698·ÂÕæµç±í£© #
#                    Ó¦ÓÃ³ÌÐò-Ô´Âë\VM1-20-66(241008)698·ÂÕæµç±íÔ´Âë\IAR\Debug #
#                    \Obj\WiringProc.o" "I:\Íâ°ü\2¡¢²»Í£µç»»µç±íÖ÷³ÌÐò¿ª·¢202 #
#                    5.05.20\35¡¢VM1-220-66(241008·ÂÕæµç±í)\VM1-220-66-241008 #
#                    £¨¹úÍø698·ÂÕæµç±í£©Ó¦ÓÃ³ÌÐò-Ô´Âë\VM1-20-66(241008)698·ÂÕ #
#                    æµç±íÔ´Âë\IAR\Debug\Obj\ZBMenu.o"                        #
#                    "I:\Íâ°ü\2¡¢²»Í£µç»»µç±íÖ÷³ÌÐò¿ª·¢2025.05.20\35¡¢VM1-220 #
#                    -66(241008·ÂÕæµç±í)\VM1-220-66-241008£¨¹úÍø698·ÂÕæµç±í£© #
#                    Ó¦ÓÃ³ÌÐò-Ô´Âë\VM1-20-66(241008)698·ÂÕæµç±íÔ´Âë\IAR\Debug #
#                    \Obj\api_lib.o" "I:\Íâ°ü\2¡¢²»Í£µç»»µç±íÖ÷³ÌÐò¿ª·¢2025.0 #
#                    5.20\35¡¢VM1-220-66(241008·ÂÕæµç±í)\VM1-220-66-241008£¨¹ #
#                    úÍø698·ÂÕæµç±í£©Ó¦ÓÃ³ÌÐò-Ô´Âë\VM1-20-66(241008)698·ÂÕæµç #
#                    ±íÔ´Âë\IAR\Debug\Obj\api_msg.o"                          #
#                    "I:\Íâ°ü\2¡¢²»Í£µç»»µç±íÖ÷³ÌÐò¿ª·¢2025.05.20\35¡¢VM1-220 #
#                    -66(241008·ÂÕæµç±í)\VM1-220-66-241008£¨¹úÍø698·ÂÕæµç±í£© #
#                    Ó¦ÓÃ³ÌÐò-Ô´Âë\VM1-20-66(241008)698·ÂÕæµç±íÔ´Âë\IAR\Debug #
#                    \Obj\asn1_dec.o" "I:\Íâ°ü\2¡¢²»Í£µç»»µç±íÖ÷³ÌÐò¿ª·¢2025. #
#                    05.20\35¡¢VM1-220-66(241008·ÂÕæµç±í)\VM1-220-66-241008£¨ #
#                    ¹úÍø698·ÂÕæµç±í£©Ó¦ÓÃ³ÌÐò-Ô´Âë\VM1-20-66(241008)698·ÂÕæµ #
#                    ç±íÔ´Âë\IAR\Debug\Obj\asn1_enc.o"                        #
#                    "I:\Íâ°ü\2¡¢²»Í£µç»»µç±íÖ÷³ÌÐò¿ª·¢2025.05.20\35¡¢VM1-220 #
#                    -66(241008·ÂÕæµç±í)\VM1-220-66-241008£¨¹úÍø698·ÂÕæµç±í£© #
#                    Ó¦ÓÃ³ÌÐò-Ô´Âë\VM1-20-66(241008)698·ÂÕæµç±íÔ´Âë\IAR\Debug #
#                    \Obj\auth.o" "I:\Íâ°ü\2¡¢²»Í£µç»»µç±íÖ÷³ÌÐò¿ª·¢2025.05.2 #
#                    0\35¡¢VM1-220-66(241008·ÂÕæµç±í)\VM1-220-66-241008£¨¹úÍø #
#                    698·ÂÕæµç±í£©Ó¦ÓÃ³ÌÐò-Ô´Âë\VM1-20-66(241008)698·ÂÕæµç±íÔ #
#                    ´Âë\IAR\Debug\Obj\autoip.o"                              #
#                    "I:\Íâ°ü\2¡¢²»Í£µç»»µç±íÖ÷³ÌÐò¿ª·¢2025.05.20\35¡¢VM1-220 #
#                    -66(241008·ÂÕæµç±í)\VM1-220-66-241008£¨¹úÍø698·ÂÕæµç±í£© #
#                    Ó¦ÓÃ³ÌÐò-Ô´Âë\VM1-20-66(241008)698·ÂÕæµç±íÔ´Âë\IAR\Debug #
#                    \Obj\bootloaderapi.o" "I:\Íâ°ü\2¡¢²»Í£µç»»µç±íÖ÷³ÌÐò¿ª·¢ #
#                    2025.05.20\35¡¢VM1-220-66(241008·ÂÕæµç±í)\VM1-220-66-241 #
#                    008£¨¹úÍø698·ÂÕæµç±í£©Ó¦ÓÃ³ÌÐò-Ô´Âë\VM1-20-66(241008)698 #
#                    ·ÂÕæµç±íÔ´Âë\IAR\Debug\Obj\bt_fm3.o"                     #
#                    "I:\Íâ°ü\2¡¢²»Í£µç»»µç±íÖ÷³ÌÐò¿ª·¢2025.05.20\35¡¢VM1-220 #
#                    -66(241008·ÂÕæµç±í)\VM1-220-66-241008£¨¹úÍø698·ÂÕæµç±í£© #
#                    Ó¦ÓÃ³ÌÐò-Ô´Âë\VM1-20-66(241008)698·ÂÕæµç±íÔ´Âë\IAR\Debug #
#                    \Obj\chap.o" "I:\Íâ°ü\2¡¢²»Í£µç»»µç±íÖ÷³ÌÐò¿ª·¢2025.05.2 #
#                    0\35¡¢VM1-220-66(241008·ÂÕæµç±í)\VM1-220-66-241008£¨¹úÍø #
#                    698·ÂÕæµç±í£©Ó¦ÓÃ³ÌÐò-Ô´Âë\VM1-20-66(241008)698·ÂÕæµç±íÔ #
#                    ´Âë\IAR\Debug\Obj\chpms.o" "I:\Íâ°ü\2¡¢²»Í£µç»»µç±íÖ÷³ÌÐ #
#                    ò¿ª·¢2025.05.20\35¡¢VM1-220-66(241008·ÂÕæµç±í)\VM1-220-6 #
#                    6-241008£¨¹úÍø698·ÂÕæµç±í£©Ó¦ÓÃ³ÌÐò-Ô´Âë\VM1-20-66(24100 #
#                    8)698·ÂÕæµç±íÔ´Âë\IAR\Debug\Obj\crc32.o"                 #
#                    "I:\Íâ°ü\2¡¢²»Í£µç»»µç±íÖ÷³ÌÐò¿ª·¢2025.05.20\35¡¢VM1-220 #
#                    -66(241008·ÂÕæµç±í)\VM1-220-66-241008£¨¹úÍø698·ÂÕæµç±í£© #
#                    Ó¦ÓÃ³ÌÐò-Ô´Âë\VM1-20-66(241008)698·ÂÕæµç±íÔ´Âë\IAR\Debug #
#                    \Obj\dhcp.o" "I:\Íâ°ü\2¡¢²»Í£µç»»µç±íÖ÷³ÌÐò¿ª·¢2025.05.2 #
#                    0\35¡¢VM1-220-66(241008·ÂÕæµç±í)\VM1-220-66-241008£¨¹úÍø #
#                    698·ÂÕæµç±í£©Ó¦ÓÃ³ÌÐò-Ô´Âë\VM1-20-66(241008)698·ÂÕæµç±íÔ #
#                    ´Âë\IAR\Debug\Obj\diskio.o"                              #
#                    "I:\Íâ°ü\2¡¢²»Í£µç»»µç±íÖ÷³ÌÐò¿ª·¢2025.05.20\35¡¢VM1-220 #
#                    -66(241008·ÂÕæµç±í)\VM1-220-66-241008£¨¹úÍø698·ÂÕæµç±í£© #
#                    Ó¦ÓÃ³ÌÐò-Ô´Âë\VM1-20-66(241008)698·ÂÕæµç±íÔ´Âë\IAR\Debug #
#                    \Obj\dm9161.o" "I:\Íâ°ü\2¡¢²»Í£µç»»µç±íÖ÷³ÌÐò¿ª·¢2025.05 #
#                    .20\35¡¢VM1-220-66(241008·ÂÕæµç±í)\VM1-220-66-241008£¨¹ú #
#                    Íø698·ÂÕæµç±í£©Ó¦ÓÃ³ÌÐò-Ô´Âë\VM1-20-66(241008)698·ÂÕæµç± #
#                    íÔ´Âë\IAR\Debug\Obj\dmac_fm3.o"                          #
#                    "I:\Íâ°ü\2¡¢²»Í£µç»»µç±íÖ÷³ÌÐò¿ª·¢2025.05.20\35¡¢VM1-220 #
#                    -66(241008·ÂÕæµç±í)\VM1-220-66-241008£¨¹úÍø698·ÂÕæµç±í£© #
#                    Ó¦ÓÃ³ÌÐò-Ô´Âë\VM1-20-66(241008)698·ÂÕæµç±íÔ´Âë\IAR\Debug #
#                    \Obj\dns.o" "I:\Íâ°ü\2¡¢²»Í£µç»»µç±íÖ÷³ÌÐò¿ª·¢2025.05.20 #
#                    \35¡¢VM1-220-66(241008·ÂÕæµç±í)\VM1-220-66-241008£¨¹úÍø6 #
#                    98·ÂÕæµç±í£©Ó¦ÓÃ³ÌÐò-Ô´Âë\VM1-20-66(241008)698·ÂÕæµç±íÔ´ #
#                    Âë\IAR\Debug\Obj\emac.o" "I:\Íâ°ü\2¡¢²»Í£µç»»µç±íÖ÷³ÌÐò¿ #
#                    ª·¢2025.05.20\35¡¢VM1-220-66(241008·ÂÕæµç±í)\VM1-220-66- #
#                    241008£¨¹úÍø698·ÂÕæµç±í£©Ó¦ÓÃ³ÌÐò-Ô´Âë\VM1-20-66(241008) #
#                    698·ÂÕæµç±íÔ´Âë\IAR\Debug\Obj\emac_api.o"                #
#                    "I:\Íâ°ü\2¡¢²»Í£µç»»µç±íÖ÷³ÌÐò¿ª·¢2025.05.20\35¡¢VM1-220 #
#                    -66(241008·ÂÕæµç±í)\VM1-220-66-241008£¨¹úÍø698·ÂÕæµç±í£© #
#                    Ó¦ÓÃ³ÌÐò-Ô´Âë\VM1-20-66(241008)698·ÂÕæµç±íÔ´Âë\IAR\Debug #
#                    \Obj\emac_fm3.o" "I:\Íâ°ü\2¡¢²»Í£µç»»µç±íÖ÷³ÌÐò¿ª·¢2025. #
#                    05.20\35¡¢VM1-220-66(241008·ÂÕæµç±í)\VM1-220-66-241008£¨ #
#                    ¹úÍø698·ÂÕæµç±í£©Ó¦ÓÃ³ÌÐò-Ô´Âë\VM1-20-66(241008)698·ÂÕæµ #
#                    ç±íÔ´Âë\IAR\Debug\Obj\err.o"                             #
#                    "I:\Íâ°ü\2¡¢²»Í£µç»»µç±íÖ÷³ÌÐò¿ª·¢2025.05.20\35¡¢VM1-220 #
#                    -66(241008·ÂÕæµç±í)\VM1-220-66-241008£¨¹úÍø698·ÂÕæµç±í£© #
#                    Ó¦ÓÃ³ÌÐò-Ô´Âë\VM1-20-66(241008)698·ÂÕæµç±íÔ´Âë\IAR\Debug #
#                    \Obj\etharp.o" "I:\Íâ°ü\2¡¢²»Í£µç»»µç±íÖ÷³ÌÐò¿ª·¢2025.05 #
#                    .20\35¡¢VM1-220-66(241008·ÂÕæµç±í)\VM1-220-66-241008£¨¹ú #
#                    Íø698·ÂÕæµç±í£©Ó¦ÓÃ³ÌÐò-Ô´Âë\VM1-20-66(241008)698·ÂÕæµç± #
#                    íÔ´Âë\IAR\Debug\Obj\ethernetif.o"                        #
#                    "I:\Íâ°ü\2¡¢²»Í£µç»»µç±íÖ÷³ÌÐò¿ª·¢2025.05.20\35¡¢VM1-220 #
#                    -66(241008·ÂÕæµç±í)\VM1-220-66-241008£¨¹úÍø698·ÂÕæµç±í£© #
#                    Ó¦ÓÃ³ÌÐò-Ô´Âë\VM1-20-66(241008)698·ÂÕæµç±íÔ´Âë\IAR\Debug #
#                    \Obj\ethnetlink.o" "I:\Íâ°ü\2¡¢²»Í£µç»»µç±íÖ÷³ÌÐò¿ª·¢202 #
#                    5.05.20\35¡¢VM1-220-66(241008·ÂÕæµç±í)\VM1-220-66-241008 #
#                    £¨¹úÍø698·ÂÕæµç±í£©Ó¦ÓÃ³ÌÐò-Ô´Âë\VM1-20-66(241008)698·ÂÕ #
#                    æµç±íÔ´Âë\IAR\Debug\Obj\ethnetserlink.o"                 #
#                    "I:\Íâ°ü\2¡¢²»Í£µç»»µç±íÖ÷³ÌÐò¿ª·¢2025.05.20\35¡¢VM1-220 #
#                    -66(241008·ÂÕæµç±í)\VM1-220-66-241008£¨¹úÍø698·ÂÕæµç±í£© #
#                    Ó¦ÓÃ³ÌÐò-Ô´Âë\VM1-20-66(241008)698·ÂÕæµç±íÔ´Âë\IAR\Debug #
#                    \Obj\ff.o" "I:\Íâ°ü\2¡¢²»Í£µç»»µç±íÖ÷³ÌÐò¿ª·¢2025.05.20\ #
#                    35¡¢VM1-220-66(241008·ÂÕæµç±í)\VM1-220-66-241008£¨¹úÍø69 #
#                    8·ÂÕæµç±í£©Ó¦ÓÃ³ÌÐò-Ô´Âë\VM1-20-66(241008)698·ÂÕæµç±íÔ´Â #
#                    ë\IAR\Debug\Obj\flash.o" "I:\Íâ°ü\2¡¢²»Í£µç»»µç±íÖ÷³ÌÐò¿ #
#                    ª·¢2025.05.20\35¡¢VM1-220-66(241008·ÂÕæµç±í)\VM1-220-66- #
#                    241008£¨¹úÍø698·ÂÕæµç±í£©Ó¦ÓÃ³ÌÐò-Ô´Âë\VM1-20-66(241008) #
#                    698·ÂÕæµç±íÔ´Âë\IAR\Debug\Obj\fsm.o"                     #
#                    "I:\Íâ°ü\2¡¢²»Í£µç»»µç±íÖ÷³ÌÐò¿ª·¢2025.05.20\35¡¢VM1-220 #
#                    -66(241008·ÂÕæµç±í)\VM1-220-66-241008£¨¹úÍø698·ÂÕæµç±í£© #
#                    Ó¦ÓÃ³ÌÐò-Ô´Âë\VM1-20-66(241008)698·ÂÕæµç±íÔ´Âë\IAR\Debug #
#                    \Obj\icmp.o" "I:\Íâ°ü\2¡¢²»Í£µç»»µç±íÖ÷³ÌÐò¿ª·¢2025.05.2 #
#                    0\35¡¢VM1-220-66(241008·ÂÕæµç±í)\VM1-220-66-241008£¨¹úÍø #
#                    698·ÂÕæµç±í£©Ó¦ÓÃ³ÌÐò-Ô´Âë\VM1-20-66(241008)698·ÂÕæµç±íÔ #
#                    ´Âë\IAR\Debug\Obj\igmp.o" "I:\Íâ°ü\2¡¢²»Í£µç»»µç±íÖ÷³ÌÐò #
#                    ¿ª·¢2025.05.20\35¡¢VM1-220-66(241008·ÂÕæµç±í)\VM1-220-66 #
#                    -241008£¨¹úÍø698·ÂÕæµç±í£©Ó¦ÓÃ³ÌÐò-Ô´Âë\VM1-20-66(241008 #
#                    )698·ÂÕæµç±íÔ´Âë\IAR\Debug\Obj\inet.o"                   #
#                    "I:\Íâ°ü\2¡¢²»Í£µç»»µç±íÖ÷³ÌÐò¿ª·¢2025.05.20\35¡¢VM1-220 #
#                    -66(241008·ÂÕæµç±í)\VM1-220-66-241008£¨¹úÍø698·ÂÕæµç±í£© #
#                    Ó¦ÓÃ³ÌÐò-Ô´Âë\VM1-20-66(241008)698·ÂÕæµç±íÔ´Âë\IAR\Debug #
#                    \Obj\inet_chksum.o" "I:\Íâ°ü\2¡¢²»Í£µç»»µç±íÖ÷³ÌÐò¿ª·¢20 #
#                    25.05.20\35¡¢VM1-220-66(241008·ÂÕæµç±í)\VM1-220-66-24100 #
#                    8£¨¹úÍø698·ÂÕæµç±í£©Ó¦ÓÃ³ÌÐò-Ô´Âë\VM1-20-66(241008)698·Â #
#                    Õæµç±íÔ´Âë\IAR\Debug\Obj\init.o"                         #
#                    "I:\Íâ°ü\2¡¢²»Í£µç»»µç±íÖ÷³ÌÐò¿ª·¢2025.05.20\35¡¢VM1-220 #
#                    -66(241008·ÂÕæµç±í)\VM1-220-66-241008£¨¹úÍø698·ÂÕæµç±í£© #
#                    Ó¦ÓÃ³ÌÐò-Ô´Âë\VM1-20-66(241008)698·ÂÕæµç±íÔ´Âë\IAR\Debug #
#                    \Obj\io_fm3.o" "I:\Íâ°ü\2¡¢²»Í£µç»»µç±íÖ÷³ÌÐò¿ª·¢2025.05 #
#                    .20\35¡¢VM1-220-66(241008·ÂÕæµç±í)\VM1-220-66-241008£¨¹ú #
#                    Íø698·ÂÕæµç±í£©Ó¦ÓÃ³ÌÐò-Ô´Âë\VM1-20-66(241008)698·ÂÕæµç± #
#                    íÔ´Âë\IAR\Debug\Obj\ip.o" "I:\Íâ°ü\2¡¢²»Í£µç»»µç±íÖ÷³ÌÐò #
#                    ¿ª·¢2025.05.20\35¡¢VM1-220-66(241008·ÂÕæµç±í)\VM1-220-66 #
#                    -241008£¨¹úÍø698·ÂÕæµç±í£©Ó¦ÓÃ³ÌÐò-Ô´Âë\VM1-20-66(241008 #
#                    )698·ÂÕæµç±íÔ´Âë\IAR\Debug\Obj\ip_addr.o"                #
#                    "I:\Íâ°ü\2¡¢²»Í£µç»»µç±íÖ÷³ÌÐò¿ª·¢2025.05.20\35¡¢VM1-220 #
#                    -66(241008·ÂÕæµç±í)\VM1-220-66-241008£¨¹úÍø698·ÂÕæµç±í£© #
#                    Ó¦ÓÃ³ÌÐò-Ô´Âë\VM1-20-66(241008)698·ÂÕæµç±íÔ´Âë\IAR\Debug #
#                    \Obj\ip_frag.o" "I:\Íâ°ü\2¡¢²»Í£µç»»µç±íÖ÷³ÌÐò¿ª·¢2025.0 #
#                    5.20\35¡¢VM1-220-66(241008·ÂÕæµç±í)\VM1-220-66-241008£¨¹ #
#                    úÍø698·ÂÕæµç±í£©Ó¦ÓÃ³ÌÐò-Ô´Âë\VM1-20-66(241008)698·ÂÕæµç #
#                    ±íÔ´Âë\IAR\Debug\Obj\ipcp.o"                             #
#                    "I:\Íâ°ü\2¡¢²»Í£µç»»µç±íÖ÷³ÌÐò¿ª·¢2025.05.20\35¡¢VM1-220 #
#                    -66(241008·ÂÕæµç±í)\VM1-220-66-241008£¨¹úÍø698·ÂÕæµç±í£© #
#                    Ó¦ÓÃ³ÌÐò-Ô´Âë\VM1-20-66(241008)698·ÂÕæµç±íÔ´Âë\IAR\Debug #
#                    \Obj\lcp.o" "I:\Íâ°ü\2¡¢²»Í£µç»»µç±íÖ÷³ÌÐò¿ª·¢2025.05.20 #
#                    \35¡¢VM1-220-66(241008·ÂÕæµç±í)\VM1-220-66-241008£¨¹úÍø6 #
#                    98·ÂÕæµç±í£©Ó¦ÓÃ³ÌÐò-Ô´Âë\VM1-20-66(241008)698·ÂÕæµç±íÔ´ #
#                    Âë\IAR\Debug\Obj\lib_arch.o"                             #
#                    "I:\Íâ°ü\2¡¢²»Í£µç»»µç±íÖ÷³ÌÐò¿ª·¢2025.05.20\35¡¢VM1-220 #
#                    -66(241008·ÂÕæµç±í)\VM1-220-66-241008£¨¹úÍø698·ÂÕæµç±í£© #
#                    Ó¦ÓÃ³ÌÐò-Ô´Âë\VM1-20-66(241008)698·ÂÕæµç±íÔ´Âë\IAR\Debug #
#                    \Obj\linkcomExt.o" "I:\Íâ°ü\2¡¢²»Í£µç»»µç±íÖ÷³ÌÐò¿ª·¢202 #
#                    5.05.20\35¡¢VM1-220-66(241008·ÂÕæµç±í)\VM1-220-66-241008 #
#                    £¨¹úÍø698·ÂÕæµç±í£©Ó¦ÓÃ³ÌÐò-Ô´Âë\VM1-20-66(241008)698·ÂÕ #
#                    æµç±íÔ´Âë\IAR\Debug\Obj\locallink.o"                     #
#                    "I:\Íâ°ü\2¡¢²»Í£µç»»µç±íÖ÷³ÌÐò¿ª·¢2025.05.20\35¡¢VM1-220 #
#                    -66(241008·ÂÕæµç±í)\VM1-220-66-241008£¨¹úÍø698·ÂÕæµç±í£© #
#                    Ó¦ÓÃ³ÌÐò-Ô´Âë\VM1-20-66(241008)698·ÂÕæµç±íÔ´Âë\IAR\Debug #
#                    \Obj\loopif.o" "I:\Íâ°ü\2¡¢²»Í£µç»»µç±íÖ÷³ÌÐò¿ª·¢2025.05 #
#                    .20\35¡¢VM1-220-66(241008·ÂÕæµç±í)\VM1-220-66-241008£¨¹ú #
#                    Íø698·ÂÕæµç±í£©Ó¦ÓÃ³ÌÐò-Ô´Âë\VM1-20-66(241008)698·ÂÕæµç± #
#                    íÔ´Âë\IAR\Debug\Obj\magic.o"                             #
#                    "I:\Íâ°ü\2¡¢²»Í£µç»»µç±íÖ÷³ÌÐò¿ª·¢2025.05.20\35¡¢VM1-220 #
#                    -66(241008·ÂÕæµç±í)\VM1-220-66-241008£¨¹úÍø698·ÂÕæµç±í£© #
#                    Ó¦ÓÃ³ÌÐò-Ô´Âë\VM1-20-66(241008)698·ÂÕæµç±íÔ´Âë\IAR\Debug #
#                    \Obj\main.o" "I:\Íâ°ü\2¡¢²»Í£µç»»µç±íÖ÷³ÌÐò¿ª·¢2025.05.2 #
#                    0\35¡¢VM1-220-66(241008·ÂÕæµç±í)\VM1-220-66-241008£¨¹úÍø #
#                    698·ÂÕæµç±í£©Ó¦ÓÃ³ÌÐò-Ô´Âë\VM1-20-66(241008)698·ÂÕæµç±íÔ #
#                    ´Âë\IAR\Debug\Obj\md5.o" "I:\Íâ°ü\2¡¢²»Í£µç»»µç±íÖ÷³ÌÐò¿ #
#                    ª·¢2025.05.20\35¡¢VM1-220-66(241008·ÂÕæµç±í)\VM1-220-66- #
#                    241008£¨¹úÍø698·ÂÕæµç±í£©Ó¦ÓÃ³ÌÐò-Ô´Âë\VM1-20-66(241008) #
#                    698·ÂÕæµç±íÔ´Âë\IAR\Debug\Obj\mem.o"                     #
#                    "I:\Íâ°ü\2¡¢²»Í£µç»»µç±íÖ÷³ÌÐò¿ª·¢2025.05.20\35¡¢VM1-220 #
#                    -66(241008·ÂÕæµç±í)\VM1-220-66-241008£¨¹úÍø698·ÂÕæµç±í£© #
#                    Ó¦ÓÃ³ÌÐò-Ô´Âë\VM1-20-66(241008)698·ÂÕæµç±íÔ´Âë\IAR\Debug #
#                    \Obj\memp.o" "I:\Íâ°ü\2¡¢²»Í£µç»»µç±íÖ÷³ÌÐò¿ª·¢2025.05.2 #
#                    0\35¡¢VM1-220-66(241008·ÂÕæµç±í)\VM1-220-66-241008£¨¹úÍø #
#                    698·ÂÕæµç±í£©Ó¦ÓÃ³ÌÐò-Ô´Âë\VM1-20-66(241008)698·ÂÕæµç±íÔ #
#                    ´Âë\IAR\Debug\Obj\meter645.o"                            #
#                    "I:\Íâ°ü\2¡¢²»Í£µç»»µç±íÖ÷³ÌÐò¿ª·¢2025.05.20\35¡¢VM1-220 #
#                    -66(241008·ÂÕæµç±í)\VM1-220-66-241008£¨¹úÍø698·ÂÕæµç±í£© #
#                    Ó¦ÓÃ³ÌÐò-Ô´Âë\VM1-20-66(241008)698·ÂÕæµç±íÔ´Âë\IAR\Debug #
#                    \Obj\mfs_fm3.o" "I:\Íâ°ü\2¡¢²»Í£µç»»µç±íÖ÷³ÌÐò¿ª·¢2025.0 #
#                    5.20\35¡¢VM1-220-66(241008·ÂÕæµç±í)\VM1-220-66-241008£¨¹ #
#                    úÍø698·ÂÕæµç±í£©Ó¦ÓÃ³ÌÐò-Ô´Âë\VM1-20-66(241008)698·ÂÕæµç #
#                    ±íÔ´Âë\IAR\Debug\Obj\mib2.o"                             #
#                    "I:\Íâ°ü\2¡¢²»Í£µç»»µç±íÖ÷³ÌÐò¿ª·¢2025.05.20\35¡¢VM1-220 #
#                    -66(241008·ÂÕæµç±í)\VM1-220-66-241008£¨¹úÍø698·ÂÕæµç±í£© #
#                    Ó¦ÓÃ³ÌÐò-Ô´Âë\VM1-20-66(241008)698·ÂÕæµç±íÔ´Âë\IAR\Debug #
#                    \Obj\mib_structs.o" "I:\Íâ°ü\2¡¢²»Í£µç»»µç±íÖ÷³ÌÐò¿ª·¢20 #
#                    25.05.20\35¡¢VM1-220-66(241008·ÂÕæµç±í)\VM1-220-66-24100 #
#                    8£¨¹úÍø698·ÂÕæµç±í£©Ó¦ÓÃ³ÌÐò-Ô´Âë\VM1-20-66(241008)698·Â #
#                    Õæµç±íÔ´Âë\IAR\Debug\Obj\msg_in.o"                       #
#                    "I:\Íâ°ü\2¡¢²»Í£µç»»µç±íÖ÷³ÌÐò¿ª·¢2025.05.20\35¡¢VM1-220 #
#                    -66(241008·ÂÕæµç±í)\VM1-220-66-241008£¨¹úÍø698·ÂÕæµç±í£© #
#                    Ó¦ÓÃ³ÌÐò-Ô´Âë\VM1-20-66(241008)698·ÂÕæµç±íÔ´Âë\IAR\Debug #
#                    \Obj\msg_out.o" "I:\Íâ°ü\2¡¢²»Í£µç»»µç±íÖ÷³ÌÐò¿ª·¢2025.0 #
#                    5.20\35¡¢VM1-220-66(241008·ÂÕæµç±í)\VM1-220-66-241008£¨¹ #
#                    úÍø698·ÂÕæµç±í£©Ó¦ÓÃ³ÌÐò-Ô´Âë\VM1-20-66(241008)698·ÂÕæµç #
#                    ±íÔ´Âë\IAR\Debug\Obj\netbuf.o"                           #
#                    "I:\Íâ°ü\2¡¢²»Í£µç»»µç±íÖ÷³ÌÐò¿ª·¢2025.05.20\35¡¢VM1-220 #
#                    -66(241008·ÂÕæµç±í)\VM1-220-66-241008£¨¹úÍø698·ÂÕæµç±í£© #
#                    Ó¦ÓÃ³ÌÐò-Ô´Âë\VM1-20-66(241008)698·ÂÕæµç±íÔ´Âë\IAR\Debug #
#                    \Obj\netdb.o" "I:\Íâ°ü\2¡¢²»Í£µç»»µç±íÖ÷³ÌÐò¿ª·¢2025.05. #
#                    20\35¡¢VM1-220-66(241008·ÂÕæµç±í)\VM1-220-66-241008£¨¹úÍ #
#                    ø698·ÂÕæµç±í£©Ó¦ÓÃ³ÌÐò-Ô´Âë\VM1-20-66(241008)698·ÂÕæµç±í #
#                    Ô´Âë\IAR\Debug\Obj\netif.o"                              #
#                    "I:\Íâ°ü\2¡¢²»Í£µç»»µç±íÖ÷³ÌÐò¿ª·¢2025.05.20\35¡¢VM1-220 #
#                    -66(241008·ÂÕæµç±í)\VM1-220-66-241008£¨¹úÍø698·ÂÕæµç±í£© #
#                    Ó¦ÓÃ³ÌÐò-Ô´Âë\VM1-20-66(241008)698·ÂÕæµç±íÔ´Âë\IAR\Debug #
#                    \Obj\netifapi.o" "I:\Íâ°ü\2¡¢²»Í£µç»»µç±íÖ÷³ÌÐò¿ª·¢2025. #
#                    05.20\35¡¢VM1-220-66(241008·ÂÕæµç±í)\VM1-220-66-241008£¨ #
#                    ¹úÍø698·ÂÕæµç±í£©Ó¦ÓÃ³ÌÐò-Ô´Âë\VM1-20-66(241008)698·ÂÕæµ #
#                    ç±íÔ´Âë\IAR\Debug\Obj\os_core.o"                         #
#                    "I:\Íâ°ü\2¡¢²»Í£µç»»µç±íÖ÷³ÌÐò¿ª·¢2025.05.20\35¡¢VM1-220 #
#                    -66(241008·ÂÕæµç±í)\VM1-220-66-241008£¨¹úÍø698·ÂÕæµç±í£© #
#                    Ó¦ÓÃ³ÌÐò-Ô´Âë\VM1-20-66(241008)698·ÂÕæµç±íÔ´Âë\IAR\Debug #
#                    \Obj\os_cpu_a.o" "I:\Íâ°ü\2¡¢²»Í£µç»»µç±íÖ÷³ÌÐò¿ª·¢2025. #
#                    05.20\35¡¢VM1-220-66(241008·ÂÕæµç±í)\VM1-220-66-241008£¨ #
#                    ¹úÍø698·ÂÕæµç±í£©Ó¦ÓÃ³ÌÐò-Ô´Âë\VM1-20-66(241008)698·ÂÕæµ #
#                    ç±íÔ´Âë\IAR\Debug\Obj\os_cpu_c.o"                        #
#                    "I:\Íâ°ü\2¡¢²»Í£µç»»µç±íÖ÷³ÌÐò¿ª·¢2025.05.20\35¡¢VM1-220 #
#                    -66(241008·ÂÕæµç±í)\VM1-220-66-241008£¨¹úÍø698·ÂÕæµç±í£© #
#                    Ó¦ÓÃ³ÌÐò-Ô´Âë\VM1-20-66(241008)698·ÂÕæµç±íÔ´Âë\IAR\Debug #
#                    \Obj\os_dbg.o" "I:\Íâ°ü\2¡¢²»Í£µç»»µç±íÖ÷³ÌÐò¿ª·¢2025.05 #
#                    .20\35¡¢VM1-220-66(241008·ÂÕæµç±í)\VM1-220-66-241008£¨¹ú #
#                    Íø698·ÂÕæµç±í£©Ó¦ÓÃ³ÌÐò-Ô´Âë\VM1-20-66(241008)698·ÂÕæµç± #
#                    íÔ´Âë\IAR\Debug\Obj\os_flag.o"                           #
#                    "I:\Íâ°ü\2¡¢²»Í£µç»»µç±íÖ÷³ÌÐò¿ª·¢2025.05.20\35¡¢VM1-220 #
#                    -66(241008·ÂÕæµç±í)\VM1-220-66-241008£¨¹úÍø698·ÂÕæµç±í£© #
#                    Ó¦ÓÃ³ÌÐò-Ô´Âë\VM1-20-66(241008)698·ÂÕæµç±íÔ´Âë\IAR\Debug #
#                    \Obj\os_mbox.o" "I:\Íâ°ü\2¡¢²»Í£µç»»µç±íÖ÷³ÌÐò¿ª·¢2025.0 #
#                    5.20\35¡¢VM1-220-66(241008·ÂÕæµç±í)\VM1-220-66-241008£¨¹ #
#                    úÍø698·ÂÕæµç±í£©Ó¦ÓÃ³ÌÐò-Ô´Âë\VM1-20-66(241008)698·ÂÕæµç #
#                    ±íÔ´Âë\IAR\Debug\Obj\os_mem.o"                           #
#                    "I:\Íâ°ü\2¡¢²»Í£µç»»µç±íÖ÷³ÌÐò¿ª·¢2025.05.20\35¡¢VM1-220 #
#                    -66(241008·ÂÕæµç±í)\VM1-220-66-241008£¨¹úÍø698·ÂÕæµç±í£© #
#                    Ó¦ÓÃ³ÌÐò-Ô´Âë\VM1-20-66(241008)698·ÂÕæµç±íÔ´Âë\IAR\Debug #
#                    \Obj\os_mutex.o" "I:\Íâ°ü\2¡¢²»Í£µç»»µç±íÖ÷³ÌÐò¿ª·¢2025. #
#                    05.20\35¡¢VM1-220-66(241008·ÂÕæµç±í)\VM1-220-66-241008£¨ #
#                    ¹úÍø698·ÂÕæµç±í£©Ó¦ÓÃ³ÌÐò-Ô´Âë\VM1-20-66(241008)698·ÂÕæµ #
#                    ç±íÔ´Âë\IAR\Debug\Obj\os_q.o"                            #
#                    "I:\Íâ°ü\2¡¢²»Í£µç»»µç±íÖ÷³ÌÐò¿ª·¢2025.05.20\35¡¢VM1-220 #
#                    -66(241008·ÂÕæµç±í)\VM1-220-66-241008£¨¹úÍø698·ÂÕæµç±í£© #
#                    Ó¦ÓÃ³ÌÐò-Ô´Âë\VM1-20-66(241008)698·ÂÕæµç±íÔ´Âë\IAR\Debug #
#                    \Obj\os_sem.o" "I:\Íâ°ü\2¡¢²»Í£µç»»µç±íÖ÷³ÌÐò¿ª·¢2025.05 #
#                    .20\35¡¢VM1-220-66(241008·ÂÕæµç±í)\VM1-220-66-241008£¨¹ú #
#                    Íø698·ÂÕæµç±í£©Ó¦ÓÃ³ÌÐò-Ô´Âë\VM1-20-66(241008)698·ÂÕæµç± #
#                    íÔ´Âë\IAR\Debug\Obj\os_task.o"                           #
#                    "I:\Íâ°ü\2¡¢²»Í£µç»»µç±íÖ÷³ÌÐò¿ª·¢2025.05.20\35¡¢VM1-220 #
#                    -66(241008·ÂÕæµç±í)\VM1-220-66-241008£¨¹úÍø698·ÂÕæµç±í£© #
#                    Ó¦ÓÃ³ÌÐò-Ô´Âë\VM1-20-66(241008)698·ÂÕæµç±íÔ´Âë\IAR\Debug #
#                    \Obj\os_time.o" "I:\Íâ°ü\2¡¢²»Í£µç»»µç±íÖ÷³ÌÐò¿ª·¢2025.0 #
#                    5.20\35¡¢VM1-220-66(241008·ÂÕæµç±í)\VM1-220-66-241008£¨¹ #
#                    úÍø698·ÂÕæµç±í£©Ó¦ÓÃ³ÌÐò-Ô´Âë\VM1-20-66(241008)698·ÂÕæµç #
#                    ±íÔ´Âë\IAR\Debug\Obj\os_tmr.o"                           #
#                    "I:\Íâ°ü\2¡¢²»Í£µç»»µç±íÖ÷³ÌÐò¿ª·¢2025.05.20\35¡¢VM1-220 #
#                    -66(241008·ÂÕæµç±í)\VM1-220-66-241008£¨¹úÍø698·ÂÕæµç±í£© #
#                    Ó¦ÓÃ³ÌÐò-Ô´Âë\VM1-20-66(241008)698·ÂÕæµç±íÔ´Âë\IAR\Debug #
#                    \Obj\pap.o" "I:\Íâ°ü\2¡¢²»Í£µç»»µç±íÖ÷³ÌÐò¿ª·¢2025.05.20 #
#                    \35¡¢VM1-220-66(241008·ÂÕæµç±í)\VM1-220-66-241008£¨¹úÍø6 #
#                    98·ÂÕæµç±í£©Ó¦ÓÃ³ÌÐò-Ô´Âë\VM1-20-66(241008)698·ÂÕæµç±íÔ´ #
#                    Âë\IAR\Debug\Obj\pbuf.o" "I:\Íâ°ü\2¡¢²»Í£µç»»µç±íÖ÷³ÌÐò¿ #
#                    ª·¢2025.05.20\35¡¢VM1-220-66(241008·ÂÕæµç±í)\VM1-220-66- #
#                    241008£¨¹úÍø698·ÂÕæµç±í£©Ó¦ÓÃ³ÌÐò-Ô´Âë\VM1-20-66(241008) #
#                    698·ÂÕæµç±íÔ´Âë\IAR\Debug\Obj\ping.o"                    #
#                    "I:\Íâ°ü\2¡¢²»Í£µç»»µç±íÖ÷³ÌÐò¿ª·¢2025.05.20\35¡¢VM1-220 #
#                    -66(241008·ÂÕæµç±í)\VM1-220-66-241008£¨¹úÍø698·ÂÕæµç±í£© #
#                    Ó¦ÓÃ³ÌÐò-Ô´Âë\VM1-20-66(241008)698·ÂÕæµç±íÔ´Âë\IAR\Debug #
#                    \Obj\ppp.o" "I:\Íâ°ü\2¡¢²»Í£µç»»µç±íÖ÷³ÌÐò¿ª·¢2025.05.20 #
#                    \35¡¢VM1-220-66(241008·ÂÕæµç±í)\VM1-220-66-241008£¨¹úÍø6 #
#                    98·ÂÕæµç±í£©Ó¦ÓÃ³ÌÐò-Ô´Âë\VM1-20-66(241008)698·ÂÕæµç±íÔ´ #
#                    Âë\IAR\Debug\Obj\ppp_oe.o" "I:\Íâ°ü\2¡¢²»Í£µç»»µç±íÖ÷³ÌÐ #
#                    ò¿ª·¢2025.05.20\35¡¢VM1-220-66(241008·ÂÕæµç±í)\VM1-220-6 #
#                    6-241008£¨¹úÍø698·ÂÕæµç±í£©Ó¦ÓÃ³ÌÐò-Ô´Âë\VM1-20-66(24100 #
#                    8)698·ÂÕæµç±íÔ´Âë\IAR\Debug\Obj\pppdebug.o"              #
#                    "I:\Íâ°ü\2¡¢²»Í£µç»»µç±íÖ÷³ÌÐò¿ª·¢2025.05.20\35¡¢VM1-220 #
#                    -66(241008·ÂÕæµç±í)\VM1-220-66-241008£¨¹úÍø698·ÂÕæµç±í£© #
#                    Ó¦ÓÃ³ÌÐò-Ô´Âë\VM1-20-66(241008)698·ÂÕæµç±íÔ´Âë\IAR\Debug #
#                    \Obj\randm.o" "I:\Íâ°ü\2¡¢²»Í£µç»»µç±íÖ÷³ÌÐò¿ª·¢2025.05. #
#                    20\35¡¢VM1-220-66(241008·ÂÕæµç±í)\VM1-220-66-241008£¨¹úÍ #
#                    ø698·ÂÕæµç±í£©Ó¦ÓÃ³ÌÐò-Ô´Âë\VM1-20-66(241008)698·ÂÕæµç±í #
#                    Ô´Âë\IAR\Debug\Obj\raw.o" "I:\Íâ°ü\2¡¢²»Í£µç»»µç±íÖ÷³ÌÐò #
#                    ¿ª·¢2025.05.20\35¡¢VM1-220-66(241008·ÂÕæµç±í)\VM1-220-66 #
#                    -241008£¨¹úÍø698·ÂÕæµç±í£©Ó¦ÓÃ³ÌÐò-Ô´Âë\VM1-20-66(241008 #
#                    )698·ÂÕæµç±íÔ´Âë\IAR\Debug\Obj\rmotlink.o"               #
#                    "I:\Íâ°ü\2¡¢²»Í£µç»»µç±íÖ÷³ÌÐò¿ª·¢2025.05.20\35¡¢VM1-220 #
#                    -66(241008·ÂÕæµç±í)\VM1-220-66-241008£¨¹úÍø698·ÂÕæµç±í£© #
#                    Ó¦ÓÃ³ÌÐò-Ô´Âë\VM1-20-66(241008)698·ÂÕæµç±íÔ´Âë\IAR\Debug #
#                    \Obj\slipif.o" "I:\Íâ°ü\2¡¢²»Í£µç»»µç±íÖ÷³ÌÐò¿ª·¢2025.05 #
#                    .20\35¡¢VM1-220-66(241008·ÂÕæµç±í)\VM1-220-66-241008£¨¹ú #
#                    Íø698·ÂÕæµç±í£©Ó¦ÓÃ³ÌÐò-Ô´Âë\VM1-20-66(241008)698·ÂÕæµç± #
#                    íÔ´Âë\IAR\Debug\Obj\socketapi.o"                         #
#                    "I:\Íâ°ü\2¡¢²»Í£µç»»µç±íÖ÷³ÌÐò¿ª·¢2025.05.20\35¡¢VM1-220 #
#                    -66(241008·ÂÕæµç±í)\VM1-220-66-241008£¨¹úÍø698·ÂÕæµç±í£© #
#                    Ó¦ÓÃ³ÌÐò-Ô´Âë\VM1-20-66(241008)698·ÂÕæµç±íÔ´Âë\IAR\Debug #
#                    \Obj\sockets.o" "I:\Íâ°ü\2¡¢²»Í£µç»»µç±íÖ÷³ÌÐò¿ª·¢2025.0 #
#                    5.20\35¡¢VM1-220-66(241008·ÂÕæµç±í)\VM1-220-66-241008£¨¹ #
#                    úÍø698·ÂÕæµç±í£©Ó¦ÓÃ³ÌÐò-Ô´Âë\VM1-20-66(241008)698·ÂÕæµç #
#                    ±íÔ´Âë\IAR\Debug\Obj\srecordparser.o"                    #
#                    "I:\Íâ°ü\2¡¢²»Í£µç»»µç±íÖ÷³ÌÐò¿ª·¢2025.05.20\35¡¢VM1-220 #
#                    -66(241008·ÂÕæµç±í)\VM1-220-66-241008£¨¹úÍø698·ÂÕæµç±í£© #
#                    Ó¦ÓÃ³ÌÐò-Ô´Âë\VM1-20-66(241008)698·ÂÕæµç±íÔ´Âë\IAR\Debug #
#                    \Obj\startup_mb9bf21x.o" "I:\Íâ°ü\2¡¢²»Í£µç»»µç±íÖ÷³ÌÐò¿ #
#                    ª·¢2025.05.20\35¡¢VM1-220-66(241008·ÂÕæµç±í)\VM1-220-66- #
#                    241008£¨¹úÍø698·ÂÕæµç±í£©Ó¦ÓÃ³ÌÐò-Ô´Âë\VM1-20-66(241008) #
#                    698·ÂÕæµç±íÔ´Âë\IAR\Debug\Obj\stats.o"                   #
#                    "I:\Íâ°ü\2¡¢²»Í£µç»»µç±íÖ÷³ÌÐò¿ª·¢2025.05.20\35¡¢VM1-220 #
#                    -66(241008·ÂÕæµç±í)\VM1-220-66-241008£¨¹úÍø698·ÂÕæµç±í£© #
#                    Ó¦ÓÃ³ÌÐò-Ô´Âë\VM1-20-66(241008)698·ÂÕæµç±íÔ´Âë\IAR\Debug #
#                    \Obj\sys.o" "I:\Íâ°ü\2¡¢²»Í£µç»»µç±íÖ÷³ÌÐò¿ª·¢2025.05.20 #
#                    \35¡¢VM1-220-66(241008·ÂÕæµç±í)\VM1-220-66-241008£¨¹úÍø6 #
#                    98·ÂÕæµç±í£©Ó¦ÓÃ³ÌÐò-Ô´Âë\VM1-20-66(241008)698·ÂÕæµç±íÔ´ #
#                    Âë\IAR\Debug\Obj\sys_arch.o"                             #
#                    "I:\Íâ°ü\2¡¢²»Í£µç»»µç±íÖ÷³ÌÐò¿ª·¢2025.05.20\35¡¢VM1-220 #
#                    -66(241008·ÂÕæµç±í)\VM1-220-66-241008£¨¹úÍø698·ÂÕæµç±í£© #
#                    Ó¦ÓÃ³ÌÐò-Ô´Âë\VM1-20-66(241008)698·ÂÕæµç±íÔ´Âë\IAR\Debug #
#                    \Obj\system_mb9bf21x.o" "I:\Íâ°ü\2¡¢²»Í£µç»»µç±íÖ÷³ÌÐò¿ª #
#                    ·¢2025.05.20\35¡¢VM1-220-66(241008·ÂÕæµç±í)\VM1-220-66-2 #
#                    41008£¨¹úÍø698·ÂÕæµç±í£©Ó¦ÓÃ³ÌÐò-Ô´Âë\VM1-20-66(241008)6 #
#                    98·ÂÕæµç±íÔ´Âë\IAR\Debug\Obj\tcp.o"                      #
#                    "I:\Íâ°ü\2¡¢²»Í£µç»»µç±íÖ÷³ÌÐò¿ª·¢2025.05.20\35¡¢VM1-220 #
#                    -66(241008·ÂÕæµç±í)\VM1-220-66-241008£¨¹úÍø698·ÂÕæµç±í£© #
#                    Ó¦ÓÃ³ÌÐò-Ô´Âë\VM1-20-66(241008)698·ÂÕæµç±íÔ´Âë\IAR\Debug #
#                    \Obj\tcp_in.o" "I:\Íâ°ü\2¡¢²»Í£µç»»µç±íÖ÷³ÌÐò¿ª·¢2025.05 #
#                    .20\35¡¢VM1-220-66(241008·ÂÕæµç±í)\VM1-220-66-241008£¨¹ú #
#                    Íø698·ÂÕæµç±í£©Ó¦ÓÃ³ÌÐò-Ô´Âë\VM1-20-66(241008)698·ÂÕæµç± #
#                    íÔ´Âë\IAR\Debug\Obj\tcp_out.o"                           #
#                    "I:\Íâ°ü\2¡¢²»Í£µç»»µç±íÖ÷³ÌÐò¿ª·¢2025.05.20\35¡¢VM1-220 #
#                    -66(241008·ÂÕæµç±í)\VM1-220-66-241008£¨¹úÍø698·ÂÕæµç±í£© #
#                    Ó¦ÓÃ³ÌÐò-Ô´Âë\VM1-20-66(241008)698·ÂÕæµç±íÔ´Âë\IAR\Debug #
#                    \Obj\tcpecho.o" "I:\Íâ°ü\2¡¢²»Í£µç»»µç±íÖ÷³ÌÐò¿ª·¢2025.0 #
#                    5.20\35¡¢VM1-220-66(241008·ÂÕæµç±í)\VM1-220-66-241008£¨¹ #
#                    úÍø698·ÂÕæµç±í£©Ó¦ÓÃ³ÌÐò-Ô´Âë\VM1-20-66(241008)698·ÂÕæµç #
#                    ±íÔ´Âë\IAR\Debug\Obj\tcpip.o"                            #
#                    "I:\Íâ°ü\2¡¢²»Í£µç»»µç±íÖ÷³ÌÐò¿ª·¢2025.05.20\35¡¢VM1-220 #
#                    -66(241008·ÂÕæµç±í)\VM1-220-66-241008£¨¹úÍø698·ÂÕæµç±í£© #
#                    Ó¦ÓÃ³ÌÐò-Ô´Âë\VM1-20-66(241008)698·ÂÕæµç±íÔ´Âë\IAR\Debug #
#                    \Obj\uart_fm3.o" "I:\Íâ°ü\2¡¢²»Í£µç»»µç±íÖ÷³ÌÐò¿ª·¢2025. #
#                    05.20\35¡¢VM1-220-66(241008·ÂÕæµç±í)\VM1-220-66-241008£¨ #
#                    ¹úÍø698·ÂÕæµç±í£©Ó¦ÓÃ³ÌÐò-Ô´Âë\VM1-20-66(241008)698·ÂÕæµ #
#                    ç±íÔ´Âë\IAR\Debug\Obj\udp.o"                             #
#                    "I:\Íâ°ü\2¡¢²»Í£µç»»µç±íÖ÷³ÌÐò¿ª·¢2025.05.20\35¡¢VM1-220 #
#                    -66(241008·ÂÕæµç±í)\VM1-220-66-241008£¨¹úÍø698·ÂÕæµç±í£© #
#                    Ó¦ÓÃ³ÌÐò-Ô´Âë\VM1-20-66(241008)698·ÂÕæµç±íÔ´Âë\IAR\Debug #
#                    \Obj\udpecho.o" "I:\Íâ°ü\2¡¢²»Í£µç»»µç±íÖ÷³ÌÐò¿ª·¢2025.0 #
#                    5.20\35¡¢VM1-220-66(241008·ÂÕæµç±í)\VM1-220-66-241008£¨¹ #
#                    úÍø698·ÂÕæµç±í£©Ó¦ÓÃ³ÌÐò-Ô´Âë\VM1-20-66(241008)698·ÂÕæµç #
#                    ±íÔ´Âë\IAR\Debug\Obj\vj.o" -o                            #
#                    "I:\Íâ°ü\2¡¢²»Í£µç»»µç±íÖ÷³ÌÐò¿ª·¢2025.05.20\35¡¢VM1-220 #
#                    -66(241008·ÂÕæµç±í)\VM1-220-66-241008£¨¹úÍø698·ÂÕæµç±í£© #
#                    Ó¦ÓÃ³ÌÐò-Ô´Âë\VM1-20-66(241008)698·ÂÕæµç±íÔ´Âë\IAR\Debug #
#                    \Exe\MB9BF218S.out" --map "I:\Íâ°ü\2¡¢²»Í£µç»»µç±íÖ÷³ÌÐò #
#                    ¿ª·¢2025.05.20\35¡¢VM1-220-66(241008·ÂÕæµç±í)\VM1-220-66 #
#                    -241008£¨¹úÍø698·ÂÕæµç±í£©Ó¦ÓÃ³ÌÐò-Ô´Âë\VM1-20-66(241008 #
#                    )698·ÂÕæµç±íÔ´Âë\IAR\Debug\List\MB9BF218S.map" --config  #
#                    "I:\Íâ°ü\2¡¢²»Í£µç»»µç±íÖ÷³ÌÐò¿ª·¢2025.05.20\35¡¢VM1-220 #
#                    -66(241008·ÂÕæµç±í)\VM1-220-66-241008£¨¹úÍø698·ÂÕæµç±í£© #
#                    Ó¦ÓÃ³ÌÐò-Ô´Âë\VM1-20-66(241008)698·ÂÕæµç±íÔ´Âë\IAR\MB9BF #
#                    218S.icf" --semihosting --entry __iar_program_start      #
#                    --vfe                                                    #
#                                                                             #
#                                                                             #
###############################################################################

*******************************************************************************
*** RUNTIME MODEL ATTRIBUTES
***

CppFlavor       = *
__Heap_Handler  = DLMalloc
__SystemLibrary = DLib


*******************************************************************************
*** PLACEMENT SUMMARY
***

"A1":  place at 0x00008000 { ro section .intvec };
"P1":  place in [from 0x00008000 to 0x00100000] { ro };
"P2":  place in [from 0x1fff0000 to 0x2000ffff] { rw, block CSTACK, block HEAP };

  Section            Kind        Address     Size  Object
  -------            ----        -------     ----  ------
"A1":                                       0x100
  .intvec            ro code  0x00008000    0x100  startup_mb9bf21x.o [1]
                            - 0x00008100    0x100

"P1":                                     0x3c434
  .text              ro code  0x00008100   0xcb7c  meter645.o [1]
  .text              ro code  0x00014c7c      0xe  rmotlink.o [1]
  .text              ro code  0x00014c8a     0x14  udpecho.o [1]
  .text              ro code  0x00014c9e      0xe  tcp_out.o [1]
  .text              ro code  0x00014cac    0xca8  Base.o [1]
  .text              ro code  0x00015954     0x62  memcmp.o [7]
  .text              ro code  0x000159b6     0x22  zero_init3.o [7]
  .text              ro code  0x000159d8    0xf90  Fun.o [1]
  .text              ro code  0x00016968    0x604  COMM.o [1]
  .text              ro code  0x00016f6c    0x244  fifo.o [4]
  .text              ro code  0x000171b0    0x102  ChkCrc.o [1]
  .text              ro code  0x000172b2     0x1a  xsnprout.o [5]
  .text              ro code  0x000172cc      0x6  ABImemclr4.o [7]
  .text              ro code  0x000172d2      0xa  xsprout.o [5]
  .text              ro code  0x000172dc    0x308  Gw698.o [1]
  .text              ro code  0x000175e4    0x25e  linkcom.o [4]
  .rodata            const    0x00017842      0x2  Guimenu.o [1]
  .text              ro code  0x00017844    0x234  os_sem.o [1]
  .text              ro code  0x00017a78    0x378  ATT7022.o [1]
  .text              ro code  0x00017df0   0xbf64  Ac7022.o [1]
  .text              ro code  0x00023d54     0xd8  FltMul.o [6]
  .text              ro code  0x00023e2c     0x24  FltToU32.o [6]
  .text              ro code  0x00023e50     0x4e  FltToDbl.o [6]
  .rodata            const    0x00023e9e      0x2  Guimenu.o [1]
  .text              ro code  0x00023ea0    0x246  DblDiv.o [6]
  .rodata            const    0x000240e6      0x2  Guimenu.o [1]
  .text              ro code  0x000240e8    0x1a2  DblMul.o [6]
  .rodata            const    0x0002428a      0x2  GuiwinCfg.o [1]
  .text              ro code  0x0002428c     0x58  DblToI32.o [6]
  .text              ro code  0x000242e4     0x32  I32ToFlt.o [6]
  .rodata            const    0x00024316      0x2  GuiwinCfg.o [1]
  .text              ro code  0x00024318     0xe8  DblAdd.o [6]
  .text              ro code  0x00024400   0x11f4  MemDrvExt.o [1]
  .text              ro code  0x000255f4     0xfc  FltDiv.o [6]
  .text              ro code  0x000256f0     0x30  I32ToDbl.o [6]
  .text              ro code  0x00025720     0x84  FltAdd.o [6]
  .text              ro code  0x000257a4     0x24  FltCmpGe.o [6]
  .text              ro code  0x000257c8     0x24  FltCmpLe.o [6]
  .text              ro code  0x000257ec     0xe6  FltSub.o [6]
  .rodata            const    0x000258d2      0x1  GuiwinCfg.o [1]
  .rodata            const    0x000258d3      0x1  GuiwinCfg.o [1]
  .text              ro code  0x000258d4     0x90  DblToFlt.o [6]
  .text              ro code  0x00025964     0xac  SoftTimer.o [1]
  .text              ro code  0x00025a10    0xd94  Guimenu.o [1]
  .text              ro code  0x000267a4     0x1c  strcat.o [5]
  .text              ro code  0x000267c0    0x158  Reset.o [1]
  .text              ro code  0x00026918    0x270  FlashFileExt.o [1]
  .text              ro code  0x00026b88    0x5ee  Global.o [1]
  .rodata            const    0x00027176      0x1  GuiwinCfg.o [1]
  .rodata            const    0x00027177      0x1  GuiwinCfg.o [1]
  .text              ro code  0x00027178     0x78  ABImemmove.o [7]
  .text              ro code  0x000271f0     0x66  ABImemset.o [7]
  .rodata            const    0x00027256      0x1  GuiwinCfg.o [1]
  .rodata            const    0x00027257      0x1  GuiwinCfg.o [1]
  .text              ro code  0x00027258     0x76  ABImemcpy.o [7]
  .rodata            const    0x000272ce      0x1  GuiwinCfg.o [1]
  .rodata            const    0x000272cf      0x1  GuiwinCfg.o [1]
  .text              ro code  0x000272d0     0x34  sprintf.o [5]
  .text              ro code  0x00027304     0x36  strlen.o [7]
  .rodata            const    0x0002733a      0x1  GuiwinCfg.o [1]
  .rodata            const    0x0002733b      0x1  GuiwinCfg.o [1]
  .text              ro code  0x0002733c    0x864  SecTask.o [1]
  .text              ro code  0x00027ba0     0xf8  linkcomExt.o [1]
  .text              ro code  0x00027c98    0x110  os_time.o [1]
  .text              ro code  0x00027da8    0x450  rmotlink.o [1]
  .text              ro code  0x000281f8    0x804  Guiwin.o [3]
  .text              ro code  0x000289fc      0x8  abs.o [5]
  .text              ro code  0x00028a04    0xca8  Lcd.o [1]
  .text              ro code  0x000296ac    0x5b0  io_fm3.o [1]
  CODE               ro code  0x00029c5c     0xa0  os_cpu_a.o [1]
  .text              ro code  0x00029cfc    0xd68  dmac_fm3.o [1]
  .text              ro code  0x0002aa64    0x24c  uart_fm3.o [1]
  .text              ro code  0x0002acb0    0x5a4  UART.o [1]
  .text              ro code  0x0002b254     0x32  ABImemset48.o [7]
  .rodata            const    0x0002b286      0x1  GuiwinCfg.o [1]
  .rodata            const    0x0002b287      0x1  GuiwinCfg.o [1]
  .text              ro code  0x0002b288   0x5176  GB698GetRequest.o [1]
  .rodata            const    0x000303fe      0x1  GuiwinCfg.o [1]
  .rodata            const    0x000303ff      0x1  GuiwinCfg.o [1]
  .text              ro code  0x00030400    0x49e  GB698SetRequest.o [1]
  .rodata            const    0x0003089e      0x1  GuiwinCfg.o [1]
  .text              ro code  0x000308a0    0x8b0  GB698ActionRequest.o [1]
  .text              ro code  0x00031150     0x94  GB698ProxyRequest.o [1]
  .text              ro code  0x000311e4   0x13e0  Gw3761.o [1]
  .text              ro code  0x000325c4   0x11a4  GB3761SetPrm.o [1]
  .text              ro code  0x00033768    0xfb8  GB3761SetPrmExt.o [1]
  .text              ro code  0x00034720    0x326  GB3761GetPrmExt.o [1]
  .text              ro code  0x00034a48    0x12c  GB698SecurityTrans.o [1]
  .text              ro code  0x00034b74    0x98c  os_core.o [1]
  .text              ro code  0x00035500     0x44  FltToS32.o [6]
  .text              ro code  0x00035544    0x180  DblSub.o [6]
  .text              ro code  0x000356c4     0x1c  FltCmpEq.o [6]
  .text              ro code  0x000356e0     0x2e  DblCmpLe.o [6]
  .text              ro code  0x00035710    0x4d4  FM24CL16.o [1]
  .text              ro code  0x00035be4    0x9c0  SST25F032.o [1]
  .text              ro code  0x000365a4    0x5d4  FlashFile.o [1]
  .text              ro code  0x00036b78    0xc80  MemDrv.o [1]
  .text              ro code  0x000377f8    0x3c8  DataItem.o [1]
  .text              ro code  0x00037bc0    0x714  RX8025T.o [1]
  .text              ro code  0x000382d4     0x90  Dwin.o [1]
  .text              ro code  0x00038364     0xd4  AppCfg.o [1]
  .text              ro code  0x00038438    0x1f4  bt_fm3.o [1]
  .text              ro code  0x0003862c     0x84  IntProc.o [1]
  .text              ro code  0x000386b0    0xcf6  xprintffull_nomb.o [5]
  .text              ro code  0x000393a8    0x5c8  FileTrans.o [1]
  .text              ro code  0x00039970     0xe2  os_mbox.o [1]
  .text              ro code  0x00039a54    0x438  AutoTest.o [1]
  .text              ro code  0x00039e8c    0x530  PowerOn.o [1]
  .text              ro code  0x0003a3bc    0x40c  SysRes.o [1]
  .text              ro code  0x0003a7c8     0xc8  Telit.o [1]
  .text              ro code  0x0003a890     0x3c  vsnprint.o [5]
  .text              ro code  0x0003a8cc     0x44  strcpy.o [7]
  .text              ro code  0x0003a910     0x90  Key.o [1]
  .text              ro code  0x0003a9a0     0x6c  GuiwinCfg.o [1]
  .text              ro code  0x0003aa0c    0x60c  GB3761Trans.o [1]
  .text              ro code  0x0003b018    0x154  Login.o [1]
  .text              ro code  0x0003b16c    0x886  GB3761CtrlCmd.o [1]
  .text              ro code  0x0003b9f4    0xbc6  GB3761GetPrm.o [1]
  .text              ro code  0x0003c5ba    0x62c  GB3761GetClassI.o [1]
  .text              ro code  0x0003cbe6    0x51e  GB3761GetClassII.o [1]
  .text              ro code  0x0003d104    0x28c  CarrCol.o [1]
  .text              ro code  0x0003d390     0xd8  os_cpu_c.o [1]
  .text              ro code  0x0003d468     0x40  os_flag.o [1]
  .text              ro code  0x0003d4a8     0x40  os_mem.o [1]
  .text              ro code  0x0003d4e8     0xe0  os_q.o [1]
  .text              ro code  0x0003d5c8    0x23c  os_tmr.o [1]
  .text              ro code  0x0003d804    0x2ec  os_task.o [1]
  .text              ro code  0x0003daf0     0x42  strcmp.o [7]
  .text              ro code  0x0003db34    0x104  MemTbl.o [1]
  .text              ro code  0x0003dc38     0x90  TimerCount.o [1]
  .text              ro code  0x0003dcc8     0x16  strchr.o [7]
  .text              ro code  0x0003dce0     0x58  memchr.o [7]
  .text              ro code  0x0003dd38     0xee  I64DivMod.o [7]
  .text              ro code  0x0003de26     0x42  xdnorm.o [6]
  .text              ro code  0x0003de68     0x2e  DblCmpGe.o [6]
  .text              ro code  0x0003de98    0x10c  xdscale.o [6]
  .text              ro code  0x0003dfa4      0xe  div.o [5]
  .text              ro code  0x0003dfb4    0x484  Gw3762.o [1]
  .text              ro code  0x0003e438      0x2  I64DivZer.o [7]
  .text              ro code  0x0003e43c   0x16d0  UsbHost.o [1]
  .text              ro code  0x0003fb0c     0xec  UsbSofTimeout.o [1]
  .text              ro code  0x0003fbf8    0x310  UsbClassSupervisor.o [1]
  .rodata            const    0x0003ff08    0x8d4  MemData.o [1]
  .rodata            const    0x000407dc    0x570  MemTbl.o [1]
  .rodata            const    0x00040d4c    0x44c  MemData.o [1]
  .rodata            const    0x00041198    0x410  MemPrm.o [1]
  .rodata            const    0x000415a8    0x334  MemData.o [1]
  .rodata            const    0x000418dc    0x294  MemPrm.o [1]
  .rodata            const    0x00041b70    0x244  MemPrm.o [1]
  .rodata            const    0x00041db4    0x200  ChkCrc.o [1]
  .text              ro code  0x00041fb4    0x1e8  system_mb9bf21x.o [1]
  .rodata            const    0x0004219c    0x1cc  MemData.o [1]
  .text              ro code  0x00042368    0x1b4  MSecTask.o [1]
  .text              ro code  0x0004251c     0x42  AppDog.o [1]
  .text              ro code  0x0004255e    0x1a4  lz77_init.o [7]
  .text              ro code  0x00042702      0x6  abort.o [5]
  .text              ro code  0x00042708     0x14  exit.o [8]
  .text              ro code  0x0004271c     0x30  iarttio.o [8]
  .text              ro code  0x0004274c      0x8  XShttio.o [5]
  .rodata            const    0x00042754    0x17c  MemData.o [1]
  .rodata            const    0x000428d0    0x140  MemData.o [1]
  .rodata            const    0x00042a10    0x140  MemData.o [1]
  .text              ro code  0x00042b50    0x138  UsbMassStorage.o [1]
  .text              ro code  0x00042c88    0x124  mfs_fm3.o [1]
  .rodata            const    0x00042dac    0x118  MemData.o [1]
  .rodata            const    0x00042ec4    0x104  MemData.o [1]
  .rodata            const    0x00042fc8    0x100  os_core.o [1]
  .rodata            const    0x000430c8     0xf0  MemPrm.o [1]
  .rodata            const    0x000431b8     0xe0  COMM.o [1]
  .rodata            const    0x00043298     0xdc  MemPrm.o [1]
  .rodata            const    0x00043374     0xb4  MemData.o [1]
  .rodata            const    0x00043428     0xb4  MemData.o [1]
  .rodata            const    0x000434dc     0xb4  MemData.o [1]
  .rodata            const    0x00043590     0xb4  MemPrm.o [1]
  .text              ro code  0x00043644     0x90  emac.o [1]
  .text              ro code  0x000436d4     0x1c  emac_fm3.o [1]
  .rodata            const    0x000436f0     0x8c  MemData.o [1]
  .rodata            const    0x0004377c     0x78  CarrCol.o [1]
  .rodata            const    0x000437f4     0x60  Fun.o [1]
  .rodata            const    0x00043854     0x50  MemData.o [1]
  .text              ro code  0x000438a4     0x50  locallink.o [1]
  .text              ro code  0x000438f4     0x46  IdleTask.o [1]
  .rodata            const    0x0004393c     0x3c  MemData.o [1]
  .rodata            const    0x00043978     0x3c  MemPrm.o [1]
  .rodata            const    0x000439b4     0x3c  MemPrm.o [1]
  .rodata            const    0x000439f0     0x3c  MemPrm.o [1]
  .rodata            const    0x00043a2c     0x38  AppCfg.o [1]
  .rodata            const    0x00043a64     0x38  DataItem.o [1]
  .rodata            const    0x00043a9c     0x38  DataItem.o [1]
  .rodata            const    0x00043ad4     0x34  DataItem.o [1]
  .rodata            const    0x00043b08     0x34  Guimenu.o [1]
  .text              ro code  0x00043b3c     0x2a  main.o [1]
  .rodata            const    0x00043b68     0x28  MemPrm.o [1]
  .rodata            const    0x00043b90     0x28  MemPrm.o [1]
  .rodata            const    0x00043bb8     0x28  MemPrm.o [1]
  .rodata            const    0x00043be0     0x28  MemPrm.o [1]
  .text              ro code  0x00043c08     0x28  data_init.o [7]
  .rodata            const    0x00043c30     0x24  DataItem.o [1]
  .iar.init_table    const    0x00043c54     0x2c  - Linker created -
  .rodata            const    0x00043c80     0x20  Fun.o [1]
  .rodata            const    0x00043ca0     0x20  Fun.o [1]
  .rodata            const    0x00043cc0     0x20  GB3761SetPrm.o [1]
  .rodata            const    0x00043ce0     0x20  GB3761Trans.o [1]
  .rodata            const    0x00043d00     0x1c  Guimenu.o [1]
  .text              ro code  0x00043d1c     0x1c  UsbInit.o [1]
  .text              ro code  0x00043d38     0x16  cmain.o [7]
  .text              ro code  0x00043d4e      0x4  low_level_init.o [5]
  .text              ro code  0x00043d52      0x4  exit.o [5]
  .text              ro code  0x00043d58      0xa  cexit.o [7]
  .rodata            const    0x00043d64     0x14  SysRes.o [1]
  .rodata            const    0x00043d78     0x14  UsbClassSupervisor.o [1]
  .text              ro code  0x00043d8c     0x12  startup_mb9bf21x.o [1]
  .rodata            const    0x00043da0     0x10  Base.o [1]
  .rodata            const    0x00043db0     0x10  SysRes.o [1]
  .rodata            const    0x00043dc0     0x10  SysRes.o [1]
  .rodata            const    0x00043dd0     0x10  SysRes.o [1]
  .rodata            const    0x00043de0     0x10  Telit.o [1]
  .rodata            const    0x00043df0     0x10  Telit.o [1]
  .rodata            const    0x00043e00     0x10  os_core.o [1]
  .rodata            const    0x00043e10     0x10  os_core.o [1]
  .rodata            const    0x00043e20     0x10  os_tmr.o [1]
  .rodata            const    0x00043e30     0x10  Guiwin.o [3]
  .text              ro code  0x00043e40     0x10  startup_mb9bf21x.o [1]
  .rodata            const    0x00043e50      0xc  Ac7022.o [1]
  .rodata            const    0x00043e5c      0xc  Ac7022.o [1]
  .rodata            const    0x00043e68      0xc  Ac7022.o [1]
  .rodata            const    0x00043e74      0xc  Ac7022.o [1]
  .rodata            const    0x00043e80      0xc  Ac7022.o [1]
  .rodata            const    0x00043e8c      0xc  Ac7022.o [1]
  .rodata            const    0x00043e98      0xc  AppCfg.o [1]
  .rodata            const    0x00043ea4      0xc  AppCfg.o [1]
  .rodata            const    0x00043eb0      0xc  AppCfg.o [1]
  .rodata            const    0x00043ebc      0xc  AppCfg.o [1]
  .rodata            const    0x00043ec8      0xc  AppCfg.o [1]
  .rodata            const    0x00043ed4      0xc  AppCfg.o [1]
  .rodata            const    0x00043ee0      0xc  AppCfg.o [1]
  .rodata            const    0x00043eec      0xc  AppCfg.o [1]
  .rodata            const    0x00043ef8      0xc  AppCfg.o [1]
  .rodata            const    0x00043f04      0xc  AppCfg.o [1]
  .rodata            const    0x00043f10      0xc  AppCfg.o [1]
  .rodata            const    0x00043f1c      0xc  AppCfg.o [1]
  .rodata            const    0x00043f28      0xc  AutoTest.o [1]
  .rodata            const    0x00043f34      0xc  Base.o [1]
  .rodata            const    0x00043f40      0xc  Fun.o [1]
  .rodata            const    0x00043f4c      0xc  Fun.o [1]
  .rodata            const    0x00043f58      0xc  Fun.o [1]
  .rodata            const    0x00043f64      0xc  Fun.o [1]
  .rodata            const    0x00043f70      0xc  GB3761GetPrmExt.o [1]
  .rodata            const    0x00043f7c      0xc  MemTbl.o [1]
  .rodata            const    0x00043f88      0xc  MemTbl.o [1]
  .rodata            const    0x00043f94      0xc  MemTbl.o [1]
  .rodata            const    0x00043fa0      0xc  MemTbl.o [1]
  .rodata            const    0x00043fac      0xc  MemTbl.o [1]
  .rodata            const    0x00043fb8      0xc  MemTbl.o [1]
  .rodata            const    0x00043fc4      0xc  MemTbl.o [1]
  .rodata            const    0x00043fd0      0xc  MemTbl.o [1]
  .rodata            const    0x00043fdc      0xc  MemTbl.o [1]
  .rodata            const    0x00043fe8      0xc  MemTbl.o [1]
  .rodata            const    0x00043ff4      0xc  MemTbl.o [1]
  .rodata            const    0x00044000      0xc  MemTbl.o [1]
  .rodata            const    0x0004400c      0xc  SysRes.o [1]
  .rodata            const    0x00044018      0xc  SysRes.o [1]
  .rodata            const    0x00044024      0xc  SysRes.o [1]
  .rodata            const    0x00044030      0xc  SysRes.o [1]
  .rodata            const    0x0004403c      0xc  SysRes.o [1]
  .text              ro code  0x00044048      0xc  cstartup_M.o [7]
  .rodata            const    0x00044054      0x8  AppCfg.o [1]
  .rodata            const    0x0004405c      0x8  AppCfg.o [1]
  .rodata            const    0x00044064      0x8  AppCfg.o [1]
  .rodata            const    0x0004406c      0x8  AppCfg.o [1]
  .rodata            const    0x00044074      0x8  AppCfg.o [1]
  .rodata            const    0x0004407c      0x8  AppCfg.o [1]
  .rodata            const    0x00044084      0x8  AppCfg.o [1]
  .rodata            const    0x0004408c      0x8  AppCfg.o [1]
  .rodata            const    0x00044094      0x8  AppCfg.o [1]
  .rodata            const    0x0004409c      0x8  AppCfg.o [1]
  .rodata            const    0x000440a4      0x8  AppCfg.o [1]
  .rodata            const    0x000440ac      0x8  Base.o [1]
  .rodata            const    0x000440b4      0x8  Base.o [1]
  .rodata            const    0x000440bc      0x8  Base.o [1]
  .rodata            const    0x000440c4      0x8  Base.o [1]
  .rodata            const    0x000440cc      0x8  Base.o [1]
  .rodata            const    0x000440d4      0x8  Base.o [1]
  .rodata            const    0x000440dc      0x8  Fun.o [1]
  .rodata            const    0x000440e4      0x8  Fun.o [1]
  .rodata            const    0x000440ec      0x8  Fun.o [1]
  .rodata            const    0x000440f4      0x8  Guimenu.o [1]
  .rodata            const    0x000440fc      0x8  Gw3761.o [1]
  .rodata            const    0x00044104      0x8  Gw3761.o [1]
  .rodata            const    0x0004410c      0x8  Gw3761.o [1]
  .rodata            const    0x00044114      0x8  Gw3762.o [1]
  .rodata            const    0x0004411c      0x8  MemTbl.o [1]
  .rodata            const    0x00044124      0x8  MemTbl.o [1]
  .rodata            const    0x0004412c      0x8  MemTbl.o [1]
  .rodata            const    0x00044134      0x8  MemTbl.o [1]
  .rodata            const    0x0004413c      0x8  MemTbl.o [1]
  .rodata            const    0x00044144      0x8  MemTbl.o [1]
  .rodata            const    0x0004414c      0x8  MemTbl.o [1]
  .rodata            const    0x00044154      0x8  MemTbl.o [1]
  .rodata            const    0x0004415c      0x8  MemTbl.o [1]
  .rodata            const    0x00044164      0x8  MemTbl.o [1]
  .rodata            const    0x0004416c      0x8  MemTbl.o [1]
  .rodata            const    0x00044174      0x8  RX8025T.o [1]
  .rodata            const    0x0004417c      0x8  SysRes.o [1]
  .rodata            const    0x00044184      0x8  UsbClassSupervisor.o [1]
  .rodata            const    0x0004418c      0x8  UsbClassSupervisor.o [1]
  .rodata            const    0x00044194      0x8  UsbHost.o [1]
  .rodata            const    0x0004419c      0x8  UsbHost.o [1]
  .rodata            const    0x000441a4      0x8  UsbHost.o [1]
  .rodata            const    0x000441ac      0x8  UsbHost.o [1]
  .rodata            const    0x000441b4      0x8  UsbHost.o [1]
  .rodata            const    0x000441bc      0x8  meter645.o [1]
  .rodata            const    0x000441c4      0x8  meter645.o [1]
  .rodata            const    0x000441cc      0x8  rmotlink.o [1]
  .rodata            const    0x000441d4      0x4  GB698GetRequest.o [1]
  .rodata            const    0x000441d8      0x4  Guimenu.o [1]
  .text              ro code  0x000441dc      0x4  startup_mb9bf21x.o [1]
  .text              ro code  0x000441e0      0x4  startup_mb9bf21x.o [1]
  .text              ro code  0x000441e4      0x4  startup_mb9bf21x.o [1]
  .text              ro code  0x000441e8      0x4  startup_mb9bf21x.o [1]
  .text              ro code  0x000441ec      0x4  startup_mb9bf21x.o [1]
  .text              ro code  0x000441f0      0x4  startup_mb9bf21x.o [1]
  .text              ro code  0x000441f4      0x4  startup_mb9bf21x.o [1]
  .text              ro code  0x000441f8      0x4  startup_mb9bf21x.o [1]
  .text              ro code  0x000441fc      0x4  startup_mb9bf21x.o [1]
  .text              ro code  0x00044200      0x4  startup_mb9bf21x.o [1]
  .text              ro code  0x00044204      0x4  startup_mb9bf21x.o [1]
  .text              ro code  0x00044208      0x4  startup_mb9bf21x.o [1]
  .text              ro code  0x0004420c      0x4  startup_mb9bf21x.o [1]
  .text              ro code  0x00044210      0x4  startup_mb9bf21x.o [1]
  .text              ro code  0x00044214      0x4  startup_mb9bf21x.o [1]
  .text              ro code  0x00044218      0x4  startup_mb9bf21x.o [1]
  .text              ro code  0x0004421c      0x4  startup_mb9bf21x.o [1]
  .text              ro code  0x00044220      0x4  startup_mb9bf21x.o [1]
  .text              ro code  0x00044224      0x4  startup_mb9bf21x.o [1]
  .text              ro code  0x00044228      0x4  startup_mb9bf21x.o [1]
  .text              ro code  0x0004422c      0x4  startup_mb9bf21x.o [1]
  .text              ro code  0x00044230      0x4  startup_mb9bf21x.o [1]
  .text              ro code  0x00044234      0x4  startup_mb9bf21x.o [1]
  .text              ro code  0x00044238      0x4  startup_mb9bf21x.o [1]
  .text              ro code  0x0004423c      0x4  startup_mb9bf21x.o [1]
  .text              ro code  0x00044240      0x4  startup_mb9bf21x.o [1]
  .text              ro code  0x00044244      0x4  startup_mb9bf21x.o [1]
  .text              ro code  0x00044248      0x4  startup_mb9bf21x.o [1]
  .text              ro code  0x0004424c      0x4  startup_mb9bf21x.o [1]
  .text              ro code  0x00044250      0x4  startup_mb9bf21x.o [1]
  .text              ro code  0x00044254      0x4  startup_mb9bf21x.o [1]
  .text              ro code  0x00044258      0x4  startup_mb9bf21x.o [1]
  .text              ro code  0x0004425c      0x4  startup_mb9bf21x.o [1]
  .text              ro code  0x00044260      0x4  startup_mb9bf21x.o [1]
  .text              ro code  0x00044264      0x4  startup_mb9bf21x.o [1]
  .text              ro code  0x00044268      0x4  startup_mb9bf21x.o [1]
  .text              ro code  0x0004426c      0x4  startup_mb9bf21x.o [1]
  .text              ro code  0x00044270      0x4  startup_mb9bf21x.o [1]
  .text              ro code  0x00044274      0x4  startup_mb9bf21x.o [1]
  .text              ro code  0x00044278      0x4  startup_mb9bf21x.o [1]
  .text              ro code  0x0004427c      0x4  startup_mb9bf21x.o [1]
  .text              ro code  0x00044280      0x4  startup_mb9bf21x.o [1]
  .text              ro code  0x00044284      0x4  startup_mb9bf21x.o [1]
  .text              ro code  0x00044288      0x4  startup_mb9bf21x.o [1]
  .text              ro code  0x0004428c      0x4  startup_mb9bf21x.o [1]
  .text              ro code  0x00044290      0x4  startup_mb9bf21x.o [1]
  .text              ro code  0x00044294      0x4  startup_mb9bf21x.o [1]
  .text              ro code  0x00044298      0x4  startup_mb9bf21x.o [1]
  .text              ro code  0x0004429c      0x4  startup_mb9bf21x.o [1]
  .text              ro code  0x000442a0      0x4  startup_mb9bf21x.o [1]
  .text              ro code  0x000442a4      0x4  startup_mb9bf21x.o [1]
  .text              ro code  0x000442a8      0x4  startup_mb9bf21x.o [1]
  .text              ro code  0x000442ac      0x4  startup_mb9bf21x.o [1]
  .text              ro code  0x000442b0      0x4  startup_mb9bf21x.o [1]
  .text              ro code  0x000442b4      0x4  startup_mb9bf21x.o [1]
  .rodata            const    0x000442b8      0x0  zero_init3.o [7]
  .rodata            const    0x000442b8      0x0  lz77_init.o [7]
  Initializer bytes  ro data  0x000442b8    0x279  <for P2 s0>
                            - 0x00044531  0x3c431

"P2", part 1 of 3:                          0xce0
  P2 s0                       0x1fff0000    0xcde  <Init block>
    .data            inited   0x1fff0000    0x804  FlashFileExt.o [1]
    .data            inited   0x1fff0804    0x190  SysRes.o [1]
    .data            inited   0x1fff0994    0x120  linkcomExt.o [1]
    .data            inited   0x1fff0ab4     0xa4  rmotlink.o [1]
    .data            inited   0x1fff0b58     0x60  AppCfg.o [1]
    .data            inited   0x1fff0bb8     0x24  Ac7022.o [1]
    .data            inited   0x1fff0bdc     0x24  Guimenu.o [1]
    .data            inited   0x1fff0c00     0x20  uart_fm3.o [1]
    .data            inited   0x1fff0c20     0x20  uart_fm3.o [1]
    .data            inited   0x1fff0c40     0x18  Guimenu.o [1]
    .data            inited   0x1fff0c58     0x10  rmotlink.o [1]
    .data            inited   0x1fff0c68     0x10  rmotlink.o [1]
    .data            inited   0x1fff0c78     0x10  rmotlink.o [1]
    .data            inited   0x1fff0c88      0x8  XShttio.o [5]
    .data            inited   0x1fff0c90      0x4  Ac7022.o [1]
    .data            inited   0x1fff0c94      0x4  Ac7022.o [1]
    .data            inited   0x1fff0c98      0x4  FlashFileExt.o [1]
    .data            inited   0x1fff0c9c      0x4  Key.o [1]
    .data            inited   0x1fff0ca0      0x4  MemTbl.o [1]
    .data            inited   0x1fff0ca4      0x4  PowerOn.o [1]
    .data            inited   0x1fff0ca8      0x4  SecTask.o [1]
    .data            inited   0x1fff0cac      0x4  SysRes.o [1]
    .data            inited   0x1fff0cb0      0x4  TimerCount.o [1]
    .data            inited   0x1fff0cb4      0x4  UART.o [1]
    .data            inited   0x1fff0cb8      0x4  UsbHost.o [1]
    .data            inited   0x1fff0cbc      0x4  meter645.o [1]
    .data            inited   0x1fff0cc0      0x4  rmotlink.o [1]
    .data            inited   0x1fff0cc4      0x4  rmotlink.o [1]
    .data            inited   0x1fff0cc8      0x4  system_mb9bf21x.o [1]
    .data            inited   0x1fff0ccc      0x2  AutoTest.o [1]
    .data            inited   0x1fff0cce      0x2  GuiwinCfg.o [1]
    .data            inited   0x1fff0cd0      0x2  meter645.o [1]
    .data            inited   0x1fff0cd2      0x1  Ac7022.o [1]
    .data            inited   0x1fff0cd3      0x1  CarrCol.o [1]
[...]
g_SimMeterCoverTimeBuf  0x2000caac     0x8  Data  Gb  meter645.o [1]
g_SimMeterPasswordFlag  0x2000cc3c     0x1  Data  Gb  meter645.o [1]
g_SimMeterSwitchOnFlag  0x2000cbb0     0x1  Data  Gb  Ac7022.o [1]
g_SimMeterTripFlag      0x2000cbae     0x1  Data  Gb  Ac7022.o [1]
g_SimOCPTrbFlag         0x2000cbba     0x1  Data  Gb  Ac7022.o [1]
g_SimPowerAbnlFlag      0x2000cbb4     0x1  Data  Gb  Ac7022.o [1]
g_ZBPortFault           0x2000cc10     0x1  Data  Gb  SecTask.o [1]
g_bAcInitFail           0x2000cbc7     0x1  Data  Gb  Ac7022.o [1]
g_nACDX                 0x00043a9c    0x38  Data  Gb  DataItem.o [1]
g_nACDYNX               0x00043c30    0x24  Data  Gb  DataItem.o [1]
g_nACSL                 0x00043ad4    0x34  Data  Gb  DataItem.o [1]
g_nACSY                 0x00043a64    0x38  Data  Gb  DataItem.o [1]
g_nAcCalPrmInitFlg      0x2000cbf7     0x1  Data  Gb  PowerOn.o [1]
g_nAcEventBuf           0x2000c2d4   0x100  Data  Gb  meter645.o [1]
g_nAcPulseConst         0x2000cad4     0x4  Data  Gb  PowerOn.o [1]
g_nAsyFlg               0x2000cc3f     0x1  Data  Gb  meter645.o [1]
g_nAsynSeq              0x2000cbe7     0x1  Data  Lc  Gw3761.o [1]
g_nAutoDisp             0x20004660   0x9c4  Data  Lc  Guiwin.o [3]
g_nAutoDispRowIdx       0x2000cbac     0x2  Data  Lc  Guiwin.o [3]
g_nAutoTestFlg          0x2000cbc9     0x1  Data  Gb  AppCfg.o [1]
g_nAutoTestFlg1         0x2000cc0d     0x1  Data  Gb  SecTask.o [1]
g_nAutoTime             0x2000cbfe     0x1  Data  Gb  SecTask.o [1]
g_nBackColour           0x2000cb96     0x2  Data  Gb  GuiwinCfg.o [1]
g_nBaudArray            0x00043ce0    0x20  Data  Gb  GB3761Trans.o [1]
g_nBlkInfo              0x1fff0000   0x804  Data  Gb  FlashFileExt.o [1]
g_nCarrErrFlg           0x2000cbd9     0x1  Data  Gb  GB3761SetPrmExt.o [1]
g_nCarrInitFlg          0x2000cbd2     0x1  Data  Gb  CarrCol.o [1]
g_nCarrModType          0x2000cbcf     0x1  Data  Gb  CarrCol.o [1]
g_nCarrZbSelFlg         0x2000cbd0     0x1  Data  Gb  CarrCol.o [1]
g_nCharBitArray         0x00023e9e     0x2  Data  Gb  Guimenu.o [1]
g_nCharDispFrm          0x000240e6     0x2  Data  Gb  Guimenu.o [1]
g_nCharHeight           0x000258d3     0x1  Data  Gb  GuiwinCfg.o [1]
g_nCharWide             0x000258d2     0x1  Data  Gb  GuiwinCfg.o [1]
g_nClntCommBuf2         0x200072b4   0x5a0  Data  Lc  rmotlink.o [1]
g_nCmt                  0x2000cbef     0x1  Data  Gb  Key.o [1]
g_nCntFlgs              0x2000cbcd     0x1  Data  Gb  AutoTest.o [1]
g_nCurrFileIdx          0x2000cbd3     0x1  Data  Lc  FlashFileExt.o [1]
g_nCycelCnt             0x2000cb94     0x2  Data  Gb  Fun.o [1]
g_nDispErr              0x2000cbd4     0x1  Data  Gb  Fun.o [1]
g_nDispTaskArg          0x2000cc1e     0x1  Data  Lc  SysRes.o [1]
g_nDltSetDayBuf         0x20008e00   0x400  Data  Gb  IdleTask.o [1]
g_nDrawColour           0x1fff0cce     0x2  Data  Gb  GuiwinCfg.o [1]
g_nErrBuf               0x1fff0ccc     0x2  Data  Gb  AutoTest.o [1]
g_nFileGroadFlg         0x2000cbec     0x1  Data  Gb  Gw3761.o [1]
g_nFlashFileBaseAddr    0x1fff0c98     0x4  Data  Gb  FlashFileExt.o [1]
g_nFlashFileOffset      0x2000cac8     0x4  Data  Lc  FlashFile.o [1]
g_nFlashFileSaveType    0x1fff0cd4     0x1  Data  Gb  FlashFileExt.o [1]
g_nFlashFileSize        0x2000cac4     0x4  Data  Lc  FlashFile.o [1]
g_nFlg                  0x2000cbfd     0x1  Data  Gb  SecTask.o [1]
g_nFlg2                 0x2000cc0e     0x1  Data  Gb  SecTask.o [1]
g_nFlgIa                0x2000cc03     0x1  Data  Gb  SecTask.o [1]
g_nFlgIb                0x2000cc04     0x1  Data  Gb  SecTask.o [1]
g_nFlgIc                0x2000cc05     0x1  Data  Gb  SecTask.o [1]
g_nFlgProt              0x2000cc0a     0x1  Data  Gb  SecTask.o [1]
g_nFlgProt1             0x2000cc0b     0x1  Data  Gb  SecTask.o [1]
g_nFlgReBoot            0x2000cc13     0x1  Data  Gb  SecTask.o [1]
g_nFlgUa                0x2000cbff     0x1  Data  Gb  SecTask.o [1]
g_nFlgUb                0x2000cc00     0x1  Data  Gb  SecTask.o [1]
g_nFlgUc                0x2000cc01     0x1  Data  Gb  SecTask.o [1]
g_nFlgVoltPhase         0x2000cc02     0x1  Data  Gb  SecTask.o [1]
g_nFlg_Alarm            0x2000cc08     0x1  Data  Gb  SecTask.o [1]
g_nFlg_Commu            0x2000cc06     0x1  Data  Gb  SecTask.o [1]
g_nFlg_Commu2           0x2000cc07     0x1  Data  Gb  SecTask.o [1]
g_nFlg_Disp             0x2000cc0c     0x1  Data  Gb  SecTask.o [1]
g_nFlg_Pro              0x2000cc09     0x1  Data  Gb  SecTask.o [1]
g_nFlgnRateNo           0x2000cc0f     0x1  Data  Gb  SecTask.o [1]
g_nFrmCom1Buf           0x2000cc34     0x1  Data  Lc  linkcomExt.o [1]
g_nFrmCom2Buf           0x2000cc35     0x1  Data  Lc  linkcomExt.o [1]
g_nFrmCom4Buf           0x2000cc37     0x1  Data  Lc  linkcomExt.o [1]
g_nFrmComIrBuf          0x2000cc36     0x1  Data  Lc  linkcomExt.o [1]
g_nFrmlen               0x1fff0cd0     0x2  Data  Gb  meter645.o [1]
g_nGprsLedFlg           0x2000cbdc     0x1  Data  Gb  GB3761SetPrmExt.o [1]
g_nGprsWatchFlg         0x2000cbea     0x1  Data  Gb  Gw3761.o [1]
g_nGw3761SendBuf        0x20009a00   0x400  Data  Gb  linkcomExt.o [1]
g_nGw3762Seq            0x2000cbed     0x1  Data  Lc  Gw3762.o [1]
g_nHardNo               0x2000cbca     0x1  Data  Gb  AppCfg.o [1]
g_nHardType             0x1fff0ca4     0x4  Data  Gb  PowerOn.o [1]
g_nHaveBottom           0x0003089e     0x1  Data  Gb  GuiwinCfg.o [1]
g_nHaveFrame            0x0002b287     0x1  Data  Gb  GuiwinCfg.o [1]
g_nHaveHead             0x000303ff     0x1  Data  Gb  GuiwinCfg.o [1]
g_nHeadLen              0x2000cb98     0x2  Data  Gb  Gw698.o [1]
g_nHeight               0x00024316     0x2  Data  Gb  GuiwinCfg.o [1]
g_nImMeterSeq           0x2000c924    0x28  Data  Lc  DataItem.o [1]
g_nInitType             0x2000cbfa     0x1  Data  Gb  Reset.o [1]
g_nIoBuf                0x2000cad0     0x4  Data  Gb  Login.o [1]
g_nIoSetFlg             0x2000cbf0     0x1  Data  Gb  Login.o [1]
g_nKeyMSecTimer         0x1fff0cd7     0x1  Data  Lc  IntProc.o [1]
g_nKeyTestFlg           0x1fff0cda     0x1  Data  Gb  Login.o [1]
g_nKeyValue             0x2000cbf3     0x1  Data  Gb  Login.o [1]
g_nLinkType             0x2000cc49     0x1  Data  Lc  rmotlink.o [1]
g_nMSecTimer            0x1fff0cd8     0x1  Data  Lc  IntProc.o [1]
g_nMaxRowSheets         0x00027176     0x1  Data  Gb  GuiwinCfg.o [1]
g_nMemAddr              0x2000ca6c     0x8  Data  Gb  PowerOn.o [1]
g_nMemClearBuf          0x20009600   0x400  Data  Lc  MemDrvExt.o [1]
g_nMemDataBuf           0x2000ad78   0x200  Data  Gb  Fun.o [1]
g_nMemDrvBuf            0x20009200   0x400  Data  Lc  MemDrvExt.o [1]
g_nMemProductAddr       0x2000ca74     0x8  Data  Gb  PowerOn.o [1]
g_nMeterBlock           0x2000cabc     0x4  Data  Lc  DataItem.o [1]
g_nMeterMp              0x2000c8fc    0x28  Data  Lc  DataItem.o [1]
g_nMeterRdFlags         0x2000ca28    0x14  Data  Lc  DataItem.o [1]
g_nModl                 0x1fff0cd3     0x1  Data  Gb  CarrCol.o [1]
g_nModlType             0x2000cc4a     0x1  Data  Lc  rmotlink.o [1]
g_nNodeAddFlg           0x2000cbd1     0x1  Data  Gb  CarrCol.o [1]
g_nOneKeyRecFlg         0x2000cc38     0x1  Data  Gb  meter645.o [1]
g_nParityArray          0x000441d8     0x4  Data  Gb  Guimenu.o [1]
g_nPlusCnt              0x2000cbf1     0x1  Data  Gb  Login.o [1]
g_nPlusValue            0x2000cbf2     0x1  Data  Gb  Login.o [1]
g_nProtectFlg           0x1fff0cd6     0x1  Data  Lc  GuiwinCfg.o [1]
g_nRemotCtrlFlg         0x2000cbdb     0x1  Data  Gb  GB3761SetPrmExt.o [1]
g_nReservHeight         0x000303fe     0x1  Data  Gb  GuiwinCfg.o [1]
g_nRs485ErrFlg          0x2000cbda     0x1  Data  Gb  GB3761SetPrmExt.o [1]
g_nScreenBuf            0x2000181c   0xc80  Data  Gb  Lcd.o [1]
g_nSecTimer             0x1fff0cd9     0x1  Data  Lc  IntProc.o [1]
g_nSetCtrlcurFlg        0x2000cc3d     0x1  Data  Gb  meter645.o [1]
g_nSetDayDataFlg        0x2000cbee     0x1  Data  Gb  IdleTask.o [1]
g_nSetShortcurFlg       0x2000cc3e     0x1  Data  Gb  meter645.o [1]
g_nShowHex              0x2000cbdf     0x1  Data  Gb  Guimenu.o [1]
g_nSignalErrFlg         0x2000cbd8     0x1  Data  Gb  GB3761SetPrmExt.o [1]
g_nSrvcCommBuf2         0x20007854   0x5a0  Data  Lc  rmotlink.o [1]
g_nStopBitArray         0x00017842     0x2  Data  Gb  Guimenu.o [1]
g_nSuperPwd             0x1fff0cbc     0x4  Data  Gb  meter645.o [1]
g_nSynBaseCharBit       0x1fff0cd5     0x1  Data  Gb  Guimenu.o [1]
g_nSynBaseStopBit       0x2000cbde     0x1  Data  Gb  Guimenu.o [1]
g_nSynUartBPS           0x2000cbd6     0x1  Data  Lc  Fun.o [1]
g_nSynUartMode          0x2000cbd5     0x1  Data  Lc  Fun.o [1]
g_nSynUartParity        0x2000cbd7     0x1  Data  Lc  Fun.o [1]
g_nTask10MSecStk        0x2000af78   0x200  Data  Lc  SysRes.o [1]
g_nTaskAcColStk         0x1fff0ce0  0x2000  Data  Lc  SysRes.o [1]
g_nTaskBleLinkStk       0x1fffab8c  0x1800  Data  Lc  SysRes.o [1]
g_nTaskCarrCol2Stk      0x1fffc38c  0x1800  Data  Lc  SysRes.o [1]
g_nTaskDispStk          0x2000249c   0xc00  Data  Lc  SysRes.o [1]
g_nTaskIdleStk          0x2000309c   0xc00  Data  Lc  SysRes.o [1]
g_nTaskLocalLink2Stk    0x1fff938c  0x1800  Data  Lc  SysRes.o [1]
g_nTaskLocalLinkStk     0x1fff7b8c  0x1800  Data  Lc  SysRes.o [1]
g_nTaskMSecStk          0x2000b178   0x200  Data  Lc  SysRes.o [1]
g_nTaskSecStk           0x1fffeb8c  0x1000  Data  Lc  SysRes.o [1]
g_nTestStep             0x2000cbcb     0x1  Data  Gb  AutoTest.o [1]
g_nTotalCommBuf         0x20003c9c   0x9c4  Data  Lc  rmotlink.o [1]
g_nTripFistFlg          0x2000cb92     0x2  Data  Gb  Fun.o [1]
g_nTurnSwitckCnt        0x2000cb90     0x2  Data  Gb  Fun.o [1]
g_nUartArray            0x000440f4     0x8  Data  Gb  Guimenu.o [1]
g_nUartBpsArray         0x00043b08    0x34  Data  Gb  Guimenu.o [1]
g_nUartBpsflg           0x1fff0cdb     0x1  Data  Gb  SecTask.o [1]
g_nUpRecvCom1Buf        0x200061ec   0x864  Data  Lc  linkcomExt.o [1]
g_nUpRecvCom2Buf        0x20006a50   0x864  Data  Lc  linkcomExt.o [1]
g_nUpRecvCom4Buf        0x2000c1d4   0x100  Data  Lc  linkcomExt.o [1]
g_nUpRecvComIrBuf       0x20009e00   0x400  Data  Lc  linkcomExt.o [1]
g_nVolt                 0x2000cad8     0x4  Data  Gb  PowerOn.o [1]
g_nWide                 0x0002428a     0x2  Data  Gb  GuiwinCfg.o [1]
g_pFlashFiles           0x1fff0b58    0x60  Data  Gb  AppCfg.o [1]
g_pKeySamp              0x1fff0c9c     0x4  Data  Gb  Key.o [1]
g_pMBox                 0x2000ca8c     0x8  Data  Gb  SysRes.o [1]
g_pMFSIRQCallback       0x2000c704    0x40  Data  Gb  mfs_fm3.o [1]
g_pMem                  0x1fff0ca0     0x4  Data  Gb  MemTbl.o [1]
g_pParam                0x1fff0cac     0x4  Data  Gb  SysRes.o [1]
g_pQueue                0x2000caec     0x4  Data  Gb  SysRes.o [1]
g_pQueueMsg             0x2000caf0     0x4  Data  Gb  SysRes.o [1]
g_pRmotValClr           0x1fff0cc4     0x4  Data  Gb  rmotlink.o [1]
g_pRomtParm             0x1fff0cc0     0x4  Data  Gb  rmotlink.o [1]
g_pSem                  0x2000c58c    0x74  Data  Gb  SysRes.o [1]
g_pSysTime              0x1fff0ca8     0x4  Data  Gb  SecTask.o [1]
g_pTimer                0x1fff0cb0     0x4  Data  Gb  TimerCount.o [1]
g_pflagcount            0x2000cbc4     0x1  Data  Gb  Ac7022.o [1]
g_sACBackDataOff        0x000415a8   0x334  Data  Gb  MemData.o [1]
g_sACBackFlhDataOff     0x0003ff08   0x8d4  Data  Gb  MemData.o [1]
g_sACEvtDataOff         0x00040d4c   0x44c  Data  Gb  MemData.o [1]
g_sACHistDataOff        0x000434dc    0xb4  Data  Gb  MemData.o [1]
g_sACInstDataOff        0x0004393c    0x3c  Data  Gb  MemData.o [1]
g_sACRealBackOff        0x00043428    0xb4  Data  Gb  MemData.o [1]
g_sACRealDataOff        0x00042754   0x17c  Data  Gb  MemData.o [1]
g_sAcCalPrmOff          0x000418dc   0x294  Data  Gb  MemPrm.o [1]
g_sAcPrmOff             0x00041198   0x410  Data  Gb  MemPrm.o [1]
g_sAreaCfg              0x00043a2c    0x38  Data  Gb  AppCfg.o [1]
g_sAreaString           0x2000c8d4    0x28  Data  Gb  AppCfg.o [1]
g_sAutoDisp             0x2000a200   0x3c0  Data  Lc  Guiwin.o [3]
g_sCarrModeInfo         0x0004377c    0x78  Data  Gb  CarrCol.o [1]
g_sClntBaseBuf2         0x1fff0c68    0x10  Data  Lc  rmotlink.o [1]
g_sComCfg               0x000437f4    0x60  Data  Gb  Fun.o [1]
g_sCommCfgStruct        0x000431b8    0xe0  Data  Gb  COMM.o [1]
g_sCtrlOff              0x00043590    0xb4  Data  Gb  MemPrm.o [1]
g_sEnetStateClr         0x2000c6b4    0x50  Data  Gb  ethnetlink.o [1]
g_sExtOff               0x00043be0    0x28  Data  Gb  MemPrm.o [1]
g_sFlashFile            0x1ffffb8c   0xfd0  Data  Gb  FlashFileExt.o [1]
g_sGrpOff               0x000430c8    0xf0  Data  Gb  MemPrm.o [1]
g_sKeySamp              0x2000cacc     0x4  Data  Gb  Key.o [1]
g_sLinkCom              0x1fff0994   0x120  Data  Gb  linkcomExt.o [1]
g_sMem                  0x1fff4a08  0x1960  Data  Lc  MemTbl.o [1]
g_sMeterOff             0x00043978    0x3c  Data  Gb  MemPrm.o [1]
g_sMeterTypeIIOff       0x00043bb8    0x28  Data  Gb  MemPrm.o [1]
g_sMeterTypeIOff        0x00043b90    0x28  Data  Gb  MemPrm.o [1]
g_sMpCrvDataOff         0x00042ec4   0x104  Data  Gb  MemData.o [1]
g_sMpDayDataOff         0x000428d0   0x140  Data  Gb  MemData.o [1]
g_sMpMonDataOff         0x00042a10   0x140  Data  Gb  MemData.o [1]
g_sMpRDayDataOff        0x000436f0    0x8c  Data  Gb  MemData.o [1]
g_sMpRealDataOff        0x0004219c   0x1cc  Data  Gb  MemData.o [1]
g_sOtherPrmOff          0x00041b70   0x244  Data  Gb  MemPrm.o [1]
g_sParam                0x2000ca50    0x10  Data  Gb  SysRes.o [1]
g_sRdMeterOff           0x00043b68    0x28  Data  Gb  MemPrm.o [1]
g_sRmotValClr           0x2000c94c    0x28  Data  Lc  rmotlink.o [1]
g_sRomtParm             0x1fff0ab4    0xa4  Data  Lc  rmotlink.o [1]
g_sSrvcBaseBuf2         0x1fff0c78    0x10  Data  Lc  rmotlink.o [1]
g_sSysTime              0x2000ca7c     0x8  Data  Gb  SecTask.o [1]
g_sTaskCreateTbl        0x1fff0804   0x190  Data  Gb  SysRes.o [1]
g_sTaskIIOff            0x000439f0    0x3c  Data  Gb  MemPrm.o [1]
g_sTaskIOff             0x000439b4    0x3c  Data  Gb  MemPrm.o [1]
g_sTaskUserData         0x2000b978   0x1b8  Data  Gb  SysRes.o [1]
g_sTblMem               0x000407dc   0x570  Data  Gb  MemTbl.o [1]
g_sTermCommOff          0x00043298    0xdc  Data  Gb  MemPrm.o [1]
g_sTimer                0x2000c9f4    0x1c  Data  Lc  TimerCount.o [1]
g_sTotalBaseBuf         0x1fff0c58    0x10  Data  Lc  rmotlink.o [1]
g_sXFlhDataOff          0x00043374    0xb4  Data  Gb  MemData.o [1]
g_sXFramDataOff         0x00043854    0x50  Data  Gb  MemData.o [1]
g_sXRamDataOff          0x00042dac   0x118  Data  Gb  MemData.o [1]
getCrcProc              0x00017249    0x26  Code  Gb  ChkCrc.o [1]
gs_nRomtPrintFlg        0x2000cbc8     0x1  Data  Lc  AppCfg.o [1]
irqn                    0x2000cc2b     0x1  Data  Gb  dmac_fm3.o [1]
main                    0x00043b3d    0x2a  Code  Gb  main.o [1]
memchr                  0x0003dce1          Code  Gb  memchr.o [7]
memcmp                  0x00015955          Code  Gb  memcmp.o [7]
memcmp2                 0x00014d79    0x26  Code  Gb  Base.o [1]
memcpy                  0x00014c9f     0xe  Code  Gb  tcp_out.o [1]
memmove                 0x00014c7d     0xe  Code  Gb  rmotlink.o [1]
memset                  0x00014c8b    0x14  Code  Gb  udpecho.o [1]
nAcTmpBuf               0x20008a00   0x400  Data  Gb  Ac7022.o [1]
nPulTable               0x1fff0bb8    0x24  Data  Gb  Ac7022.o [1]
nVersion                0x2000cac0     0x4  Data  Gb  FileTrans.o [1]
nWuCh                   0x2000cbc5     0x1  Data  Gb  Ac7022.o [1]
nZFWuCh                 0x2000cbc6     0x1  Data  Gb  Ac7022.o [1]
n_RSDSelector9flg       0x2000cbdd     0x1  Data  Gb  GB698GetRequest.o [1]
pDataTable              0x1fff0c90     0x4  Data  Gb  Ac7022.o [1]
pMFS_UART_REG_07        0x1fff0c00    0x20  Data  Lc  uart_fm3.o [1]
pMFS_UART_REG_47        0x1fff0c20    0x20  Data  Lc  uart_fm3.o [1]
pSavDataTable           0x1fff0c94     0x4  Data  Gb  Ac7022.o [1]
pUsbSOFHandler          0x2000cb3c     0x4  Data  Gb  UsbSofTimeout.o [1]
pu8Configuration        0x2000caf4     0x4  Data  Gb  UsbClassSupervisor.o [1]
pu8GlobalBuffer         0x2000c0d4   0x100  Data  Gb  UsbHost.o [1]
pu8SetupData            0x2000cb1c     0x4  Data  Gb  UsbHost.o [1]
sDataTable              0x1fff2ce0  0x1d28  Data  Gb  Ac7022.o [1]
sSavDataTable           0x2000a5c0   0x374  Data  Gb  Ac7022.o [1]
second1                 0x2000cc15     0x1  Data  Gb  SecTask.o [1]
second2                 0x2000cc16     0x1  Data  Gb  SecTask.o [1]
second3                 0x2000cc17     0x1  Data  Gb  SecTask.o [1]
second4                 0x2000cc18     0x1  Data  Gb  SecTask.o [1]
second5                 0x2000cc19     0x1  Data  Gb  SecTask.o [1]
sendDataToLCD           0x00025b51    0x24  Code  Gb  Guimenu.o [1]
sprintf                 0x000272d1    0x34  Code  Gb  sprintf.o [5]
stcClearStallEp0        0x000441b4     0x8  Data  Gb  UsbHost.o [1]
stcDeviceDescriptorRequest
                        0x000441a4     0x8  Data  Gb  UsbHost.o [1]
stcLastSetup            0x2000ca94     0x8  Data  Gb  UsbHost.o [1]
stcLastSetupBeforeStall
                        0x2000ca9c     0x8  Data  Gb  UsbHost.o [1]
stcMatchClass           0x2000ca3c    0x14  Data  Gb  UsbClassSupervisor.o [1]
stcShortDeviceDescriptorRequest
                        0x000441ac     0x8  Data  Gb  UsbHost.o [1]
stcUsbTimeOutHandler    0x2000c664    0x50  Data  Gb  UsbSofTimeout.o [1]
strcat                  0x000267a5    0x1c  Code  Gb  strcat.o [5]
strchr                  0x0003dcc9          Code  Gb  strchr.o [7]
strcmp                  0x0003daf1          Code  Gb  strcmp.o [7]
strcpy                  0x0003a8cd          Code  Gb  strcpy.o [7]
strlen                  0x00027305          Code  Gb  strlen.o [7]
tMFS_UARTFIFOConfigT    0x1fff0cb4     0x4  Data  Lc  UART.o [1]
u16MaxPackageSizeIN     0x2000cb9a     0x2  Data  Lc  UsbMassStorage.o [1]
u16MaxPackageSizeOUT    0x2000cb9c     0x2  Data  Lc  UsbMassStorage.o [1]
u32BusResetTimeout      0x2000cb10     0x4  Data  Gb  UsbHost.o [1]
u32ConTimeout           0x2000cb0c     0x4  Data  Gb  UsbHost.o [1]
u32ConfigurationSize    0x2000caf8     0x4  Data  Gb  UsbClassSupervisor.o [1]
u32ConnectionDelay      0x1fff0cb8     0x4  Data  Gb  UsbHost.o [1]
u8CurrentEndpointPosition
                        0x1fff0cdd     0x1  Data  Gb  UsbHost.o [1]
u8DeviceAddress         0x2000cc21     0x1  Data  Gb  UsbHost.o [1]
u8DeviceStatus          0x1fff0cdc     0x1  Data  Gb  UsbHost.o [1]
u8EndpointIN            0x2000cc28     0x1  Data  Lc  UsbMassStorage.o [1]
u8EndpointListEnd       0x2000cc23     0x1  Data  Gb  UsbHost.o [1]
u8EndpointOUT           0x2000cc29     0x1  Data  Lc  UsbMassStorage.o [1]
u8EnumerationCounter    0x2000cc22     0x1  Data  Gb  UsbHost.o [1]
u8LastToken             0x2000cc26     0x1  Data  Gb  UsbHost.o [1]
u8SchedulerState        0x2000cc27     0x1  Data  Gb  UsbHost.o [1]
u8Setup                 0x2000caa4     0x8  Data  Gb  UsbHost.o [1]
u8SetupDelay            0x2000cc25     0x1  Data  Gb  UsbHost.o [1]
u8SupervisorState       0x2000cc1f     0x1  Data  Gb  UsbClassSupervisor.o [1]
u8SyncToken             0x2000cc24     0x1  Data  Gb  UsbHost.o [1]
updateHomePage          0x00025b75   0x608  Code  Gb  Guimenu.o [1]
updateLCDDisplay        0x00025b1f    0x30  Code  Gb  Guimenu.o [1]
vsnprintf               0x0003a891    0x3c  Code  Gb  vsnprint.o [5]
wiringStatusBitmap      0x2000cc2a     0x1  Data  Gb  WiringProc.o [1]
xmemcpy                 0x0003faf9    0x14  Code  Gb  UsbHost.o [1]
xmemset                 0x0003fae9    0x10  Code  Gb  UsbHost.o [1]


[1] = I:\Íâ°ü\2¡¢²»Í£µç»»µç±íÖ÷³ÌÐò¿ª·¢2025.05.20\35¡¢VM1-220-66(241008·ÂÕæµç±í)\VM1-220-66-241008£¨¹úÍø698·ÂÕæµç±í£©Ó¦ÓÃ³ÌÐò-Ô´Âë\VM1-20-66(241008)698·ÂÕæµç±íÔ´Âë\IAR\Debug\Obj
[2] = command line
[3] = Disp.a
[4] = LinkCom.a
[5] = dl7M_tln.a
[6] = m7M_tl.a
[7] = rt7M_tl.a
[8] = shb_l.a

  231 939 bytes of readonly  code memory
   15 150 bytes of readonly  data memory
  119 881 bytes of readwrite data memory

Errors: none
Warnings: none
