###############################################################################
#                                                                             #
# IAR ELF Linker V6.50.3.4676/W32 for ARM               10/Jun/2025  16:46:49 #
# Copyright 2007-2013 IAR Systems AB.                                         #
#                                                                             #
#    Output file  =  I:\GIT_Project\Dwin_Project\IAR\Debug\Exe\MB9BF218S.out  #
#    Map file     =  I:\GIT_Project\Dwin_Project\IAR\Debug\List\MB9BF218S.map #
#    Command line =  I:\GIT_Project\Dwin_Project\IAR\Debug\Obj\ATT7022.o      #
#                    I:\GIT_Project\Dwin_Project\IAR\Debug\Obj\Ac7022.o       #
#                    I:\GIT_Project\Dwin_Project\IAR\Debug\Obj\AppCfg.o       #
#                    I:\GIT_Project\Dwin_Project\IAR\Debug\Obj\AppDog.o       #
#                    I:\GIT_Project\Dwin_Project\IAR\Debug\Obj\AssitProt.o    #
#                    I:\GIT_Project\Dwin_Project\IAR\Debug\Obj\AutoTest.o     #
#                    I:\GIT_Project\Dwin_Project\IAR\Debug\Obj\BSP.o          #
#                    I:\GIT_Project\Dwin_Project\IAR\Debug\Obj\BU97950FUV.o   #
#                    I:\GIT_Project\Dwin_Project\IAR\Debug\Obj\Base.o         #
#                    I:\GIT_Project\Dwin_Project\IAR\Debug\Obj\COMM.o         #
#                    I:\GIT_Project\Dwin_Project\IAR\Debug\Obj\CarrCol.o      #
#                    I:\GIT_Project\Dwin_Project\IAR\Debug\Obj\ChkCrc.o       #
#                    I:\GIT_Project\Dwin_Project\IAR\Debug\Obj\DataItem.o     #
#                    I:\GIT_Project\Dwin_Project\IAR\Debug\Obj\Dingxin.o      #
#                    I:\GIT_Project\Dwin_Project\main\Disp\Disp.a             #
#                    I:\GIT_Project\Dwin_Project\IAR\Debug\Obj\Dwin.o         #
#                    I:\GIT_Project\Dwin_Project\IAR\Debug\Obj\FM24CL16.o     #
#                    I:\GIT_Project\Dwin_Project\IAR\Debug\Obj\FileTrans.o    #
#                    I:\GIT_Project\Dwin_Project\IAR\Debug\Obj\FlashFile.o    #
#                    I:\GIT_Project\Dwin_Project\IAR\Debug\Obj\FlashFileExt.o #
#                     I:\GIT_Project\Dwin_Project\IAR\Debug\Obj\Fun.o         #
#                    I:\GIT_Project\Dwin_Project\IAR\Debug\Obj\GB3761CtrlCmd. #
#                    o I:\GIT_Project\Dwin_Project\IAR\Debug\Obj\GB3761GetCla #
#                    ssI.o I:\GIT_Project\Dwin_Project\IAR\Debug\Obj\GB3761Ge #
#                    tClassII.o I:\GIT_Project\Dwin_Project\IAR\Debug\Obj\GB3 #
#                    761GetPrm.o I:\GIT_Project\Dwin_Project\IAR\Debug\Obj\GB #
#                    3761GetPrmExt.o I:\GIT_Project\Dwin_Project\IAR\Debug\Ob #
#                    j\GB3761SetPrm.o I:\GIT_Project\Dwin_Project\IAR\Debug\O #
#                    bj\GB3761SetPrmExt.o I:\GIT_Project\Dwin_Project\IAR\Deb #
#                    ug\Obj\GB3761Trans.o I:\GIT_Project\Dwin_Project\IAR\Deb #
#                    ug\Obj\GB698ActionRequest.o                              #
#                    I:\GIT_Project\Dwin_Project\IAR\Debug\Obj\GB698GetReques #
#                    t.o I:\GIT_Project\Dwin_Project\IAR\Debug\Obj\GB698Proxy #
#                    Request.o I:\GIT_Project\Dwin_Project\IAR\Debug\Obj\GB69 #
#                    8ReportRequest.o I:\GIT_Project\Dwin_Project\IAR\Debug\O #
#                    bj\GB698SecurityTrans.o I:\GIT_Project\Dwin_Project\IAR\ #
#                    Debug\Obj\GB698SetRequest.o                              #
#                    I:\GIT_Project\Dwin_Project\IAR\Debug\Obj\GPRS.o         #
#                    I:\GIT_Project\Dwin_Project\IAR\Debug\Obj\Gb07.o         #
#                    I:\GIT_Project\Dwin_Project\IAR\Debug\Obj\Gb97.o         #
#                    I:\GIT_Project\Dwin_Project\IAR\Debug\Obj\Global.o       #
#                    I:\GIT_Project\Dwin_Project\IAR\Debug\Obj\Guimenu.o      #
#                    I:\GIT_Project\Dwin_Project\IAR\Debug\Obj\GuiwinCfg.o    #
#                    I:\GIT_Project\Dwin_Project\IAR\Debug\Obj\Gw3761.o       #
#                    I:\GIT_Project\Dwin_Project\IAR\Debug\Obj\Gw3762.o       #
#                    I:\GIT_Project\Dwin_Project\IAR\Debug\Obj\Gw698.o        #
#                    I:\GIT_Project\Dwin_Project\IAR\Debug\Obj\IdleTask.o     #
#                    I:\GIT_Project\Dwin_Project\IAR\Debug\Obj\IntProc.o      #
#                    I:\GIT_Project\Dwin_Project\IAR\Debug\Obj\Key.o          #
#                    I:\GIT_Project\Dwin_Project\IAR\Debug\Obj\Lcd.o          #
#                    I:\GIT_Project\Dwin_Project\main\comm\LinkCom.a          #
#                    I:\GIT_Project\Dwin_Project\IAR\Debug\Obj\Login.o        #
#                    I:\GIT_Project\Dwin_Project\IAR\Debug\Obj\MSecTask.o     #
#                    I:\GIT_Project\Dwin_Project\IAR\Debug\Obj\MemData.o      #
#                    I:\GIT_Project\Dwin_Project\IAR\Debug\Obj\MemDrv.o       #
#                    I:\GIT_Project\Dwin_Project\IAR\Debug\Obj\MemDrvExt.o    #
#                    I:\GIT_Project\Dwin_Project\IAR\Debug\Obj\MemPrm.o       #
#                    I:\GIT_Project\Dwin_Project\IAR\Debug\Obj\MemTbl.o       #
#                    I:\GIT_Project\Dwin_Project\IAR\Debug\Obj\PCA9555.o      #
#                    I:\GIT_Project\Dwin_Project\IAR\Debug\Obj\PowerOn.o      #
#                    I:\GIT_Project\Dwin_Project\IAR\Debug\Obj\PulseCol.o     #
#                    I:\GIT_Project\Dwin_Project\IAR\Debug\Obj\RX8025T.o      #
#                    I:\GIT_Project\Dwin_Project\IAR\Debug\Obj\RemotCtrl.o    #
#                    I:\GIT_Project\Dwin_Project\IAR\Debug\Obj\Reset.o        #
#                    I:\GIT_Project\Dwin_Project\IAR\Debug\Obj\Rs485Col.o     #
#                    I:\GIT_Project\Dwin_Project\IAR\Debug\Obj\SST25F032.o    #
#                    I:\GIT_Project\Dwin_Project\IAR\Debug\Obj\SecTask.o      #
#                    I:\GIT_Project\Dwin_Project\IAR\Debug\Obj\SoftTimer.o    #
#                    I:\GIT_Project\Dwin_Project\IAR\Debug\Obj\StorageApi.o   #
#                    I:\GIT_Project\Dwin_Project\IAR\Debug\Obj\SysRes.o       #
#                    I:\GIT_Project\Dwin_Project\IAR\Debug\Obj\Telit.o        #
#                    I:\GIT_Project\Dwin_Project\IAR\Debug\Obj\TimerCount.o   #
#                    I:\GIT_Project\Dwin_Project\IAR\Debug\Obj\UART.o         #
#                    I:\GIT_Project\Dwin_Project\IAR\Debug\Obj\USBApi.o       #
#                    I:\GIT_Project\Dwin_Project\IAR\Debug\Obj\UsbClass.o     #
#                    I:\GIT_Project\Dwin_Project\IAR\Debug\Obj\UsbClassSuperv #
#                    isor.o I:\GIT_Project\Dwin_Project\IAR\Debug\Obj\UsbDma. #
#                    o I:\GIT_Project\Dwin_Project\IAR\Debug\Obj\UsbFunction. #
#                    o I:\GIT_Project\Dwin_Project\IAR\Debug\Obj\UsbHost.o    #
#                    I:\GIT_Project\Dwin_Project\IAR\Debug\Obj\UsbInit.o      #
#                    I:\GIT_Project\Dwin_Project\IAR\Debug\Obj\UsbMassStorage #
#                    .o I:\GIT_Project\Dwin_Project\IAR\Debug\Obj\UsbSofTimeo #
#                    ut.o I:\GIT_Project\Dwin_Project\IAR\Debug\Obj\WiringPro #
#                    c.o I:\GIT_Project\Dwin_Project\IAR\Debug\Obj\ZBMenu.o   #
#                    I:\GIT_Project\Dwin_Project\IAR\Debug\Obj\api_lib.o      #
#                    I:\GIT_Project\Dwin_Project\IAR\Debug\Obj\api_msg.o      #
#                    I:\GIT_Project\Dwin_Project\IAR\Debug\Obj\asn1_dec.o     #
#                    I:\GIT_Project\Dwin_Project\IAR\Debug\Obj\asn1_enc.o     #
#                    I:\GIT_Project\Dwin_Project\IAR\Debug\Obj\auth.o         #
#                    I:\GIT_Project\Dwin_Project\IAR\Debug\Obj\autoip.o       #
#                    I:\GIT_Project\Dwin_Project\IAR\Debug\Obj\bootloaderapi. #
#                    o I:\GIT_Project\Dwin_Project\IAR\Debug\Obj\bt_fm3.o     #
#                    I:\GIT_Project\Dwin_Project\IAR\Debug\Obj\chap.o         #
#                    I:\GIT_Project\Dwin_Project\IAR\Debug\Obj\chpms.o        #
#                    I:\GIT_Project\Dwin_Project\IAR\Debug\Obj\crc32.o        #
#                    I:\GIT_Project\Dwin_Project\IAR\Debug\Obj\dhcp.o         #
#                    I:\GIT_Project\Dwin_Project\IAR\Debug\Obj\diskio.o       #
#                    I:\GIT_Project\Dwin_Project\IAR\Debug\Obj\dm9161.o       #
#                    I:\GIT_Project\Dwin_Project\IAR\Debug\Obj\dmac_fm3.o     #
#                    I:\GIT_Project\Dwin_Project\IAR\Debug\Obj\dns.o          #
#                    I:\GIT_Project\Dwin_Project\IAR\Debug\Obj\emac.o         #
#                    I:\GIT_Project\Dwin_Project\IAR\Debug\Obj\emac_api.o     #
#                    I:\GIT_Project\Dwin_Project\IAR\Debug\Obj\emac_fm3.o     #
#                    I:\GIT_Project\Dwin_Project\IAR\Debug\Obj\err.o          #
#                    I:\GIT_Project\Dwin_Project\IAR\Debug\Obj\etharp.o       #
#                    I:\GIT_Project\Dwin_Project\IAR\Debug\Obj\ethernetif.o   #
#                    I:\GIT_Project\Dwin_Project\IAR\Debug\Obj\ethnetlink.o   #
#                    I:\GIT_Project\Dwin_Project\IAR\Debug\Obj\ethnetserlink. #
#                    o I:\GIT_Project\Dwin_Project\IAR\Debug\Obj\ff.o         #
#                    I:\GIT_Project\Dwin_Project\IAR\Debug\Obj\flash.o        #
#                    I:\GIT_Project\Dwin_Project\IAR\Debug\Obj\fsm.o          #
#                    I:\GIT_Project\Dwin_Project\IAR\Debug\Obj\icmp.o         #
#                    I:\GIT_Project\Dwin_Project\IAR\Debug\Obj\igmp.o         #
#                    I:\GIT_Project\Dwin_Project\IAR\Debug\Obj\inet.o         #
#                    I:\GIT_Project\Dwin_Project\IAR\Debug\Obj\inet_chksum.o  #
#                    I:\GIT_Project\Dwin_Project\IAR\Debug\Obj\init.o         #
#                    I:\GIT_Project\Dwin_Project\IAR\Debug\Obj\io_fm3.o       #
#                    I:\GIT_Project\Dwin_Project\IAR\Debug\Obj\ip.o           #
#                    I:\GIT_Project\Dwin_Project\IAR\Debug\Obj\ip_addr.o      #
#                    I:\GIT_Project\Dwin_Project\IAR\Debug\Obj\ip_frag.o      #
#                    I:\GIT_Project\Dwin_Project\IAR\Debug\Obj\ipcp.o         #
#                    I:\GIT_Project\Dwin_Project\IAR\Debug\Obj\lcp.o          #
#                    I:\GIT_Project\Dwin_Project\IAR\Debug\Obj\lib_arch.o     #
#                    I:\GIT_Project\Dwin_Project\IAR\Debug\Obj\linkcomExt.o   #
#                    I:\GIT_Project\Dwin_Project\IAR\Debug\Obj\locallink.o    #
#                    I:\GIT_Project\Dwin_Project\IAR\Debug\Obj\loopif.o       #
#                    I:\GIT_Project\Dwin_Project\IAR\Debug\Obj\magic.o        #
#                    I:\GIT_Project\Dwin_Project\IAR\Debug\Obj\main.o         #
#                    I:\GIT_Project\Dwin_Project\IAR\Debug\Obj\md5.o          #
#                    I:\GIT_Project\Dwin_Project\IAR\Debug\Obj\mem.o          #
#                    I:\GIT_Project\Dwin_Project\IAR\Debug\Obj\memp.o         #
#                    I:\GIT_Project\Dwin_Project\IAR\Debug\Obj\meter645.o     #
#                    I:\GIT_Project\Dwin_Project\IAR\Debug\Obj\mfs_fm3.o      #
#                    I:\GIT_Project\Dwin_Project\IAR\Debug\Obj\mib2.o         #
#                    I:\GIT_Project\Dwin_Project\IAR\Debug\Obj\mib_structs.o  #
#                    I:\GIT_Project\Dwin_Project\IAR\Debug\Obj\msg_in.o       #
#                    I:\GIT_Project\Dwin_Project\IAR\Debug\Obj\msg_out.o      #
#                    I:\GIT_Project\Dwin_Project\IAR\Debug\Obj\netbuf.o       #
#                    I:\GIT_Project\Dwin_Project\IAR\Debug\Obj\netdb.o        #
#                    I:\GIT_Project\Dwin_Project\IAR\Debug\Obj\netif.o        #
#                    I:\GIT_Project\Dwin_Project\IAR\Debug\Obj\netifapi.o     #
#                    I:\GIT_Project\Dwin_Project\IAR\Debug\Obj\os_core.o      #
#                    I:\GIT_Project\Dwin_Project\IAR\Debug\Obj\os_cpu_a.o     #
#                    I:\GIT_Project\Dwin_Project\IAR\Debug\Obj\os_cpu_c.o     #
#                    I:\GIT_Project\Dwin_Project\IAR\Debug\Obj\os_dbg.o       #
#                    I:\GIT_Project\Dwin_Project\IAR\Debug\Obj\os_flag.o      #
#                    I:\GIT_Project\Dwin_Project\IAR\Debug\Obj\os_mbox.o      #
#                    I:\GIT_Project\Dwin_Project\IAR\Debug\Obj\os_mem.o       #
#                    I:\GIT_Project\Dwin_Project\IAR\Debug\Obj\os_mutex.o     #
#                    I:\GIT_Project\Dwin_Project\IAR\Debug\Obj\os_q.o         #
#                    I:\GIT_Project\Dwin_Project\IAR\Debug\Obj\os_sem.o       #
#                    I:\GIT_Project\Dwin_Project\IAR\Debug\Obj\os_task.o      #
#                    I:\GIT_Project\Dwin_Project\IAR\Debug\Obj\os_time.o      #
#                    I:\GIT_Project\Dwin_Project\IAR\Debug\Obj\os_tmr.o       #
#                    I:\GIT_Project\Dwin_Project\IAR\Debug\Obj\pap.o          #
#                    I:\GIT_Project\Dwin_Project\IAR\Debug\Obj\pbuf.o         #
#                    I:\GIT_Project\Dwin_Project\IAR\Debug\Obj\ping.o         #
#                    I:\GIT_Project\Dwin_Project\IAR\Debug\Obj\ppp.o          #
#                    I:\GIT_Project\Dwin_Project\IAR\Debug\Obj\ppp_oe.o       #
#                    I:\GIT_Project\Dwin_Project\IAR\Debug\Obj\pppdebug.o     #
#                    I:\GIT_Project\Dwin_Project\IAR\Debug\Obj\randm.o        #
#                    I:\GIT_Project\Dwin_Project\IAR\Debug\Obj\raw.o          #
#                    I:\GIT_Project\Dwin_Project\IAR\Debug\Obj\rmotlink.o     #
#                    I:\GIT_Project\Dwin_Project\IAR\Debug\Obj\slipif.o       #
#                    I:\GIT_Project\Dwin_Project\IAR\Debug\Obj\socketapi.o    #
#                    I:\GIT_Project\Dwin_Project\IAR\Debug\Obj\sockets.o      #
#                    I:\GIT_Project\Dwin_Project\IAR\Debug\Obj\srecordparser. #
#                    o I:\GIT_Project\Dwin_Project\IAR\Debug\Obj\startup_mb9b #
#                    f21x.o I:\GIT_Project\Dwin_Project\IAR\Debug\Obj\stats.o #
#                     I:\GIT_Project\Dwin_Project\IAR\Debug\Obj\sys.o         #
#                    I:\GIT_Project\Dwin_Project\IAR\Debug\Obj\sys_arch.o     #
#                    I:\GIT_Project\Dwin_Project\IAR\Debug\Obj\system_mb9bf21 #
#                    x.o I:\GIT_Project\Dwin_Project\IAR\Debug\Obj\tcp.o      #
#                    I:\GIT_Project\Dwin_Project\IAR\Debug\Obj\tcp_in.o       #
#                    I:\GIT_Project\Dwin_Project\IAR\Debug\Obj\tcp_out.o      #
#                    I:\GIT_Project\Dwin_Project\IAR\Debug\Obj\tcpecho.o      #
#                    I:\GIT_Project\Dwin_Project\IAR\Debug\Obj\tcpip.o        #
#                    I:\GIT_Project\Dwin_Project\IAR\Debug\Obj\uart_fm3.o     #
#                    I:\GIT_Project\Dwin_Project\IAR\Debug\Obj\udp.o          #
#                    I:\GIT_Project\Dwin_Project\IAR\Debug\Obj\udpecho.o      #
#                    I:\GIT_Project\Dwin_Project\IAR\Debug\Obj\vj.o -o        #
#                    I:\GIT_Project\Dwin_Project\IAR\Debug\Exe\MB9BF218S.out  #
#                    --map I:\GIT_Project\Dwin_Project\IAR\Debug\List\MB9BF21 #
#                    8S.map --config I:\GIT_Project\Dwin_Project\IAR\MB9BF218 #
#                    S.icf --semihosting --entry __iar_program_start --vfe    #
#                                                                             #
#                                                                             #
###############################################################################

*******************************************************************************
*** RUNTIME MODEL ATTRIBUTES
***

CppFlavor       = *
__Heap_Handler  = DLMalloc
__SystemLibrary = DLib


*******************************************************************************
*** PLACEMENT SUMMARY
***

"A1":  place at 0x00008000 { ro section .intvec };
"P1":  place in [from 0x00008000 to 0x00100000] { ro };
"P2":  place in [from 0x1fff0000 to 0x2000ffff] { rw, block CSTACK, block HEAP };

  Section            Kind        Address     Size  Object
  -------            ----        -------     ----  ------
"A1":                                       0x100
  .intvec            ro code  0x00008000    0x100  startup_mb9bf21x.o [1]
                            - 0x00008100    0x100

"P1":                                     0x3c638
  .text              ro code  0x00008100   0xcb7c  meter645.o [1]
  .text              ro code  0x00014c7c      0xe  rmotlink.o [1]
  .text              ro code  0x00014c8a     0x14  udpecho.o [1]
  .text              ro code  0x00014c9e      0xe  tcp_out.o [1]
  .text              ro code  0x00014cac    0xca8  Base.o [1]
  .text              ro code  0x00015954     0x62  memcmp.o [7]
  .text              ro code  0x000159b6     0x22  zero_init3.o [7]
  .text              ro code  0x000159d8    0xf90  Fun.o [1]
  .text              ro code  0x00016968    0x604  COMM.o [1]
  .text              ro code  0x00016f6c    0x244  fifo.o [4]
  .text              ro code  0x000171b0    0x102  ChkCrc.o [1]
  .text              ro code  0x000172b2     0x1a  xsnprout.o [5]
  .text              ro code  0x000172cc      0x6  ABImemclr4.o [7]
  .text              ro code  0x000172d2      0xa  xsprout.o [5]
  .text              ro code  0x000172dc    0x308  Gw698.o [1]
  .text              ro code  0x000175e4    0x25e  linkcom.o [4]
  .rodata            const    0x00017842      0x2  Guimenu.o [1]
  .text              ro code  0x00017844    0x234  os_sem.o [1]
  .text              ro code  0x00017a78    0x378  ATT7022.o [1]
  .text              ro code  0x00017df0   0xbf64  Ac7022.o [1]
  .text              ro code  0x00023d54     0xd8  FltMul.o [6]
  .text              ro code  0x00023e2c     0x24  FltToU32.o [6]
  .text              ro code  0x00023e50     0x4e  FltToDbl.o [6]
  .rodata            const    0x00023e9e      0x2  Guimenu.o [1]
  .text              ro code  0x00023ea0    0x246  DblDiv.o [6]
  .rodata            const    0x000240e6      0x2  Guimenu.o [1]
  .text              ro code  0x000240e8    0x1a2  DblMul.o [6]
  .rodata            const    0x0002428a      0x2  GuiwinCfg.o [1]
  .text              ro code  0x0002428c     0x58  DblToI32.o [6]
  .text              ro code  0x000242e4     0x32  I32ToFlt.o [6]
  .rodata            const    0x00024316      0x2  GuiwinCfg.o [1]
  .text              ro code  0x00024318     0xe8  DblAdd.o [6]
  .text              ro code  0x00024400   0x11f4  MemDrvExt.o [1]
  .text              ro code  0x000255f4     0xfc  FltDiv.o [6]
  .text              ro code  0x000256f0     0x30  I32ToDbl.o [6]
  .text              ro code  0x00025720     0x84  FltAdd.o [6]
  .text              ro code  0x000257a4     0x24  FltCmpGe.o [6]
  .text              ro code  0x000257c8     0x24  FltCmpLe.o [6]
  .text              ro code  0x000257ec     0xe6  FltSub.o [6]
  .rodata            const    0x000258d2      0x1  GuiwinCfg.o [1]
  .rodata            const    0x000258d3      0x1  GuiwinCfg.o [1]
  .text              ro code  0x000258d4     0x90  DblToFlt.o [6]
  .text              ro code  0x00025964     0xac  SoftTimer.o [1]
  .text              ro code  0x00025a10    0xd14  Guimenu.o [1]
  .text              ro code  0x00026724     0x1c  strcat.o [5]
  .text              ro code  0x00026740    0x158  Reset.o [1]
  .text              ro code  0x00026898    0x270  FlashFileExt.o [1]
  .text              ro code  0x00026b08    0x5ee  Global.o [1]
  .rodata            const    0x000270f6      0x1  GuiwinCfg.o [1]
  .rodata            const    0x000270f7      0x1  GuiwinCfg.o [1]
  .text              ro code  0x000270f8     0x78  ABImemmove.o [7]
  .text              ro code  0x00027170     0x66  ABImemset.o [7]
  .rodata            const    0x000271d6      0x1  GuiwinCfg.o [1]
  .rodata            const    0x000271d7      0x1  GuiwinCfg.o [1]
  .text              ro code  0x000271d8     0x76  ABImemcpy.o [7]
  .rodata            const    0x0002724e      0x1  GuiwinCfg.o [1]
  .rodata            const    0x0002724f      0x1  GuiwinCfg.o [1]
  .text              ro code  0x00027250     0x34  sprintf.o [5]
  .text              ro code  0x00027284     0x36  strlen.o [7]
  .rodata            const    0x000272ba      0x1  GuiwinCfg.o [1]
  .rodata            const    0x000272bb      0x1  GuiwinCfg.o [1]
  .text              ro code  0x000272bc    0x864  SecTask.o [1]
  .text              ro code  0x00027b20     0xf8  linkcomExt.o [1]
  .text              ro code  0x00027c18    0x110  os_time.o [1]
  .text              ro code  0x00027d28    0x450  rmotlink.o [1]
  .text              ro code  0x00028178    0x804  Guiwin.o [3]
  .text              ro code  0x0002897c      0x8  abs.o [5]
  .text              ro code  0x00028984    0xca8  Lcd.o [1]
  .text              ro code  0x0002962c    0x5b0  io_fm3.o [1]
  CODE               ro code  0x00029bdc     0xa0  os_cpu_a.o [1]
  .text              ro code  0x00029c7c    0xd68  dmac_fm3.o [1]
  .text              ro code  0x0002a9e4    0x24c  uart_fm3.o [1]
  .text              ro code  0x0002ac30    0x5a4  UART.o [1]
  .text              ro code  0x0002b1d4     0x32  ABImemset48.o [7]
  .rodata            const    0x0002b206      0x1  GuiwinCfg.o [1]
  .rodata            const    0x0002b207      0x1  GuiwinCfg.o [1]
  .text              ro code  0x0002b208   0x5176  GB698GetRequest.o [1]
  .rodata            const    0x0003037e      0x1  GuiwinCfg.o [1]
  .rodata            const    0x0003037f      0x1  GuiwinCfg.o [1]
  .text              ro code  0x00030380    0x49e  GB698SetRequest.o [1]
  .rodata            const    0x0003081e      0x1  GuiwinCfg.o [1]
  .text              ro code  0x00030820    0x8b0  GB698ActionRequest.o [1]
  .text              ro code  0x000310d0     0x94  GB698ProxyRequest.o [1]
  .text              ro code  0x00031164   0x13e0  Gw3761.o [1]
  .text              ro code  0x00032544   0x11a4  GB3761SetPrm.o [1]
  .text              ro code  0x000336e8    0xfb8  GB3761SetPrmExt.o [1]
  .text              ro code  0x000346a0    0x326  GB3761GetPrmExt.o [1]
  .text              ro code  0x000349c8    0x12c  GB698SecurityTrans.o [1]
  .text              ro code  0x00034af4    0x98c  os_core.o [1]
  .text              ro code  0x00035480     0x44  FltToS32.o [6]
  .text              ro code  0x000354c4    0x180  DblSub.o [6]
  .text              ro code  0x00035644     0x1c  FltCmpEq.o [6]
  .text              ro code  0x00035660     0x2e  DblCmpLe.o [6]
  .text              ro code  0x00035690    0x4d4  FM24CL16.o [1]
  .text              ro code  0x00035b64    0x9c0  SST25F032.o [1]
  .text              ro code  0x00036524    0x5d4  FlashFile.o [1]
  .text              ro code  0x00036af8    0xc80  MemDrv.o [1]
  .text              ro code  0x00037778    0x3c8  DataItem.o [1]
  .text              ro code  0x00037b40    0x714  RX8025T.o [1]
  .text              ro code  0x00038254    0x30a  Dwin.o [1]
  .text              ro code  0x00038560     0xd4  AppCfg.o [1]
  .text              ro code  0x00038634    0x1f4  bt_fm3.o [1]
  .text              ro code  0x00038828     0x84  IntProc.o [1]
  .text              ro code  0x000388ac    0xcf6  xprintffull_nomb.o [5]
  .text              ro code  0x000395a4    0x5c8  FileTrans.o [1]
  .text              ro code  0x00039b6c     0xe2  os_mbox.o [1]
  .text              ro code  0x00039c50    0x438  AutoTest.o [1]
  .text              ro code  0x0003a088    0x530  PowerOn.o [1]
  .text              ro code  0x0003a5b8    0x40c  SysRes.o [1]
  .text              ro code  0x0003a9c4     0xc8  Telit.o [1]
  .text              ro code  0x0003aa8c     0x3c  vsnprint.o [5]
  .text              ro code  0x0003aac8     0x44  strcpy.o [7]
  .text              ro code  0x0003ab0c     0x90  Key.o [1]
  .text              ro code  0x0003ab9c     0x6c  GuiwinCfg.o [1]
  .text              ro code  0x0003ac08    0x60c  GB3761Trans.o [1]
  .text              ro code  0x0003b214    0x154  Login.o [1]
  .text              ro code  0x0003b368    0x886  GB3761CtrlCmd.o [1]
  .text              ro code  0x0003bbf0    0xbc6  GB3761GetPrm.o [1]
  .text              ro code  0x0003c7b6    0x62c  GB3761GetClassI.o [1]
  .text              ro code  0x0003cde2    0x51e  GB3761GetClassII.o [1]
  .text              ro code  0x0003d300    0x28c  CarrCol.o [1]
  .text              ro code  0x0003d58c     0xd8  os_cpu_c.o [1]
  .text              ro code  0x0003d664     0x40  os_flag.o [1]
  .text              ro code  0x0003d6a4     0x40  os_mem.o [1]
  .text              ro code  0x0003d6e4     0xe0  os_q.o [1]
  .text              ro code  0x0003d7c4    0x23c  os_tmr.o [1]
  .text              ro code  0x0003da00    0x2ec  os_task.o [1]
  .text              ro code  0x0003dcec     0x42  strcmp.o [7]
  .text              ro code  0x0003dd30    0x104  MemTbl.o [1]
  .text              ro code  0x0003de34     0x90  TimerCount.o [1]
  .text              ro code  0x0003dec4     0x16  strchr.o [7]
  .text              ro code  0x0003dedc     0x58  memchr.o [7]
  .text              ro code  0x0003df34     0xee  I64DivMod.o [7]
  .text              ro code  0x0003e022     0x42  xdnorm.o [6]
  .text              ro code  0x0003e064     0x2e  DblCmpGe.o [6]
  .text              ro code  0x0003e094    0x10c  xdscale.o [6]
  .text              ro code  0x0003e1a0      0xe  div.o [5]
  .text              ro code  0x0003e1b0    0x484  Gw3762.o [1]
  .text              ro code  0x0003e634      0x2  I64DivZer.o [7]
  .text              ro code  0x0003e638   0x16d0  UsbHost.o [1]
  .text              ro code  0x0003fd08     0xec  UsbSofTimeout.o [1]
  .text              ro code  0x0003fdf4    0x310  UsbClassSupervisor.o [1]
  .rodata            const    0x00040104    0x8d4  MemData.o [1]
  .rodata            const    0x000409d8    0x570  MemTbl.o [1]
  .rodata            const    0x00040f48    0x44c  MemData.o [1]
  .rodata            const    0x00041394    0x410  MemPrm.o [1]
  .rodata            const    0x000417a4    0x334  MemData.o [1]
  .rodata            const    0x00041ad8    0x294  MemPrm.o [1]
  .rodata            const    0x00041d6c    0x244  MemPrm.o [1]
  .rodata            const    0x00041fb0    0x200  ChkCrc.o [1]
  .text              ro code  0x000421b0    0x1e8  system_mb9bf21x.o [1]
  .rodata            const    0x00042398    0x1cc  MemData.o [1]
  .text              ro code  0x00042564    0x1b4  MSecTask.o [1]
  .text              ro code  0x00042718     0x42  AppDog.o [1]
  .text              ro code  0x0004275a    0x1a4  lz77_init.o [7]
  .text              ro code  0x000428fe      0x6  abort.o [5]
  .text              ro code  0x00042904     0x14  exit.o [8]
  .text              ro code  0x00042918     0x30  iarttio.o [8]
  .text              ro code  0x00042948      0x8  XShttio.o [5]
  .rodata            const    0x00042950    0x17c  MemData.o [1]
  .rodata            const    0x00042acc    0x140  MemData.o [1]
  .rodata            const    0x00042c0c    0x140  MemData.o [1]
  .text              ro code  0x00042d4c    0x138  UsbMassStorage.o [1]
  .text              ro code  0x00042e84    0x124  mfs_fm3.o [1]
  .rodata            const    0x00042fa8    0x118  MemData.o [1]
  .rodata            const    0x000430c0    0x104  MemData.o [1]
  .rodata            const    0x000431c4    0x100  os_core.o [1]
  .rodata            const    0x000432c4     0xf0  MemPrm.o [1]
  .rodata            const    0x000433b4     0xe0  COMM.o [1]
  .rodata            const    0x00043494     0xdc  MemPrm.o [1]
  .rodata            const    0x00043570     0xb4  MemData.o [1]
  .rodata            const    0x00043624     0xb4  MemData.o [1]
  .rodata            const    0x000436d8     0xb4  MemData.o [1]
  .rodata            const    0x0004378c     0xb4  MemPrm.o [1]
  .text              ro code  0x00043840     0x90  emac.o [1]
  .text              ro code  0x000438d0     0x1c  emac_fm3.o [1]
  .rodata            const    0x000438ec     0x8c  MemData.o [1]
  .rodata            const    0x00043978     0x78  CarrCol.o [1]
  .rodata            const    0x000439f0     0x60  Fun.o [1]
  .rodata            const    0x00043a50     0x50  MemData.o [1]
  .text              ro code  0x00043aa0     0x50  locallink.o [1]
  .text              ro code  0x00043af0     0x46  IdleTask.o [1]
  .rodata            const    0x00043b38     0x3c  MemData.o [1]
  .rodata            const    0x00043b74     0x3c  MemPrm.o [1]
  .rodata            const    0x00043bb0     0x3c  MemPrm.o [1]
  .rodata            const    0x00043bec     0x3c  MemPrm.o [1]
  .rodata            const    0x00043c28     0x38  AppCfg.o [1]
  .rodata            const    0x00043c60     0x38  DataItem.o [1]
  .rodata            const    0x00043c98     0x38  DataItem.o [1]
  .rodata            const    0x00043cd0     0x34  DataItem.o [1]
  .rodata            const    0x00043d04     0x34  Guimenu.o [1]
  .text              ro code  0x00043d38     0x2a  main.o [1]
  .rodata            const    0x00043d64     0x28  MemPrm.o [1]
  .rodata            const    0x00043d8c     0x28  MemPrm.o [1]
  .rodata            const    0x00043db4     0x28  MemPrm.o [1]
  .rodata            const    0x00043ddc     0x28  MemPrm.o [1]
  .text              ro code  0x00043e04     0x28  data_init.o [7]
  .rodata            const    0x00043e2c     0x24  DataItem.o [1]
  .iar.init_table    const    0x00043e50     0x2c  - Linker created -
  .rodata            const    0x00043e7c     0x20  Fun.o [1]
  .rodata            const    0x00043e9c     0x20  Fun.o [1]
  .rodata            const    0x00043ebc     0x20  GB3761SetPrm.o [1]
  .rodata            const    0x00043edc     0x20  GB3761Trans.o [1]
  .rodata            const    0x00043efc     0x1c  Guimenu.o [1]
  .text              ro code  0x00043f18     0x1c  UsbInit.o [1]
  .text              ro code  0x00043f34     0x16  cmain.o [7]
  .text              ro code  0x00043f4a      0x4  low_level_init.o [5]
  .text              ro code  0x00043f4e      0x4  exit.o [5]
  .text              ro code  0x00043f54      0xa  cexit.o [7]
  .rodata            const    0x00043f60     0x14  SysRes.o [1]
  .rodata            const    0x00043f74     0x14  UsbClassSupervisor.o [1]
  .text              ro code  0x00043f88     0x12  startup_mb9bf21x.o [1]
  .rodata            const    0x00043f9c     0x10  Base.o [1]
  .rodata            const    0x00043fac     0x10  SysRes.o [1]
  .rodata            const    0x00043fbc     0x10  SysRes.o [1]
  .rodata            const    0x00043fcc     0x10  SysRes.o [1]
  .rodata            const    0x00043fdc     0x10  Telit.o [1]
  .rodata            const    0x00043fec     0x10  Telit.o [1]
  .rodata            const    0x00043ffc     0x10  os_core.o [1]
  .rodata            const    0x0004400c     0x10  os_core.o [1]
  .rodata            const    0x0004401c     0x10  os_tmr.o [1]
  .rodata            const    0x0004402c     0x10  Guiwin.o [3]
  .text              ro code  0x0004403c     0x10  startup_mb9bf21x.o [1]
  .rodata            const    0x0004404c      0xc  Ac7022.o [1]
  .rodata            const    0x00044058      0xc  Ac7022.o [1]
  .rodata            const    0x00044064      0xc  Ac7022.o [1]
  .rodata            const    0x00044070      0xc  Ac7022.o [1]
  .rodata            const    0x0004407c      0xc  Ac7022.o [1]
  .rodata            const    0x00044088      0xc  Ac7022.o [1]
  .rodata            const    0x00044094      0xc  AppCfg.o [1]
  .rodata            const    0x000440a0      0xc  AppCfg.o [1]
  .rodata            const    0x000440ac      0xc  AppCfg.o [1]
  .rodata            const    0x000440b8      0xc  AppCfg.o [1]
  .rodata            const    0x000440c4      0xc  AppCfg.o [1]
  .rodata            const    0x000440d0      0xc  AppCfg.o [1]
  .rodata            const    0x000440dc      0xc  AppCfg.o [1]
  .rodata            const    0x000440e8      0xc  AppCfg.o [1]
  .rodata            const    0x000440f4      0xc  AppCfg.o [1]
  .rodata            const    0x00044100      0xc  AppCfg.o [1]
  .rodata            const    0x0004410c      0xc  AppCfg.o [1]
  .rodata            const    0x00044118      0xc  AppCfg.o [1]
  .rodata            const    0x00044124      0xc  AutoTest.o [1]
  .rodata            const    0x00044130      0xc  Base.o [1]
  .rodata            const    0x0004413c      0xc  Fun.o [1]
  .rodata            const    0x00044148      0xc  Fun.o [1]
  .rodata            const    0x00044154      0xc  Fun.o [1]
  .rodata            const    0x00044160      0xc  Fun.o [1]
  .rodata            const    0x0004416c      0xc  GB3761GetPrmExt.o [1]
  .rodata            const    0x00044178      0xc  MemTbl.o [1]
  .rodata            const    0x00044184      0xc  MemTbl.o [1]
  .rodata            const    0x00044190      0xc  MemTbl.o [1]
  .rodata            const    0x0004419c      0xc  MemTbl.o [1]
  .rodata            const    0x000441a8      0xc  MemTbl.o [1]
  .rodata            const    0x000441b4      0xc  MemTbl.o [1]
  .rodata            const    0x000441c0      0xc  MemTbl.o [1]
  .rodata            const    0x000441cc      0xc  MemTbl.o [1]
  .rodata            const    0x000441d8      0xc  MemTbl.o [1]
  .rodata            const    0x000441e4      0xc  MemTbl.o [1]
  .rodata            const    0x000441f0      0xc  MemTbl.o [1]
  .rodata            const    0x000441fc      0xc  MemTbl.o [1]
  .rodata            const    0x00044208      0xc  SysRes.o [1]
  .rodata            const    0x00044214      0xc  SysRes.o [1]
  .rodata            const    0x00044220      0xc  SysRes.o [1]
  .rodata            const    0x0004422c      0xc  SysRes.o [1]
  .rodata            const    0x00044238      0xc  SysRes.o [1]
  .text              ro code  0x00044244      0xc  cstartup_M.o [7]
  .rodata            const    0x00044250      0x8  AppCfg.o [1]
  .rodata            const    0x00044258      0x8  AppCfg.o [1]
  .rodata            const    0x00044260      0x8  AppCfg.o [1]
  .rodata            const    0x00044268      0x8  AppCfg.o [1]
  .rodata            const    0x00044270      0x8  AppCfg.o [1]
  .rodata            const    0x00044278      0x8  AppCfg.o [1]
  .rodata            const    0x00044280      0x8  AppCfg.o [1]
  .rodata            const    0x00044288      0x8  AppCfg.o [1]
  .rodata            const    0x00044290      0x8  AppCfg.o [1]
  .rodata            const    0x00044298      0x8  AppCfg.o [1]
  .rodata            const    0x000442a0      0x8  AppCfg.o [1]
  .rodata            const    0x000442a8      0x8  Base.o [1]
  .rodata            const    0x000442b0      0x8  Base.o [1]
  .rodata            const    0x000442b8      0x8  Base.o [1]
  .rodata            const    0x000442c0      0x8  Base.o [1]
  .rodata            const    0x000442c8      0x8  Base.o [1]
  .rodata            const    0x000442d0      0x8  Base.o [1]
  .rodata            const    0x000442d8      0x8  Fun.o [1]
  .rodata            const    0x000442e0      0x8  Fun.o [1]
  .rodata            const    0x000442e8      0x8  Fun.o [1]
  .rodata            const    0x000442f0      0x8  Guimenu.o [1]
  .rodata            const    0x000442f8      0x8  Gw3761.o [1]
  .rodata            const    0x00044300      0x8  Gw3761.o [1]
  .rodata            const    0x00044308      0x8  Gw3761.o [1]
  .rodata            const    0x00044310      0x8  Gw3762.o [1]
  .rodata            const    0x00044318      0x8  MemTbl.o [1]
  .rodata            const    0x00044320      0x8  MemTbl.o [1]
  .rodata            const    0x00044328      0x8  MemTbl.o [1]
  .rodata            const    0x00044330      0x8  MemTbl.o [1]
  .rodata            const    0x00044338      0x8  MemTbl.o [1]
  .rodata            const    0x00044340      0x8  MemTbl.o [1]
  .rodata            const    0x00044348      0x8  MemTbl.o [1]
  .rodata            const    0x00044350      0x8  MemTbl.o [1]
  .rodata            const    0x00044358      0x8  MemTbl.o [1]
  .rodata            const    0x00044360      0x8  MemTbl.o [1]
  .rodata            const    0x00044368      0x8  MemTbl.o [1]
  .rodata            const    0x00044370      0x8  RX8025T.o [1]
  .rodata            const    0x00044378      0x8  SysRes.o [1]
  .rodata            const    0x00044380      0x8  UsbClassSupervisor.o [1]
  .rodata            const    0x00044388      0x8  UsbClassSupervisor.o [1]
  .rodata            const    0x00044390      0x8  UsbHost.o [1]
  .rodata            const    0x00044398      0x8  UsbHost.o [1]
  .rodata            const    0x000443a0      0x8  UsbHost.o [1]
  .rodata            const    0x000443a8      0x8  UsbHost.o [1]
  .rodata            const    0x000443b0      0x8  UsbHost.o [1]
  .rodata            const    0x000443b8      0x8  meter645.o [1]
  .rodata            const    0x000443c0      0x8  meter645.o [1]
  .rodata            const    0x000443c8      0x8  rmotlink.o [1]
  .rodata            const    0x000443d0      0x4  GB698GetRequest.o [1]
  .rodata            const    0x000443d4      0x4  Guimenu.o [1]
  .text              ro code  0x000443d8      0x4  startup_mb9bf21x.o [1]
  .text              ro code  0x000443dc      0x4  startup_mb9bf21x.o [1]
  .text              ro code  0x000443e0      0x4  startup_mb9bf21x.o [1]
  .text              ro code  0x000443e4      0x4  startup_mb9bf21x.o [1]
  .text              ro code  0x000443e8      0x4  startup_mb9bf21x.o [1]
  .text              ro code  0x000443ec      0x4  startup_mb9bf21x.o [1]
  .text              ro code  0x000443f0      0x4  startup_mb9bf21x.o [1]
  .text              ro code  0x000443f4      0x4  startup_mb9bf21x.o [1]
  .text              ro code  0x000443f8      0x4  startup_mb9bf21x.o [1]
  .text              ro code  0x000443fc      0x4  startup_mb9bf21x.o [1]
  .text              ro code  0x00044400      0x4  startup_mb9bf21x.o [1]
  .text              ro code  0x00044404      0x4  startup_mb9bf21x.o [1]
  .text              ro code  0x00044408      0x4  startup_mb9bf21x.o [1]
  .text              ro code  0x0004440c      0x4  startup_mb9bf21x.o [1]
  .text              ro code  0x00044410      0x4  startup_mb9bf21x.o [1]
  .text              ro code  0x00044414      0x4  startup_mb9bf21x.o [1]
  .text              ro code  0x00044418      0x4  startup_mb9bf21x.o [1]
  .text              ro code  0x0004441c      0x4  startup_mb9bf21x.o [1]
  .text              ro code  0x00044420      0x4  startup_mb9bf21x.o [1]
  .text              ro code  0x00044424      0x4  startup_mb9bf21x.o [1]
  .text              ro code  0x00044428      0x4  startup_mb9bf21x.o [1]
  .text              ro code  0x0004442c      0x4  startup_mb9bf21x.o [1]
  .text              ro code  0x00044430      0x4  startup_mb9bf21x.o [1]
  .text              ro code  0x00044434      0x4  startup_mb9bf21x.o [1]
  .text              ro code  0x00044438      0x4  startup_mb9bf21x.o [1]
  .text              ro code  0x0004443c      0x4  startup_mb9bf21x.o [1]
  .text              ro code  0x00044440      0x4  startup_mb9bf21x.o [1]
  .text              ro code  0x00044444      0x4  startup_mb9bf21x.o [1]
  .text              ro code  0x00044448      0x4  startup_mb9bf21x.o [1]
  .text              ro code  0x0004444c      0x4  startup_mb9bf21x.o [1]
  .text              ro code  0x00044450      0x4  startup_mb9bf21x.o [1]
  .text              ro code  0x00044454      0x4  startup_mb9bf21x.o [1]
  .text              ro code  0x00044458      0x4  startup_mb9bf21x.o [1]
  .text              ro code  0x0004445c      0x4  startup_mb9bf21x.o [1]
  .text              ro code  0x00044460      0x4  startup_mb9bf21x.o [1]
  .text              ro code  0x00044464      0x4  startup_mb9bf21x.o [1]
  .text              ro code  0x00044468      0x4  startup_mb9bf21x.o [1]
  .text              ro code  0x0004446c      0x4  startup_mb9bf21x.o [1]
  .text              ro code  0x00044470      0x4  startup_mb9bf21x.o [1]
  .text              ro code  0x00044474      0x4  startup_mb9bf21x.o [1]
  .text              ro code  0x00044478      0x4  startup_mb9bf21x.o [1]
  .text              ro code  0x0004447c      0x4  startup_mb9bf21x.o [1]
  .text              ro code  0x00044480      0x4  startup_mb9bf21x.o [1]
  .text              ro code  0x00044484      0x4  startup_mb9bf21x.o [1]
  .text              ro code  0x00044488      0x4  startup_mb9bf21x.o [1]
  .text              ro code  0x0004448c      0x4  startup_mb9bf21x.o [1]
  .text              ro code  0x00044490      0x4  startup_mb9bf21x.o [1]
  .text              ro code  0x00044494      0x4  startup_mb9bf21x.o [1]
  .text              ro code  0x00044498      0x4  startup_mb9bf21x.o [1]
  .text              ro code  0x0004449c      0x4  startup_mb9bf21x.o [1]
  .text              ro code  0x000444a0      0x4  startup_mb9bf21x.o [1]
  .text              ro code  0x000444a4      0x4  startup_mb9bf21x.o [1]
  .text              ro code  0x000444a8      0x4  startup_mb9bf21x.o [1]
  .text              ro code  0x000444ac      0x4  startup_mb9bf21x.o [1]
  .text              ro code  0x000444b0      0x4  startup_mb9bf21x.o [1]
  .rodata            const    0x000444b4      0x0  zero_init3.o [7]
  .rodata            const    0x000444b4      0x0  lz77_init.o [7]
  Initializer bytes  ro data  0x000444b4    0x282  <for P2 s0>
                            - 0x00044736  0x3c636

"P2", part 1 of 3:                          0xce0
  P2 s0                       0x1fff0000    0xcde  <Init block>
    .data            inited   0x1fff0000    0x804  FlashFileExt.o [1]
    .data            inited   0x1fff0804    0x190  SysRes.o [1]
    .data            inited   0x1fff0994    0x120  linkcomExt.o [1]
    .data            inited   0x1fff0ab4     0xa4  rmotlink.o [1]
    .data            inited   0x1fff0b58     0x60  AppCfg.o [1]
    .data            inited   0x1fff0bb8     0x24  Ac7022.o [1]
    .data            inited   0x1fff0bdc     0x24  Guimenu.o [1]
    .data            inited   0x1fff0c00     0x20  uart_fm3.o [1]
    .data            inited   0x1fff0c20     0x20  uart_fm3.o [1]
    .data            inited   0x1fff0c40     0x18  Guimenu.o [1]
    .data            inited   0x1fff0c58     0x10  rmotlink.o [1]
    .data            inited   0x1fff0c68     0x10  rmotlink.o [1]
    .data            inited   0x1fff0c78     0x10  rmotlink.o [1]
    .data            inited   0x1fff0c88      0x8  XShttio.o [5]
    .data            inited   0x1fff0c90      0x4  Ac7022.o [1]
    .data            inited   0x1fff0c94      0x4  Ac7022.o [1]
    .data            inited   0x1fff0c98      0x4  FlashFileExt.o [1]
    .data            inited   0x1fff0c9c      0x4  Key.o [1]
    .data            inited   0x1fff0ca0      0x4  MemTbl.o [1]
    .data            inited   0x1fff0ca4      0x4  PowerOn.o [1]
    .data            inited   0x1fff0ca8      0x4  SecTask.o [1]
    .data            inited   0x1fff0cac      0x4  SysRes.o [1]
    .data            inited   0x1fff0cb0      0x4  TimerCount.o [1]
    .data            inited   0x1fff0cb4      0x4  UART.o [1]
    .data            inited   0x1fff0cb8      0x4  UsbHost.o [1]
    .data            inited   0x1fff0cbc      0x4  meter645.o [1]
    .data            inited   0x1fff0cc0      0x4  rmotlink.o [1]
    .data            inited   0x1fff0cc4      0x4  rmotlink.o [1]
    .data            inited   0x1fff0cc8      0x4  system_mb9bf21x.o [1]
    .data            inited   0x1fff0ccc      0x2  AutoTest.o [1]
    .data            inited   0x1fff0cce      0x2  GuiwinCfg.o [1]
    .data            inited   0x1fff0cd0      0x2  meter645.o [1]
    .data            inited   0x1fff0cd2      0x1  Ac7022.o [1]
    .data            inited   0x1fff0cd3      0x1  CarrCol.o [1]
    .data            inited   0x1fff0cd4      0x1  FlashFileExt.o [1]
    .data            inited   0x1fff0cd5      0x1  Guimenu.o [1]
    .data            inited   0x1fff0cd6      0x1  GuiwinCfg.o [1]
    .data            inited   0x1fff0cd7      0x1  IntProc.o [1]
    .data            inited   0x1fff0cd8      0x1  IntProc.o [1]
    .data            inited   0x1fff0cd9      0x1  IntProc.o [1]
    .data            inited   0x1fff0cda      0x1  Login.o [1]
    .data            inited   0x1fff0cdb      0x1  SecTask.o [1]
    .data            inited   0x1fff0cdc      0x1  UsbHost.o [1]
    .data            inited   0x1fff0cdd      0x1  UsbHost.o [1]
                            - 0x1fff0cde    0xcde

"P2", part 2 of 3:                        0x1bf70
  .bss               zero     0x1fff0ce0   0x2000  SysRes.o [1]
  .bss               zero     0x1fff2ce0   0x1d28  Ac7022.o [1]
  .bss               zero     0x1fff4a08   0x1960  MemTbl.o [1]
  .bss               zero     0x1fff6368   0x1824  emac.o [1]
  .bss               zero     0x1fff7b8c   0x1800  SysRes.o [1]
  .bss               zero     0x1fff938c   0x1800  SysRes.o [1]
  .bss               zero     0x1fffab8c   0x1800  SysRes.o [1]
  .bss               zero     0x1fffc38c   0x1800  SysRes.o [1]
  .bss               zero     0x1fffdb8c   0x1000  SST25F032.o [1]
  .bss               zero     0x1fffeb8c   0x1000  SysRes.o [1]
  .bss               zero     0x1ffffb8c    0xfd0  FlashFileExt.o [1]
  .bss               zero     0x20000b5c    0xcc0  os_core.o [1]
  .bss               zero     0x2000181c    0xc80  Lcd.o [1]
  .bss               zero     0x2000249c    0xc00  SysRes.o [1]
  .bss               zero     0x2000309c    0xc00  SysRes.o [1]
  .bss               zero     0x20003c9c    0x9c4  rmotlink.o [1]
  .bss               zero     0x20004660    0x9c4  Guiwin.o [3]
  .bss               zero     0x20005024    0x960  os_core.o [1]
  .bss               zero     0x20005984    0x868  COMM.o [1]
  .bss               zero     0x200061ec    0x864  linkcomExt.o [1]
  .bss               zero     0x20006a50    0x864  linkcomExt.o [1]
  .bss               zero     0x200072b4    0x5a0  rmotlink.o [1]
  .bss               zero     0x20007854    0x5a0  rmotlink.o [1]
  .bss               zero     0x20007df4    0x404  COMM.o [1]
  .bss               zero     0x200081f8    0x404  COMM.o [1]
  .bss               zero     0x200085fc    0x404  COMM.o [1]
  .bss               zero     0x20008a00    0x400  Ac7022.o [1]
  .bss               zero     0x20008e00    0x400  IdleTask.o [1]
  .bss               zero     0x20009200    0x400  MemDrvExt.o [1]
  .bss               zero     0x20009600    0x400  MemDrvExt.o [1]
  .bss               zero     0x20009a00    0x400  linkcomExt.o [1]
  .bss               zero     0x20009e00    0x400  linkcomExt.o [1]
  .bss               zero     0x2000a200    0x3c0  Guiwin.o [3]
  .bss               zero     0x2000a5c0    0x374  Ac7022.o [1]
  .bss               zero     0x2000a934    0x240  os_core.o [1]
  .bss               zero     0x2000ab74    0x204  COMM.o [1]
  .bss               zero     0x2000ad78    0x200  Fun.o [1]
  .bss               zero     0x2000af78    0x200  SysRes.o [1]
  .bss               zero     0x2000b178    0x200  SysRes.o [1]
  .bss               zero     0x2000b378    0x200  os_core.o [1]
  .bss               zero     0x2000b578    0x200  os_core.o [1]
  .bss               zero     0x2000b778    0x200  os_core.o [1]
  .bss               zero     0x2000b978    0x1b8  SysRes.o [1]
  .bss               zero     0x2000bb30    0x190  meter645.o [1]
  .bss               zero     0x2000bcc0    0x108  UsbHost.o [1]
  .bss               zero     0x2000bdc8    0x104  COMM.o [1]
  .bss               zero     0x2000becc    0x104  COMM.o [1]
  .bss               zero     0x2000bfd0    0x104  os_core.o [1]
  .bss               zero     0x2000c0d4    0x100  UsbHost.o [1]
  .bss               zero     0x2000c1d4    0x100  linkcomExt.o [1]
  .bss               zero     0x2000c2d4    0x100  meter645.o [1]
  .bss               zero     0x2000c3d4     0xc0  os_core.o [1]
  .bss               zero     0x2000c494     0x80  FM24CL16.o [1]
  .bss               zero     0x2000c514     0x78  os_core.o [1]
  .bss               zero     0x2000c58c     0x74  SysRes.o [1]
  .bss               zero     0x2000c600     0x64  os_core.o [1]
  .bss               zero     0x2000c664     0x50  UsbSofTimeout.o [1]
  .bss               zero     0x2000c6b4     0x50  ethnetlink.o [1]
  .bss               zero     0x2000c704     0x40  mfs_fm3.o [1]
  .bss               zero     0x2000c744     0x40  os_core.o [1]
  .bss               zero     0x2000c784     0x30  COMM.o [1]
  .bss               zero     0x2000c7b4     0x30  COMM.o [1]
  .bss               zero     0x2000c7e4     0x30  COMM.o [1]
  .bss               zero     0x2000c814     0x30  COMM.o [1]
  .bss               zero     0x2000c844     0x30  COMM.o [1]
  .bss               zero     0x2000c874     0x30  COMM.o [1]
  .bss               zero     0x2000c8a4     0x30  COMM.o [1]
  .bss               zero     0x2000c8d4     0x28  AppCfg.o [1]
  .bss               zero     0x2000c8fc     0x28  DataItem.o [1]
  .bss               zero     0x2000c924     0x28  DataItem.o [1]
  .bss               zero     0x2000c94c     0x28  rmotlink.o [1]
  .bss               zero     0x2000c974     0x20  bt_fm3.o [1]
  .bss               zero     0x2000c994     0x20  bt_fm3.o [1]
  .bss               zero     0x2000c9b4     0x20  bt_fm3.o [1]
  .bss               zero     0x2000c9d4     0x20  dmac_fm3.o [1]
  .bss               zero     0x2000c9f4     0x1c  TimerCount.o [1]
  .bss               zero     0x2000ca10     0x18  Ac7022.o [1]
  .bss               zero     0x2000ca28     0x14  DataItem.o [1]
  .bss               zero     0x2000ca3c     0x14  UsbClassSupervisor.o [1]
  .bss               zero     0x2000ca50     0x10  SysRes.o [1]
  .bss               zero     0x2000ca60      0xc  os_core.o [1]
  .bss               zero     0x2000ca6c      0x8  PowerOn.o [1]
  .bss               zero     0x2000ca74      0x8  PowerOn.o [1]
  .bss               zero     0x2000ca7c      0x8  SecTask.o [1]
  .bss               zero     0x2000ca84      0x8  SecTask.o [1]
  .bss               zero     0x2000ca8c      0x8  SysRes.o [1]
  .bss               zero     0x2000ca94      0x8  UsbHost.o [1]
  .bss               zero     0x2000ca9c      0x8  UsbHost.o [1]
  .bss               zero     0x2000caa4      0x8  UsbHost.o [1]
  .bss               zero     0x2000caac      0x8  meter645.o [1]
  .bss               zero     0x2000cab4      0x4  ATT7022.o [1]
  .bss               zero     0x2000cab8      0x4  Ac7022.o [1]
  .bss               zero     0x2000cabc      0x4  DataItem.o [1]
  .bss               zero     0x2000cac0      0x4  FileTrans.o [1]
  .bss               zero     0x2000cac4      0x4  FlashFile.o [1]
  .bss               zero     0x2000cac8      0x4  FlashFile.o [1]
  .bss               zero     0x2000cacc      0x4  Key.o [1]
  .bss               zero     0x2000cad0      0x4  Login.o [1]
  .bss               zero     0x2000cad4      0x4  PowerOn.o [1]
  .bss               zero     0x2000cad8      0x4  PowerOn.o [1]
  .bss               zero     0x2000cadc      0x4  RX8025T.o [1]
  .bss               zero     0x2000cae0      0x4  SST25F032.o [1]
  .bss               zero     0x2000cae4      0x4  SST25F032.o [1]
  .bss               zero     0x2000cae8      0x4  SecTask.o [1]
  .bss               zero     0x2000caec      0x4  SysRes.o [1]
  .bss               zero     0x2000caf0      0x4  SysRes.o [1]
  .bss               zero     0x2000caf4      0x4  UsbClassSupervisor.o [1]
  .bss               zero     0x2000caf8      0x4  UsbClassSupervisor.o [1]
  .bss               zero     0x2000cafc      0x4  UsbClassSupervisor.o [1]
  .bss               zero     0x2000cb00      0x4  UsbHost.o [1]
  .bss               zero     0x2000cb04      0x4  UsbHost.o [1]
  .bss               zero     0x2000cb08      0x4  UsbHost.o [1]
  .bss               zero     0x2000cb0c      0x4  UsbHost.o [1]
  .bss               zero     0x2000cb10      0x4  UsbHost.o [1]
  .bss               zero     0x2000cb14      0x4  UsbHost.o [1]
  .bss               zero     0x2000cb18      0x4  UsbHost.o [1]
  .bss               zero     0x2000cb1c      0x4  UsbHost.o [1]
  .bss               zero     0x2000cb20      0x4  UsbHost.o [1]
  .bss               zero     0x2000cb24      0x4  UsbHost.o [1]
  .bss               zero     0x2000cb28      0x4  UsbHost.o [1]
  .bss               zero     0x2000cb2c      0x4  UsbHost.o [1]
  .bss               zero     0x2000cb30      0x4  UsbHost.o [1]
  .bss               zero     0x2000cb34      0x4  UsbMassStorage.o [1]
  .bss               zero     0x2000cb38      0x4  UsbMassStorage.o [1]
  .bss               zero     0x2000cb3c      0x4  UsbSofTimeout.o [1]
  .bss               zero     0x2000cb40      0x4  ethernetif.o [1]
  .bss               zero     0x2000cb44      0x4  meter645.o [1]
  .bss               zero     0x2000cb48      0x4  os_core.o [1]
  .bss               zero     0x2000cb4c      0x4  os_core.o [1]
  .bss               zero     0x2000cb50      0x4  os_core.o [1]
  .bss               zero     0x2000cb54      0x4  os_core.o [1]
  .bss               zero     0x2000cb58      0x4  os_core.o [1]
  .bss               zero     0x2000cb5c      0x4  os_core.o [1]
  .bss               zero     0x2000cb60      0x4  os_core.o [1]
  .bss               zero     0x2000cb64      0x4  os_core.o [1]
  .bss               zero     0x2000cb68      0x4  os_core.o [1]
  .bss               zero     0x2000cb6c      0x4  os_core.o [1]
  .bss               zero     0x2000cb70      0x4  os_core.o [1]
  .bss               zero     0x2000cb74      0x4  os_core.o [1]
  .bss               zero     0x2000cb78      0x4  os_core.o [1]
  .bss               zero     0x2000cb7c      0x4  os_core.o [1]
  .bss               zero     0x2000cb80      0x4  os_core.o [1]
  .bss               zero     0x2000cb84      0x4  os_core.o [1]
  .bss               zero     0x2000cb88      0x4  os_core.o [1]
  .bss               zero     0x2000cb8c      0x4  system_mb9bf21x.o [1]
  .bss               zero     0x2000cb90      0x2  Fun.o [1]
  .bss               zero     0x2000cb92      0x2  Fun.o [1]
  .bss               zero     0x2000cb94      0x2  Fun.o [1]
  .bss               zero     0x2000cb96      0x2  GuiwinCfg.o [1]
  .bss               zero     0x2000cb98      0x2  Gw698.o [1]
  .bss               zero     0x2000cb9a      0x2  UsbMassStorage.o [1]
  .bss               zero     0x2000cb9c      0x2  UsbMassStorage.o [1]
  .bss               zero     0x2000cb9e      0x2  meter645.o [1]
  .bss               zero     0x2000cba0      0x2  meter645.o [1]
  .bss               zero     0x2000cba2      0x2  meter645.o [1]
  .bss               zero     0x2000cba4      0x2  os_core.o [1]
  .bss               zero     0x2000cba6      0x2  os_core.o [1]
  .bss               zero     0x2000cba8      0x2  os_core.o [1]
  .bss               zero     0x2000cbaa      0x2  os_cpu_c.o [1]
  .bss               zero     0x2000cbac      0x2  Guiwin.o [3]
  .bss               zero     0x2000cbae      0x1  Ac7022.o [1]
  .bss               zero     0x2000cbaf      0x1  Ac7022.o [1]
  .bss               zero     0x2000cbb0      0x1  Ac7022.o [1]
  .bss               zero     0x2000cbb1      0x1  Ac7022.o [1]
  .bss               zero     0x2000cbb2      0x1  Ac7022.o [1]
  .bss               zero     0x2000cbb3      0x1  Ac7022.o [1]
  .bss               zero     0x2000cbb4      0x1  Ac7022.o [1]
  .bss               zero     0x2000cbb5      0x1  Ac7022.o [1]
  .bss               zero     0x2000cbb6      0x1  Ac7022.o [1]
  .bss               zero     0x2000cbb7      0x1  Ac7022.o [1]
  .bss               zero     0x2000cbb8      0x1  Ac7022.o [1]
  .bss               zero     0x2000cbb9      0x1  Ac7022.o [1]
  .bss               zero     0x2000cbba      0x1  Ac7022.o [1]
  .bss               zero     0x2000cbbb      0x1  Ac7022.o [1]
  .bss               zero     0x2000cbbc      0x1  Ac7022.o [1]
  .bss               zero     0x2000cbbd      0x1  Ac7022.o [1]
  .bss               zero     0x2000cbbe      0x1  Ac7022.o [1]
  .bss               zero     0x2000cbbf      0x1  Ac7022.o [1]
  .bss               zero     0x2000cbc0      0x1  Ac7022.o [1]
  .bss               zero     0x2000cbc1      0x1  Ac7022.o [1]
  .bss               zero     0x2000cbc2      0x1  Ac7022.o [1]
  .bss               zero     0x2000cbc3      0x1  Ac7022.o [1]
  .bss               zero     0x2000cbc4      0x1  Ac7022.o [1]
  .bss               zero     0x2000cbc5      0x1  Ac7022.o [1]
  .bss               zero     0x2000cbc6      0x1  Ac7022.o [1]
  .bss               zero     0x2000cbc7      0x1  Ac7022.o [1]
  .bss               zero     0x2000cbc8      0x1  AppCfg.o [1]
  .bss               zero     0x2000cbc9      0x1  AppCfg.o [1]
  .bss               zero     0x2000cbca      0x1  AppCfg.o [1]
  .bss               zero     0x2000cbcb      0x1  AutoTest.o [1]
  .bss               zero     0x2000cbcc      0x1  AutoTest.o [1]
  .bss               zero     0x2000cbcd      0x1  AutoTest.o [1]
  .bss               zero     0x2000cbce      0x1  COMM.o [1]
  .bss               zero     0x2000cbcf      0x1  CarrCol.o [1]
  .bss               zero     0x2000cbd0      0x1  CarrCol.o [1]
  .bss               zero     0x2000cbd1      0x1  CarrCol.o [1]
  .bss               zero     0x2000cbd2      0x1  CarrCol.o [1]
  .bss               zero     0x2000cbd3      0x1  Dwin.o [1]
  .bss               zero     0x2000cbd4      0x1  FlashFileExt.o [1]
  .bss               zero     0x2000cbd5      0x1  Fun.o [1]
  .bss               zero     0x2000cbd6      0x1  Fun.o [1]
  .bss               zero     0x2000cbd7      0x1  Fun.o [1]
  .bss               zero     0x2000cbd8      0x1  Fun.o [1]
  .bss               zero     0x2000cbd9      0x1  GB3761SetPrmExt.o [1]
  .bss               zero     0x2000cbda      0x1  GB3761SetPrmExt.o [1]
  .bss               zero     0x2000cbdb      0x1  GB3761SetPrmExt.o [1]
  .bss               zero     0x2000cbdc      0x1  GB3761SetPrmExt.o [1]
  .bss               zero     0x2000cbdd      0x1  GB3761SetPrmExt.o [1]
  .bss               zero     0x2000cbde      0x1  GB698GetRequest.o [1]
  .bss               zero     0x2000cbdf      0x1  Guimenu.o [1]
  .bss               zero     0x2000cbe0      0x1  Guimenu.o [1]
  .bss               zero     0x2000cbe1      0x1  Guimenu.o [1]
  .bss               zero     0x2000cbe2      0x1  Guimenu.o [1]
  .bss               zero     0x2000cbe3      0x1  Guimenu.o [1]
  .bss               zero     0x2000cbe4      0x1  Guimenu.o [1]
  .bss               zero     0x2000cbe5      0x1  Guimenu.o [1]
  .bss               zero     0x2000cbe6      0x1  Guimenu.o [1]
  .bss               zero     0x2000cbe7      0x1  Guimenu.o [1]
  .bss               zero     0x2000cbe8      0x1  Gw3761.o [1]
  .bss               zero     0x2000cbe9      0x1  Gw3761.o [1]
  .bss               zero     0x2000cbea      0x1  Gw3761.o [1]
  .bss               zero     0x2000cbeb      0x1  Gw3761.o [1]
  .bss               zero     0x2000cbec      0x1  Gw3761.o [1]
  .bss               zero     0x2000cbed      0x1  Gw3761.o [1]
  .bss               zero     0x2000cbee      0x1  Gw3762.o [1]
  .bss               zero     0x2000cbef      0x1  IdleTask.o [1]
  .bss               zero     0x2000cbf0      0x1  Key.o [1]
  .bss               zero     0x2000cbf1      0x1  Login.o [1]
  .bss               zero     0x2000cbf2      0x1  Login.o [1]
  .bss               zero     0x2000cbf3      0x1  Login.o [1]
  .bss               zero     0x2000cbf4      0x1  Login.o [1]
  .bss               zero     0x2000cbf5      0x1  MSecTask.o [1]
  .bss               zero     0x2000cbf6      0x1  MSecTask.o [1]
  .bss               zero     0x2000cbf7      0x1  MSecTask.o [1]
  .bss               zero     0x2000cbf8      0x1  PowerOn.o [1]
  .bss               zero     0x2000cbf9      0x1  PowerOn.o [1]
  .bss               zero     0x2000cbfa      0x1  RX8025T.o [1]
  .bss               zero     0x2000cbfb      0x1  Reset.o [1]
  .bss               zero     0x2000cbfc      0x1  SecTask.o [1]
  .bss               zero     0x2000cbfd      0x1  SecTask.o [1]
  .bss               zero     0x2000cbfe      0x1  SecTask.o [1]
  .bss               zero     0x2000cbff      0x1  SecTask.o [1]
  .bss               zero     0x2000cc00      0x1  SecTask.o [1]
  .bss               zero     0x2000cc01      0x1  SecTask.o [1]
  .bss               zero     0x2000cc02      0x1  SecTask.o [1]
  .bss               zero     0x2000cc03      0x1  SecTask.o [1]
  .bss               zero     0x2000cc04      0x1  SecTask.o [1]
  .bss               zero     0x2000cc05      0x1  SecTask.o [1]
  .bss               zero     0x2000cc06      0x1  SecTask.o [1]
  .bss               zero     0x2000cc07      0x1  SecTask.o [1]
  .bss               zero     0x2000cc08      0x1  SecTask.o [1]
  .bss               zero     0x2000cc09      0x1  SecTask.o [1]
  .bss               zero     0x2000cc0a      0x1  SecTask.o [1]
  .bss               zero     0x2000cc0b      0x1  SecTask.o [1]
  .bss               zero     0x2000cc0c      0x1  SecTask.o [1]
  .bss               zero     0x2000cc0d      0x1  SecTask.o [1]
  .bss               zero     0x2000cc0e      0x1  SecTask.o [1]
  .bss               zero     0x2000cc0f      0x1  SecTask.o [1]
  .bss               zero     0x2000cc10      0x1  SecTask.o [1]
  .bss               zero     0x2000cc11      0x1  SecTask.o [1]
  .bss               zero     0x2000cc12      0x1  SecTask.o [1]
  .bss               zero     0x2000cc13      0x1  SecTask.o [1]
  .bss               zero     0x2000cc14      0x1  SecTask.o [1]
  .bss               zero     0x2000cc15      0x1  SecTask.o [1]
  .bss               zero     0x2000cc16      0x1  SecTask.o [1]
  .bss               zero     0x2000cc17      0x1  SecTask.o [1]
  .bss               zero     0x2000cc18      0x1  SecTask.o [1]
  .bss               zero     0x2000cc19      0x1  SecTask.o [1]
  .bss               zero     0x2000cc1a      0x1  SecTask.o [1]
  .bss               zero     0x2000cc1b      0x1  SecTask.o [1]
  .bss               zero     0x2000cc1c      0x1  SecTask.o [1]
  .bss               zero     0x2000cc1d      0x1  SecTask.o [1]
  .bss               zero     0x2000cc1e      0x1  SecTask.o [1]
  .bss               zero     0x2000cc1f      0x1  SysRes.o [1]
  .bss               zero     0x2000cc20      0x1  UsbClassSupervisor.o [1]
  .bss               zero     0x2000cc21      0x1  UsbClassSupervisor.o [1]
  .bss               zero     0x2000cc22      0x1  UsbHost.o [1]
  .bss               zero     0x2000cc23      0x1  UsbHost.o [1]
  .bss               zero     0x2000cc24      0x1  UsbHost.o [1]
  .bss               zero     0x2000cc25      0x1  UsbHost.o [1]
  .bss               zero     0x2000cc26      0x1  UsbHost.o [1]
  .bss               zero     0x2000cc27      0x1  UsbHost.o [1]
  .bss               zero     0x2000cc28      0x1  UsbHost.o [1]
  .bss               zero     0x2000cc29      0x1  UsbMassStorage.o [1]
  .bss               zero     0x2000cc2a      0x1  UsbMassStorage.o [1]
  .bss               zero     0x2000cc2b      0x1  WiringProc.o [1]
  .bss               zero     0x2000cc2c      0x1  dmac_fm3.o [1]
  .bss               zero     0x2000cc2d      0x1  dmac_fm3.o [1]
  .bss               zero     0x2000cc2e      0x1  dmac_fm3.o [1]
  .bss               zero     0x2000cc2f      0x1  dmac_fm3.o [1]
  .bss               zero     0x2000cc30      0x1  dmac_fm3.o [1]
  .bss               zero     0x2000cc31      0x1  dmac_fm3.o [1]
  .bss               zero     0x2000cc32      0x1  dmac_fm3.o [1]
  .bss               zero     0x2000cc33      0x1  dmac_fm3.o [1]
  .bss               zero     0x2000cc34      0x1  dmac_fm3.o [1]
  .bss               zero     0x2000cc35      0x1  linkcomExt.o [1]
  .bss               zero     0x2000cc36      0x1  linkcomExt.o [1]
  .bss               zero     0x2000cc37      0x1  linkcomExt.o [1]
  .bss               zero     0x2000cc38      0x1  linkcomExt.o [1]
  .bss               zero     0x2000cc39      0x1  meter645.o [1]
  .bss               zero     0x2000cc3a      0x1  meter645.o [1]
  .bss               zero     0x2000cc3b      0x1  meter645.o [1]
  .bss               zero     0x2000cc3c      0x1  meter645.o [1]
  .bss               zero     0x2000cc3d      0x1  meter645.o [1]
  .bss               zero     0x2000cc3e      0x1  meter645.o [1]
  .bss               zero     0x2000cc3f      0x1  meter645.o [1]
  .bss               zero     0x2000cc40      0x1  meter645.o [1]
  .bss               zero     0x2000cc41      0x1  os_core.o [1]
  .bss               zero     0x2000cc42      0x1  os_core.o [1]
  .bss               zero     0x2000cc43      0x1  os_core.o [1]
  .bss               zero     0x2000cc44      0x1  os_core.o [1]
  .bss               zero     0x2000cc45      0x1  os_core.o [1]
  .bss               zero     0x2000cc46      0x1  os_core.o [1]
  .bss               zero     0x2000cc47      0x1  os_core.o [1]
  .bss               zero     0x2000cc48      0x1  os_core.o [1]
  .bss               zero     0x2000cc49      0x1  os_core.o [1]
  .bss               zero     0x2000cc4a      0x1  rmotlink.o [1]
  .bss               zero     0x2000cc4b      0x1  rmotlink.o [1]
                            - 0x2000cc4c  0x1bf6c

"P2", part 3 of 3:                          0x800
  CSTACK                      0x2000cc50    0x800  <Block>
    CSTACK           uninit   0x2000cc50    0x800  <Block tail>
                            - 0x2000d450    0x800


*******************************************************************************
*** INIT TABLE
***

          Address     Size
          -------     ----
Zero (__iar_zero_init3)
    1 destination range, total size 0x1bf6c:
          0x1fff0ce0  0x1bf6c

Copy/lz77 (__iar_lz77_init3)
    1 source range, total size 0x282 (19% of destination):
          0x000444b4    0x282
    1 destination range, total size 0xcde:
          0x1fff0000    0xcde



*******************************************************************************
*** MODULE SUMMARY
***

    Module                ro code  ro data  rw data
    ------                -------  -------  -------
I:\GIT_Project\Dwin_Project\IAR\Debug\Obj: [1]
    ATT7022.o                 888                 4
    Ac7022.o               48 996       81    9 471
    AppCfg.o                  212      307      139
    AppDog.o                   66
    AutoTest.o              1 080       12        5
    Base.o                  3 240       76
    COMM.o                  1 540      224    6 609
    CarrCol.o                 652      121        5
    ChkCrc.o                  258      512
    DataItem.o                968      200      104
    Dwin.o                    778                 1
    FM24CL16.o              1 236               128
    FileTrans.o             1 480                 4
    FlashFile.o             1 492                 8
    FlashFileExt.o            624      400    6 106
    Fun.o                   3 984      232      522
    GB3761CtrlCmd.o         2 182
    GB3761GetClassI.o       1 580
    GB3761GetClassII.o      1 310
    GB3761GetPrm.o          3 014
    GB3761GetPrmExt.o         806       12
    GB3761SetPrm.o          4 516       32
    GB3761SetPrmExt.o       4 024                 5
    GB3761Trans.o           1 548       32
    GB698ActionRequest.o    2 224
    GB698GetRequest.o      20 854        4        1
    GB698ProxyRequest.o       148
    GB698SecurityTrans.o      300
    GB698SetRequest.o       1 182
    Global.o                1 518
    Guimenu.o               3 348      109       70
    GuiwinCfg.o               108       20        5
    Gw3761.o                5 088       24        6
    Gw3762.o                1 156        8        1
    Gw698.o                   776                 2
    IdleTask.o                 70             1 025
    IntProc.o                 132        1        3
    Key.o                     144                 9
    Lcd.o                   3 240             3 200
    Login.o                   340                 9
    MSecTask.o                436                 3
    MemData.o                        7 020
    MemDrv.o                3 200
    MemDrvExt.o             4 596             2 048
    MemPrm.o                         3 260
    MemTbl.o                  260    1 625    6 500
    PowerOn.o               1 328        1       30
    RX8025T.o               1 812        8        5
    Reset.o                   344                 1
    SST25F032.o             2 496             4 104
    SecTask.o               2 148        1       60
    SoftTimer.o               172
    SysRes.o                1 036      215   45 025
    Telit.o                   200       32
    TimerCount.o              144                32
    UART.o                  1 444        1        4
    UsbClassSupervisor.o      784       36       34
    UsbHost.o               5 840       42      609
    UsbInit.o                  28
    UsbMassStorage.o          312                14
    UsbSofTimeout.o           236                84
    WiringProc.o                                  1
    bt_fm3.o                  500                96
    dmac_fm3.o              3 432                41
    emac.o                    144             6 180
    emac_fm3.o                 28
    ethernetif.o                                  4
    ethnetlink.o                                 80
    io_fm3.o                1 456
    linkcomExt.o              248       57    6 892
    locallink.o                80
    main.o                     42
    meter645.o             52 092       17      688
    mfs_fm3.o                 292                64
    os_core.o               2 444      288    8 607
    os_cpu_a.o                160
    os_cpu_c.o                216                 2
    os_flag.o                  64
    os_mbox.o                 226
    os_mem.o                   64
    os_q.o                    224
    os_sem.o                  564
    os_task.o                 748
    os_time.o                 272
    os_tmr.o                  572       16
    rmotlink.o              1 118       50    5 642
    startup_mb9bf21x.o        510
    system_mb9bf21x.o         488        1        8
    tcp_out.o                  14
    uart_fm3.o                588       13       64
    udpecho.o                  20
    -----------------------------------------------
    Total:                220 524   15 090  114 364

command line: [2]
    -----------------------------------------------
    Total:

Disp.a: [3]
    Guiwin.o                2 052       16    3 462
    -----------------------------------------------
    Total:                  2 052       16    3 462

LinkCom.a: [4]
    fifo.o                    580
    linkcom.o                 606
    -----------------------------------------------
    Total:                  1 186

dl7M_tln.a: [5]
    XShttio.o                   8        1        8
    abort.o                     6
    abs.o                       8
    div.o                      14
    exit.o                      4
    low_level_init.o            4
    sprintf.o                  52
    strcat.o                   28
    vsnprint.o                 60
    xprintffull_nomb.o      3 318
    xsnprout.o                 26
    xsprout.o                  10
    -----------------------------------------------
    Total:                  3 538        1        8

m7M_tl.a: [6]
    DblAdd.o                  232
    DblCmpGe.o                 46
    DblCmpLe.o                 46
    DblDiv.o                  582
    DblMul.o                  418
    DblSub.o                  384
    DblToFlt.o                144
    DblToI32.o                 88
    FltAdd.o                  132
    FltCmpEq.o                 28
    FltCmpGe.o                 36
    FltCmpLe.o                 36
    FltDiv.o                  252
    FltMul.o                  216
    FltSub.o                  230
    FltToDbl.o                 78
    FltToS32.o                 68
    FltToU32.o                 36
    I32ToDbl.o                 48
    I32ToFlt.o                 50
    xdnorm.o                   66
    xdscale.o                 268
    -----------------------------------------------
    Total:                  3 484

rt7M_tl.a: [7]
    ABImemclr4.o                6
    ABImemcpy.o               118
    ABImemmove.o              120
    ABImemset.o               102
    ABImemset48.o              50
    I64DivMod.o               238
    I64DivZer.o                 2
    cexit.o                    10
    cmain.o                    22
    cstartup_M.o               12
    data_init.o                40
    lz77_init.o               420
    memchr.o                   88
    memcmp.o                   98
    strchr.o                   22
    strcmp.o                   66
    strcpy.o                   68
    strlen.o                   54
    zero_init3.o               34
    -----------------------------------------------
    Total:                  1 570

shb_l.a: [8]
    exit.o                     20
    iarttio.o                  48
    -----------------------------------------------
    Total:                     68

    Gaps                       25        8
    Linker created                      44    2 048
---------------------------------------------------
    Grand Total:          232 447   15 159  119 882


*******************************************************************************
*** ENTRY LIST
***

Entry                      Address    Size  Type      Object
-----                      -------    ----  ----      ------
?main                   0x00043f35          Code  Gb  cmain.o [7]
ACMinCalcProc           0x0002349f    0x54  Code  Gb  Ac7022.o [1]
ADC0_IRQHandler         0x0004445d          Code  Wk  startup_mb9bf21x.o [1]
ADC1_IRQHandler         0x00044461          Code  Wk  startup_mb9bf21x.o [1]
ADC2_IRQHandler         0x00044465          Code  Wk  startup_mb9bf21x.o [1]
ADC_init                0x00026e27   0x130  Code  Gb  Global.o [1]
ATT7022Init             0x00017c47     0x8  Code  Gb  ATT7022.o [1]
ATT7022RegRead          0x00017c79    0xf6  Code  Gb  ATT7022.o [1]
ATT7022RegWrite         0x00017d6f    0x42  Code  Gb  ATT7022.o [1]
ATT7022Reset            0x00017c4f    0x2a  Code  Gb  ATT7022.o [1]
AcCalDataInit           0x00017f95    0x7a  Code  Gb  Ac7022.o [1]
AcCalaClrProc           0x0001c95d   0x13c  Code  Gb  Ac7022.o [1]
AcCalcBaseReal          0x0001b03d   0xa0c  Code  Gb  Ac7022.o [1]
AcCalcClrDemandEve      0x00020e31   0x170  Code  Gb  Ac7022.o [1]
AcCalcClrEventEve       0x000213c1    0x76  Code  Gb  Ac7022.o [1]
AcCalcClrMeterEve       0x00020a1d   0x1ce  Code  Gb  Ac7022.o [1]
AcCalcCurrentFailure    0x0001eac5   0x56c  Code  Gb  Ac7022.o [1]
AcCalcDJData            0x00023441    0x5e  Code  Gb  Ac7022.o [1]
AcCalcDataInitProc      0x00020beb   0x224  Code  Gb  Ac7022.o [1]
AcCalcDayDataRdyProc    0x0002370f   0x1c4  Code  Gb  Ac7022.o [1]
AcCalcDemInitProc       0x000212a5   0x114  Code  Gb  Ac7022.o [1]
AcCalcDemand            0x00022e29   0x618  Code  Gb  Ac7022.o [1]
AcCalcEMUCfgConst       0x00014be1    0x6e  Code  Gb  meter645.o [1]
AcCalcEnergy            0x0001ba5d   0xc20  Code  Gb  Ac7022.o [1]
AcCalcEventInitProc     0x00021437   0x11c  Code  Gb  Ac7022.o [1]
AcCalcEventProc         0x0001c68d   0x2c6  Code  Gb  Ac7022.o [1]
AcCalcInit              0x000185b5    0x52  Code  Gb  Ac7022.o [1]
AcCalcJbParamInit       0x000181e9   0x1ac  Code  Gb  Ac7022.o [1]
AcCalcJust7022          0x00018395   0x220  Code  Gb  Ac7022.o [1]
AcCalcJustData1         0x00018671    0xec  Code  Gb  Ac7022.o [1]
AcCalcJustData2         0x0001875d    0x9e  Code  Gb  Ac7022.o [1]
AcCalcJustData3         0x00018801    0xec  Code  Gb  Ac7022.o [1]
AcCalcJustData4         0x000188f1    0xe2  Code  Gb  Ac7022.o [1]
AcCalcJustData5         0x000189e1    0xe2  Code  Gb  Ac7022.o [1]
AcCalcJustData6         0x00018ac9    0xe4  Code  Gb  Ac7022.o [1]
AcCalcJustPluse         0x00014b3d    0xa4  Code  Gb  meter645.o [1]
AcCalcJustPluseConst    0x00014a85    0xb8  Code  Gb  meter645.o [1]
AcCalcLossOfCurrent     0x0001e4b5   0x602  Code  Gb  Ac7022.o [1]
AcCalcLossOfPhase       0x0001e01d   0x488  Code  Gb  Ac7022.o [1]
AcCalcLossOfVoltage     0x0001d06d   0x532  Code  Gb  Ac7022.o [1]
AcCalcMeterPrmChanEve   0x00023c19     0x2  Code  Gb  Ac7022.o [1]
AcCalcMonDataRdyProc    0x000238d3   0x18c  Code  Gb  Ac7022.o [1]
AcCalcNoVoltage         0x0001cdd7   0x1b0  Code  Gb  Ac7022.o [1]
AcCalcOverOfCurrent     0x0001f045   0x580  Code  Gb  Ac7022.o [1]
AcCalcOverVoltage       0x0001dad5   0x536  Code  Gb  Ac7022.o [1]
AcCalcOverload          0x0001fb49   0x5f4  Code  Gb  Ac7022.o [1]
AcCalcPerChanged        0x0002262d   0x7f4  Code  Gb  Ac7022.o [1]
AcCalcPerDataRdyProc    0x0002366d    0xa2  Code  Gb  Ac7022.o [1]
AcCalcPowerFail         0x0001cf87    0xde  Code  Gb  Ac7022.o [1]
AcCalcProc              0x00018607    0x6a  Code  Gb  Ac7022.o [1]
AcCalcRDayDataRdyProc   0x00023a5f   0x1b2  Code  Gb  Ac7022.o [1]
AcCalcRead7022          0x00018bc1  0x245e  Code  Gb  Ac7022.o [1]
AcCalcReadValid         0x00021579   0x1ea  Code  Gb  Ac7022.o [1]
AcCalcReflow            0x0001f5cd   0x566  Code  Gb  Ac7022.o [1]
AcCalcUnderVoltage      0x0001d5ad   0x51a  Code  Gb  Ac7022.o [1]
AcCalcVoltPhaseErr      0x0001cae7   0x2f0  Code  Gb  Ac7022.o [1]
AcColTask               0x00017ee9    0x20  Code  Gb  Ac7022.o [1]
AcDayDataClr            0x0001ca99    0x4e  Code  Gb  Ac7022.o [1]
AcDayDataMakeAndStore   0x00016391   0x126  Code  Gb  Fun.o [1]
AcDayDataMakeAndStoreProc
                        0x000164bd    0x2e  Code  Gb  Fun.o [1]
AcEnergyInit            0x00026865    0x2c  Code  Gb  Reset.o [1]
AcEventTime             0x2000ca10    0x18  Data  Gb  Ac7022.o [1]
AcMinFreezeDataRdyProc  0x000234f3   0x17a  Code  Gb  Ac7022.o [1]
AcPrmPrmInit            0x00026741    0xe4  Code  Gb  Reset.o [1]
AcRealDataMakeAndStore  0x00016141   0x20e  Code  Gb  Fun.o [1]
AcRealDataMakeAndStoreProc
                        0x00016359    0x2e  Code  Gb  Fun.o [1]
Ack                     0x0003575d    0x40  Code  Lc  FM24CL16.o [1]
Ack                     0x00037bf5    0x3e  Code  Lc  RX8025T.o [1]
ActiveEndpoint          0x2000cb08     0x4  Data  Gb  UsbHost.o [1]
Addr_Read               0x00037e1d    0xa6  Code  Lc  RX8025T.o [1]
Addr_Write              0x00037d6d    0x7c  Code  Lc  RX8025T.o [1]
AllCommInit             0x000159f9    0x42  Code  Gb  Fun.o [1]
AnchorFault             0x000166e7     0x2  Code  Gb  Fun.o [1]
AppDogProc              0x00042719    0x42  Code  Gb  AppDog.o [1]
AreaRunGet              0x00015c4d    0x2e  Code  Gb  Fun.o [1]
AreaRunGetExt           0x000385a3    0x2c  Code  Lc  AppCfg.o [1]
AreaStringMake          0x00038565    0x3e  Code  Gb  AppCfg.o [1]
Ascend                  0x2000cbe9     0x1  Data  Gb  Gw3761.o [1]
AsynCommInit            0x00015a3b    0xf6  Code  Gb  Fun.o [1]
AutoDispInit            0x00028179    0x32  Code  Lc  Guiwin.o [3]
AutoTestProc1           0x00039ec7    0xa4  Code  Gb  AutoTest.o [1]
BAK_stat                0x00015f77    0x54  Code  Gb  Fun.o [1]
BCD2Dec                 0x000270b5    0x1e  Code  Gb  Global.o [1]
BCD2INT32U              0x000150a1    0x6a  Code  Gb  Base.o [1]
BT8_15_IRQHandler       0x000444ad          Code  Wk  startup_mb9bf21x.o [1]
BTIrqHandler            0x0003877d    0x94  Code  Lc  bt_fm3.o [1]
BT_IRQHandler           0x00038755    0x28  Code  Gb  bt_fm3.o [1]
BT_RTEnableCount        0x0003872d    0x28  Code  Gb  bt_fm3.o [1]
BT_RTEnableUnderflowInt
                        0x000386cd    0x38  Code  Gb  bt_fm3.o [1]
BT_RTInit               0x00038635    0x98  Code  Gb  bt_fm3.o [1]
BT_RTStartSoftTrig      0x00038705    0x28  Code  Gb  bt_fm3.o [1]
BackupAcData            0x00020fa1   0x300  Code  Gb  Ac7022.o [1]
BaseBufRecv             0x00027d29    0x78  Code  Lc  rmotlink.o [1]
[...]
g_SimLoadSwitchAcFlag   0x2000cbb2     0x1  Data  Gb  Ac7022.o [1]
g_SimMeterCoverFlag     0x2000cc3b     0x1  Data  Gb  meter645.o [1]
g_SimMeterCoverTimeBuf  0x2000caac     0x8  Data  Gb  meter645.o [1]
g_SimMeterPasswordFlag  0x2000cc3d     0x1  Data  Gb  meter645.o [1]
g_SimMeterSwitchOnFlag  0x2000cbb0     0x1  Data  Gb  Ac7022.o [1]
g_SimMeterTripFlag      0x2000cbae     0x1  Data  Gb  Ac7022.o [1]
g_SimOCPTrbFlag         0x2000cbba     0x1  Data  Gb  Ac7022.o [1]
g_SimPowerAbnlFlag      0x2000cbb4     0x1  Data  Gb  Ac7022.o [1]
g_ZBPortFault           0x2000cc11     0x1  Data  Gb  SecTask.o [1]
g_bAcInitFail           0x2000cbc7     0x1  Data  Gb  Ac7022.o [1]
g_nACDX                 0x00043c98    0x38  Data  Gb  DataItem.o [1]
g_nACDYNX               0x00043e2c    0x24  Data  Gb  DataItem.o [1]
g_nACSL                 0x00043cd0    0x34  Data  Gb  DataItem.o [1]
g_nACSY                 0x00043c60    0x38  Data  Gb  DataItem.o [1]
g_nAcCalPrmInitFlg      0x2000cbf8     0x1  Data  Gb  PowerOn.o [1]
g_nAcEventBuf           0x2000c2d4   0x100  Data  Gb  meter645.o [1]
g_nAcPulseConst         0x2000cad4     0x4  Data  Gb  PowerOn.o [1]
g_nAsyFlg               0x2000cc40     0x1  Data  Gb  meter645.o [1]
g_nAsynSeq              0x2000cbe8     0x1  Data  Lc  Gw3761.o [1]
g_nAutoDisp             0x20004660   0x9c4  Data  Lc  Guiwin.o [3]
g_nAutoDispRowIdx       0x2000cbac     0x2  Data  Lc  Guiwin.o [3]
g_nAutoTestFlg          0x2000cbc9     0x1  Data  Gb  AppCfg.o [1]
g_nAutoTestFlg1         0x2000cc0e     0x1  Data  Gb  SecTask.o [1]
g_nAutoTime             0x2000cbff     0x1  Data  Gb  SecTask.o [1]
g_nBackColour           0x2000cb96     0x2  Data  Gb  GuiwinCfg.o [1]
g_nBaudArray            0x00043edc    0x20  Data  Gb  GB3761Trans.o [1]
g_nBlkInfo              0x1fff0000   0x804  Data  Gb  FlashFileExt.o [1]
g_nCarrErrFlg           0x2000cbda     0x1  Data  Gb  GB3761SetPrmExt.o [1]
g_nCarrInitFlg          0x2000cbd2     0x1  Data  Gb  CarrCol.o [1]
g_nCarrModType          0x2000cbcf     0x1  Data  Gb  CarrCol.o [1]
g_nCarrZbSelFlg         0x2000cbd0     0x1  Data  Gb  CarrCol.o [1]
g_nCharBitArray         0x00023e9e     0x2  Data  Gb  Guimenu.o [1]
g_nCharDispFrm          0x000240e6     0x2  Data  Gb  Guimenu.o [1]
g_nCharHeight           0x000258d3     0x1  Data  Gb  GuiwinCfg.o [1]
g_nCharWide             0x000258d2     0x1  Data  Gb  GuiwinCfg.o [1]
g_nClntCommBuf2         0x200072b4   0x5a0  Data  Lc  rmotlink.o [1]
g_nCmt                  0x2000cbf0     0x1  Data  Gb  Key.o [1]
g_nCntFlgs              0x2000cbcd     0x1  Data  Gb  AutoTest.o [1]
g_nCurrFileIdx          0x2000cbd4     0x1  Data  Lc  FlashFileExt.o [1]
g_nCycelCnt             0x2000cb94     0x2  Data  Gb  Fun.o [1]
g_nDispErr              0x2000cbd5     0x1  Data  Gb  Fun.o [1]
g_nDispTaskArg          0x2000cc1f     0x1  Data  Lc  SysRes.o [1]
g_nDltSetDayBuf         0x20008e00   0x400  Data  Gb  IdleTask.o [1]
g_nDrawColour           0x1fff0cce     0x2  Data  Gb  GuiwinCfg.o [1]
g_nErrBuf               0x1fff0ccc     0x2  Data  Gb  AutoTest.o [1]
g_nFileGroadFlg         0x2000cbed     0x1  Data  Gb  Gw3761.o [1]
g_nFlashFileBaseAddr    0x1fff0c98     0x4  Data  Gb  FlashFileExt.o [1]
g_nFlashFileOffset      0x2000cac8     0x4  Data  Lc  FlashFile.o [1]
g_nFlashFileSaveType    0x1fff0cd4     0x1  Data  Gb  FlashFileExt.o [1]
g_nFlashFileSize        0x2000cac4     0x4  Data  Lc  FlashFile.o [1]
g_nFlg                  0x2000cbfe     0x1  Data  Gb  SecTask.o [1]
g_nFlg2                 0x2000cc0f     0x1  Data  Gb  SecTask.o [1]
g_nFlgIa                0x2000cc04     0x1  Data  Gb  SecTask.o [1]
g_nFlgIb                0x2000cc05     0x1  Data  Gb  SecTask.o [1]
g_nFlgIc                0x2000cc06     0x1  Data  Gb  SecTask.o [1]
g_nFlgProt              0x2000cc0b     0x1  Data  Gb  SecTask.o [1]
g_nFlgProt1             0x2000cc0c     0x1  Data  Gb  SecTask.o [1]
g_nFlgReBoot            0x2000cc14     0x1  Data  Gb  SecTask.o [1]
g_nFlgUa                0x2000cc00     0x1  Data  Gb  SecTask.o [1]
g_nFlgUb                0x2000cc01     0x1  Data  Gb  SecTask.o [1]
g_nFlgUc                0x2000cc02     0x1  Data  Gb  SecTask.o [1]
g_nFlgVoltPhase         0x2000cc03     0x1  Data  Gb  SecTask.o [1]
g_nFlg_Alarm            0x2000cc09     0x1  Data  Gb  SecTask.o [1]
g_nFlg_Commu            0x2000cc07     0x1  Data  Gb  SecTask.o [1]
g_nFlg_Commu2           0x2000cc08     0x1  Data  Gb  SecTask.o [1]
g_nFlg_Disp             0x2000cc0d     0x1  Data  Gb  SecTask.o [1]
g_nFlg_Pro              0x2000cc0a     0x1  Data  Gb  SecTask.o [1]
g_nFlgnRateNo           0x2000cc10     0x1  Data  Gb  SecTask.o [1]
g_nFrmCom1Buf           0x2000cc35     0x1  Data  Lc  linkcomExt.o [1]
g_nFrmCom2Buf           0x2000cc36     0x1  Data  Lc  linkcomExt.o [1]
g_nFrmCom4Buf           0x2000cc38     0x1  Data  Lc  linkcomExt.o [1]
g_nFrmComIrBuf          0x2000cc37     0x1  Data  Lc  linkcomExt.o [1]
g_nFrmlen               0x1fff0cd0     0x2  Data  Gb  meter645.o [1]
g_nGprsLedFlg           0x2000cbdd     0x1  Data  Gb  GB3761SetPrmExt.o [1]
g_nGprsWatchFlg         0x2000cbeb     0x1  Data  Gb  Gw3761.o [1]
g_nGw3761SendBuf        0x20009a00   0x400  Data  Gb  linkcomExt.o [1]
g_nGw3762Seq            0x2000cbee     0x1  Data  Lc  Gw3762.o [1]
g_nHardNo               0x2000cbca     0x1  Data  Gb  AppCfg.o [1]
g_nHardType             0x1fff0ca4     0x4  Data  Gb  PowerOn.o [1]
g_nHaveBottom           0x0003081e     0x1  Data  Gb  GuiwinCfg.o [1]
g_nHaveFrame            0x0002b207     0x1  Data  Gb  GuiwinCfg.o [1]
g_nHaveHead             0x0003037f     0x1  Data  Gb  GuiwinCfg.o [1]
g_nHeadLen              0x2000cb98     0x2  Data  Gb  Gw698.o [1]
g_nHeight               0x00024316     0x2  Data  Gb  GuiwinCfg.o [1]
g_nImMeterSeq           0x2000c924    0x28  Data  Lc  DataItem.o [1]
g_nInitType             0x2000cbfb     0x1  Data  Gb  Reset.o [1]
g_nIoBuf                0x2000cad0     0x4  Data  Gb  Login.o [1]
g_nIoSetFlg             0x2000cbf1     0x1  Data  Gb  Login.o [1]
g_nKeyMSecTimer         0x1fff0cd7     0x1  Data  Lc  IntProc.o [1]
g_nKeyTestFlg           0x1fff0cda     0x1  Data  Gb  Login.o [1]
g_nKeyValue             0x2000cbf4     0x1  Data  Gb  Login.o [1]
g_nLinkType             0x2000cc4a     0x1  Data  Lc  rmotlink.o [1]
g_nMSecTimer            0x1fff0cd8     0x1  Data  Lc  IntProc.o [1]
g_nMaxRowSheets         0x000270f6     0x1  Data  Gb  GuiwinCfg.o [1]
g_nMemAddr              0x2000ca6c     0x8  Data  Gb  PowerOn.o [1]
g_nMemClearBuf          0x20009600   0x400  Data  Lc  MemDrvExt.o [1]
g_nMemDataBuf           0x2000ad78   0x200  Data  Gb  Fun.o [1]
g_nMemDrvBuf            0x20009200   0x400  Data  Lc  MemDrvExt.o [1]
g_nMemProductAddr       0x2000ca74     0x8  Data  Gb  PowerOn.o [1]
g_nMeterBlock           0x2000cabc     0x4  Data  Lc  DataItem.o [1]
g_nMeterMp              0x2000c8fc    0x28  Data  Lc  DataItem.o [1]
g_nMeterRdFlags         0x2000ca28    0x14  Data  Lc  DataItem.o [1]
g_nModl                 0x1fff0cd3     0x1  Data  Gb  CarrCol.o [1]
g_nModlType             0x2000cc4b     0x1  Data  Lc  rmotlink.o [1]
g_nNodeAddFlg           0x2000cbd1     0x1  Data  Gb  CarrCol.o [1]
g_nOneKeyRecFlg         0x2000cc39     0x1  Data  Gb  meter645.o [1]
g_nParityArray          0x000443d4     0x4  Data  Gb  Guimenu.o [1]
g_nPlusCnt              0x2000cbf2     0x1  Data  Gb  Login.o [1]
g_nPlusValue            0x2000cbf3     0x1  Data  Gb  Login.o [1]
g_nProtectFlg           0x1fff0cd6     0x1  Data  Lc  GuiwinCfg.o [1]
g_nRemotCtrlFlg         0x2000cbdc     0x1  Data  Gb  GB3761SetPrmExt.o [1]
g_nReservHeight         0x0003037e     0x1  Data  Gb  GuiwinCfg.o [1]
g_nRs485ErrFlg          0x2000cbdb     0x1  Data  Gb  GB3761SetPrmExt.o [1]
g_nScreenBuf            0x2000181c   0xc80  Data  Gb  Lcd.o [1]
g_nSecTimer             0x1fff0cd9     0x1  Data  Lc  IntProc.o [1]
g_nSetCtrlcurFlg        0x2000cc3e     0x1  Data  Gb  meter645.o [1]
g_nSetDayDataFlg        0x2000cbef     0x1  Data  Gb  IdleTask.o [1]
g_nSetShortcurFlg       0x2000cc3f     0x1  Data  Gb  meter645.o [1]
g_nShowHex              0x2000cbe0     0x1  Data  Gb  Guimenu.o [1]
g_nSignalErrFlg         0x2000cbd9     0x1  Data  Gb  GB3761SetPrmExt.o [1]
g_nSrvcCommBuf2         0x20007854   0x5a0  Data  Lc  rmotlink.o [1]
g_nStopBitArray         0x00017842     0x2  Data  Gb  Guimenu.o [1]
g_nSuperPwd             0x1fff0cbc     0x4  Data  Gb  meter645.o [1]
g_nSynBaseCharBit       0x1fff0cd5     0x1  Data  Gb  Guimenu.o [1]
g_nSynBaseStopBit       0x2000cbdf     0x1  Data  Gb  Guimenu.o [1]
g_nSynUartBPS           0x2000cbd7     0x1  Data  Lc  Fun.o [1]
g_nSynUartMode          0x2000cbd6     0x1  Data  Lc  Fun.o [1]
g_nSynUartParity        0x2000cbd8     0x1  Data  Lc  Fun.o [1]
g_nTask10MSecStk        0x2000af78   0x200  Data  Lc  SysRes.o [1]
g_nTaskAcColStk         0x1fff0ce0  0x2000  Data  Lc  SysRes.o [1]
g_nTaskBleLinkStk       0x1fffab8c  0x1800  Data  Lc  SysRes.o [1]
g_nTaskCarrCol2Stk      0x1fffc38c  0x1800  Data  Lc  SysRes.o [1]
g_nTaskDispStk          0x2000249c   0xc00  Data  Lc  SysRes.o [1]
g_nTaskIdleStk          0x2000309c   0xc00  Data  Lc  SysRes.o [1]
g_nTaskLocalLink2Stk    0x1fff938c  0x1800  Data  Lc  SysRes.o [1]
g_nTaskLocalLinkStk     0x1fff7b8c  0x1800  Data  Lc  SysRes.o [1]
g_nTaskMSecStk          0x2000b178   0x200  Data  Lc  SysRes.o [1]
g_nTaskSecStk           0x1fffeb8c  0x1000  Data  Lc  SysRes.o [1]
g_nTestStep             0x2000cbcb     0x1  Data  Gb  AutoTest.o [1]
g_nTotalCommBuf         0x20003c9c   0x9c4  Data  Lc  rmotlink.o [1]
g_nTripFistFlg          0x2000cb92     0x2  Data  Gb  Fun.o [1]
g_nTurnSwitckCnt        0x2000cb90     0x2  Data  Gb  Fun.o [1]
g_nUartArray            0x000442f0     0x8  Data  Gb  Guimenu.o [1]
g_nUartBpsArray         0x00043d04    0x34  Data  Gb  Guimenu.o [1]
g_nUartBpsflg           0x1fff0cdb     0x1  Data  Gb  SecTask.o [1]
g_nUpRecvCom1Buf        0x200061ec   0x864  Data  Lc  linkcomExt.o [1]
g_nUpRecvCom2Buf        0x20006a50   0x864  Data  Lc  linkcomExt.o [1]
g_nUpRecvCom4Buf        0x2000c1d4   0x100  Data  Lc  linkcomExt.o [1]
g_nUpRecvComIrBuf       0x20009e00   0x400  Data  Lc  linkcomExt.o [1]
g_nVolt                 0x2000cad8     0x4  Data  Gb  PowerOn.o [1]
g_nWide                 0x0002428a     0x2  Data  Gb  GuiwinCfg.o [1]
g_pFlashFiles           0x1fff0b58    0x60  Data  Gb  AppCfg.o [1]
g_pKeySamp              0x1fff0c9c     0x4  Data  Gb  Key.o [1]
g_pMBox                 0x2000ca8c     0x8  Data  Gb  SysRes.o [1]
g_pMFSIRQCallback       0x2000c704    0x40  Data  Gb  mfs_fm3.o [1]
g_pMem                  0x1fff0ca0     0x4  Data  Gb  MemTbl.o [1]
g_pParam                0x1fff0cac     0x4  Data  Gb  SysRes.o [1]
g_pQueue                0x2000caec     0x4  Data  Gb  SysRes.o [1]
g_pQueueMsg             0x2000caf0     0x4  Data  Gb  SysRes.o [1]
g_pRmotValClr           0x1fff0cc4     0x4  Data  Gb  rmotlink.o [1]
g_pRomtParm             0x1fff0cc0     0x4  Data  Gb  rmotlink.o [1]
g_pSem                  0x2000c58c    0x74  Data  Gb  SysRes.o [1]
g_pSysTime              0x1fff0ca8     0x4  Data  Gb  SecTask.o [1]
g_pTimer                0x1fff0cb0     0x4  Data  Gb  TimerCount.o [1]
g_pflagcount            0x2000cbc4     0x1  Data  Gb  Ac7022.o [1]
g_sACBackDataOff        0x000417a4   0x334  Data  Gb  MemData.o [1]
g_sACBackFlhDataOff     0x00040104   0x8d4  Data  Gb  MemData.o [1]
g_sACEvtDataOff         0x00040f48   0x44c  Data  Gb  MemData.o [1]
g_sACHistDataOff        0x000436d8    0xb4  Data  Gb  MemData.o [1]
g_sACInstDataOff        0x00043b38    0x3c  Data  Gb  MemData.o [1]
g_sACRealBackOff        0x00043624    0xb4  Data  Gb  MemData.o [1]
g_sACRealDataOff        0x00042950   0x17c  Data  Gb  MemData.o [1]
g_sAcCalPrmOff          0x00041ad8   0x294  Data  Gb  MemPrm.o [1]
g_sAcPrmOff             0x00041394   0x410  Data  Gb  MemPrm.o [1]
g_sAreaCfg              0x00043c28    0x38  Data  Gb  AppCfg.o [1]
g_sAreaString           0x2000c8d4    0x28  Data  Gb  AppCfg.o [1]
g_sAutoDisp             0x2000a200   0x3c0  Data  Lc  Guiwin.o [3]
g_sCarrModeInfo         0x00043978    0x78  Data  Gb  CarrCol.o [1]
g_sClntBaseBuf2         0x1fff0c68    0x10  Data  Lc  rmotlink.o [1]
g_sComCfg               0x000439f0    0x60  Data  Gb  Fun.o [1]
g_sCommCfgStruct        0x000433b4    0xe0  Data  Gb  COMM.o [1]
g_sCtrlOff              0x0004378c    0xb4  Data  Gb  MemPrm.o [1]
g_sEnetStateClr         0x2000c6b4    0x50  Data  Gb  ethnetlink.o [1]
g_sExtOff               0x00043ddc    0x28  Data  Gb  MemPrm.o [1]
g_sFlashFile            0x1ffffb8c   0xfd0  Data  Gb  FlashFileExt.o [1]
g_sGrpOff               0x000432c4    0xf0  Data  Gb  MemPrm.o [1]
g_sKeySamp              0x2000cacc     0x4  Data  Gb  Key.o [1]
g_sLinkCom              0x1fff0994   0x120  Data  Gb  linkcomExt.o [1]
g_sMem                  0x1fff4a08  0x1960  Data  Lc  MemTbl.o [1]
g_sMeterOff             0x00043b74    0x3c  Data  Gb  MemPrm.o [1]
g_sMeterTypeIIOff       0x00043db4    0x28  Data  Gb  MemPrm.o [1]
g_sMeterTypeIOff        0x00043d8c    0x28  Data  Gb  MemPrm.o [1]
g_sMpCrvDataOff         0x000430c0   0x104  Data  Gb  MemData.o [1]
g_sMpDayDataOff         0x00042acc   0x140  Data  Gb  MemData.o [1]
g_sMpMonDataOff         0x00042c0c   0x140  Data  Gb  MemData.o [1]
g_sMpRDayDataOff        0x000438ec    0x8c  Data  Gb  MemData.o [1]
g_sMpRealDataOff        0x00042398   0x1cc  Data  Gb  MemData.o [1]
g_sOtherPrmOff          0x00041d6c   0x244  Data  Gb  MemPrm.o [1]
g_sParam                0x2000ca50    0x10  Data  Gb  SysRes.o [1]
g_sRdMeterOff           0x00043d64    0x28  Data  Gb  MemPrm.o [1]
g_sRmotValClr           0x2000c94c    0x28  Data  Lc  rmotlink.o [1]
g_sRomtParm             0x1fff0ab4    0xa4  Data  Lc  rmotlink.o [1]
g_sSrvcBaseBuf2         0x1fff0c78    0x10  Data  Lc  rmotlink.o [1]
g_sSysTime              0x2000ca7c     0x8  Data  Gb  SecTask.o [1]
g_sTaskCreateTbl        0x1fff0804   0x190  Data  Gb  SysRes.o [1]
g_sTaskIIOff            0x00043bec    0x3c  Data  Gb  MemPrm.o [1]
g_sTaskIOff             0x00043bb0    0x3c  Data  Gb  MemPrm.o [1]
g_sTaskUserData         0x2000b978   0x1b8  Data  Gb  SysRes.o [1]
g_sTblMem               0x000409d8   0x570  Data  Gb  MemTbl.o [1]
g_sTermCommOff          0x00043494    0xdc  Data  Gb  MemPrm.o [1]
g_sTimer                0x2000c9f4    0x1c  Data  Lc  TimerCount.o [1]
g_sTotalBaseBuf         0x1fff0c58    0x10  Data  Lc  rmotlink.o [1]
g_sXFlhDataOff          0x00043570    0xb4  Data  Gb  MemData.o [1]
g_sXFramDataOff         0x00043a50    0x50  Data  Gb  MemData.o [1]
g_sXRamDataOff          0x00042fa8   0x118  Data  Gb  MemData.o [1]
getCrcProc              0x00017249    0x26  Code  Gb  ChkCrc.o [1]
gs_nRomtPrintFlg        0x2000cbc8     0x1  Data  Lc  AppCfg.o [1]
irqn                    0x2000cc2c     0x1  Data  Gb  dmac_fm3.o [1]
main                    0x00043d39    0x2a  Code  Gb  main.o [1]
memchr                  0x0003dedd          Code  Gb  memchr.o [7]
memcmp                  0x00015955          Code  Gb  memcmp.o [7]
memcmp2                 0x00014d79    0x26  Code  Gb  Base.o [1]
memcpy                  0x00014c9f     0xe  Code  Gb  tcp_out.o [1]
memmove                 0x00014c7d     0xe  Code  Gb  rmotlink.o [1]
memset                  0x00014c8b    0x14  Code  Gb  udpecho.o [1]
nAcTmpBuf               0x20008a00   0x400  Data  Gb  Ac7022.o [1]
nPulTable               0x1fff0bb8    0x24  Data  Gb  Ac7022.o [1]
nVersion                0x2000cac0     0x4  Data  Gb  FileTrans.o [1]
nWuCh                   0x2000cbc5     0x1  Data  Gb  Ac7022.o [1]
nZFWuCh                 0x2000cbc6     0x1  Data  Gb  Ac7022.o [1]
n_RSDSelector9flg       0x2000cbde     0x1  Data  Gb  GB698GetRequest.o [1]
pDataTable              0x1fff0c90     0x4  Data  Gb  Ac7022.o [1]
pMFS_UART_REG_07        0x1fff0c00    0x20  Data  Lc  uart_fm3.o [1]
pMFS_UART_REG_47        0x1fff0c20    0x20  Data  Lc  uart_fm3.o [1]
pSavDataTable           0x1fff0c94     0x4  Data  Gb  Ac7022.o [1]
pUsbSOFHandler          0x2000cb3c     0x4  Data  Gb  UsbSofTimeout.o [1]
pu8Configuration        0x2000caf4     0x4  Data  Gb  UsbClassSupervisor.o [1]
pu8GlobalBuffer         0x2000c0d4   0x100  Data  Gb  UsbHost.o [1]
pu8SetupData            0x2000cb1c     0x4  Data  Gb  UsbHost.o [1]
sDataTable              0x1fff2ce0  0x1d28  Data  Gb  Ac7022.o [1]
sSavDataTable           0x2000a5c0   0x374  Data  Gb  Ac7022.o [1]
second1                 0x2000cc16     0x1  Data  Gb  SecTask.o [1]
second2                 0x2000cc17     0x1  Data  Gb  SecTask.o [1]
second3                 0x2000cc18     0x1  Data  Gb  SecTask.o [1]
second4                 0x2000cc19     0x1  Data  Gb  SecTask.o [1]
second5                 0x2000cc1a     0x1  Data  Gb  SecTask.o [1]
sendDataToLCD           0x00025b5d    0x24  Code  Gb  Guimenu.o [1]
sprintf                 0x00027251    0x34  Code  Gb  sprintf.o [5]
stcClearStallEp0        0x000443b0     0x8  Data  Gb  UsbHost.o [1]
stcDeviceDescriptorRequest
                        0x000443a0     0x8  Data  Gb  UsbHost.o [1]
stcLastSetup            0x2000ca94     0x8  Data  Gb  UsbHost.o [1]
stcLastSetupBeforeStall
                        0x2000ca9c     0x8  Data  Gb  UsbHost.o [1]
stcMatchClass           0x2000ca3c    0x14  Data  Gb  UsbClassSupervisor.o [1]
stcShortDeviceDescriptorRequest
                        0x000443a8     0x8  Data  Gb  UsbHost.o [1]
stcUsbTimeOutHandler    0x2000c664    0x50  Data  Gb  UsbSofTimeout.o [1]
strcat                  0x00026725    0x1c  Code  Gb  strcat.o [5]
strchr                  0x0003dec5          Code  Gb  strchr.o [7]
strcmp                  0x0003dced          Code  Gb  strcmp.o [7]
strcpy                  0x0003aac9          Code  Gb  strcpy.o [7]
strlen                  0x00027285          Code  Gb  strlen.o [7]
tMFS_UARTFIFOConfigT    0x1fff0cb4     0x4  Data  Lc  UART.o [1]
u16MaxPackageSizeIN     0x2000cb9a     0x2  Data  Lc  UsbMassStorage.o [1]
u16MaxPackageSizeOUT    0x2000cb9c     0x2  Data  Lc  UsbMassStorage.o [1]
u32BusResetTimeout      0x2000cb10     0x4  Data  Gb  UsbHost.o [1]
u32ConTimeout           0x2000cb0c     0x4  Data  Gb  UsbHost.o [1]
u32ConfigurationSize    0x2000caf8     0x4  Data  Gb  UsbClassSupervisor.o [1]
u32ConnectionDelay      0x1fff0cb8     0x4  Data  Gb  UsbHost.o [1]
u8CurrentEndpointPosition
                        0x1fff0cdd     0x1  Data  Gb  UsbHost.o [1]
u8DeviceAddress         0x2000cc22     0x1  Data  Gb  UsbHost.o [1]
u8DeviceStatus          0x1fff0cdc     0x1  Data  Gb  UsbHost.o [1]
u8EndpointIN            0x2000cc29     0x1  Data  Lc  UsbMassStorage.o [1]
u8EndpointListEnd       0x2000cc24     0x1  Data  Gb  UsbHost.o [1]
u8EndpointOUT           0x2000cc2a     0x1  Data  Lc  UsbMassStorage.o [1]
u8EnumerationCounter    0x2000cc23     0x1  Data  Gb  UsbHost.o [1]
u8LastToken             0x2000cc27     0x1  Data  Gb  UsbHost.o [1]
u8SchedulerState        0x2000cc28     0x1  Data  Gb  UsbHost.o [1]
u8Setup                 0x2000caa4     0x8  Data  Gb  UsbHost.o [1]
u8SetupDelay            0x2000cc26     0x1  Data  Gb  UsbHost.o [1]
u8SupervisorState       0x2000cc20     0x1  Data  Gb  UsbClassSupervisor.o [1]
u8SyncToken             0x2000cc25     0x1  Data  Gb  UsbHost.o [1]
updateHomePage          0x00025b81   0x572  Code  Gb  Guimenu.o [1]
updateLCDDisplay        0x00025b1f    0x3c  Code  Gb  Guimenu.o [1]
vsnprintf               0x0003aa8d    0x3c  Code  Gb  vsnprint.o [5]
wiringStatusBitmap      0x2000cc2b     0x1  Data  Gb  WiringProc.o [1]
xmemcpy                 0x0003fcf5    0x14  Code  Gb  UsbHost.o [1]
xmemset                 0x0003fce5    0x10  Code  Gb  UsbHost.o [1]


[1] = I:\GIT_Project\Dwin_Project\IAR\Debug\Obj
[2] = command line
[3] = Disp.a
[4] = LinkCom.a
[5] = dl7M_tln.a
[6] = m7M_tl.a
[7] = rt7M_tl.a
[8] = shb_l.a

  232 447 bytes of readonly  code memory
   15 159 bytes of readonly  data memory
  119 882 bytes of readwrite data memory

Errors: none
Warnings: none
